Archive member included to satisfy reference by file (symbol)

app/libapp.a(main.c.obj)      (--whole-archive)
zephyr/libzephyr.a(isr_tables.c.obj)
                              (--whole-archive)
zephyr/libzephyr.a(sw_isr_common.c.obj)
                              (--whole-archive)
zephyr/libzephyr.a(crc32_sw.c.obj)
                              (--whole-archive)
zephyr/libzephyr.a(crc16_sw.c.obj)
                              (--whole-archive)
zephyr/libzephyr.a(crc8_sw.c.obj)
                              (--whole-archive)
zephyr/libzephyr.a(crc7_sw.c.obj)
                              (--whole-archive)
zephyr/libzephyr.a(fdtable.c.obj)
                              (--whole-archive)
zephyr/libzephyr.a(mempool.c.obj)
                              (--whole-archive)
zephyr/libzephyr.a(rb.c.obj)  (--whole-archive)
zephyr/libzephyr.a(thread_entry.c.obj)
                              (--whole-archive)
zephyr/libzephyr.a(work_q.c.obj)
                              (--whole-archive)
zephyr/libzephyr.a(printk.c.obj)
                              (--whole-archive)
zephyr/libzephyr.a(configs.c.obj)
                              (--whole-archive)
zephyr/libzephyr.a(soc.c.obj)
                              (--whole-archive)
zephyr/libzephyr.a(stm32cube_hal.c.obj)
                              (--whole-archive)
zephyr/libzephyr.a(uart_console.c.obj)
                              (--whole-archive)
zephyr/libzephyr.a(exti_stm32.c.obj)
                              (--whole-archive)
zephyr/libzephyr.a(clock_stm32_ll_common.c.obj)
                              (--whole-archive)
zephyr/libzephyr.a(clock_stm32f2_f4_f7.c.obj)
                              (--whole-archive)
zephyr/libzephyr.a(stm32f7-otm8009a.c.obj)
                              (--whole-archive)
zephyr/libzephyr.a(pinmux_stm32.c.obj)
                              (--whole-archive)
zephyr/libzephyr.a(sys_clock_init.c.obj)
                              (--whole-archive)
zephyr/libzephyr.a(cortex_m_systick.c.obj)
                              (--whole-archive)
zephyr/libzephyr.a(system_stm32f7xx.c.obj)
                              (--whole-archive)
zephyr/libzephyr.a(stm32f7xx_hal.c.obj)
                              (--whole-archive)
zephyr/libzephyr.a(stm32f7xx_hal_rcc.c.obj)
                              (--whole-archive)
zephyr/libzephyr.a(stm32f7xx_hal_cortex.c.obj)
                              (--whole-archive)
zephyr/libzephyr.a(stm32f7xx_hal_dma.c.obj)
                              (--whole-archive)
zephyr/libzephyr.a(stm32f7xx_hal_dma2d.c.obj)
                              (--whole-archive)
zephyr/libzephyr.a(stm32f7xx_hal_dma_ex.c.obj)
                              (--whole-archive)
zephyr/libzephyr.a(stm32f7xx_hal_dsi.c.obj)
                              (--whole-archive)
zephyr/libzephyr.a(stm32f7xx_hal_gpio.c.obj)
                              (--whole-archive)
zephyr/libzephyr.a(stm32f7xx_hal_ltdc.c.obj)
                              (--whole-archive)
zephyr/libzephyr.a(stm32f7xx_hal_ltdc_ex.c.obj)
                              (--whole-archive)
zephyr/libzephyr.a(stm32f7xx_hal_rcc_ex.c.obj)
                              (--whole-archive)
zephyr/libzephyr.a(stm32f7xx_hal_sdram.c.obj)
                              (--whole-archive)
zephyr/libzephyr.a(stm32f7xx_hal_spi.c.obj)
                              (--whole-archive)
zephyr/libzephyr.a(stm32f7xx_hal_sram.c.obj)
                              (--whole-archive)
zephyr/libzephyr.a(stm32f7xx_ll_dma.c.obj)
                              (--whole-archive)
zephyr/libzephyr.a(stm32f7xx_ll_dma2d.c.obj)
                              (--whole-archive)
zephyr/libzephyr.a(stm32f7xx_ll_exti.c.obj)
                              (--whole-archive)
zephyr/libzephyr.a(stm32f7xx_ll_fmc.c.obj)
                              (--whole-archive)
zephyr/libzephyr.a(stm32f7xx_ll_gpio.c.obj)
                              (--whole-archive)
zephyr/libzephyr.a(stm32f7xx_ll_i2c.c.obj)
                              (--whole-archive)
zephyr/libzephyr.a(stm32f7xx_ll_rcc.c.obj)
                              (--whole-archive)
zephyr/libzephyr.a(stm32f7xx_ll_spi.c.obj)
                              (--whole-archive)
zephyr/libzephyr.a(stm32f7xx_ll_utils.c.obj)
                              (--whole-archive)
zephyr/libzephyr.a(otm8009a.c.obj)
                              (--whole-archive)
zephyr/libzephyr.a(stm32f769i_discovery.c.obj)
                              (--whole-archive)
zephyr/libzephyr.a(stm32f769i_discovery_sdram.c.obj)
                              (--whole-archive)
zephyr/libzephyr.a(adv7533.c.obj)
                              (--whole-archive)
zephyr/libzephyr.a(font8.c.obj)
                              (--whole-archive)
zephyr/libzephyr.a(font12.c.obj)
                              (--whole-archive)
zephyr/libzephyr.a(font16.c.obj)
                              (--whole-archive)
zephyr/libzephyr.a(font20.c.obj)
                              (--whole-archive)
zephyr/libzephyr.a(font24.c.obj)
[...]
Memory Configuration

Name             Origin             Length             Attributes
FLASH            0x0000000008000000 0x0000000000200000 xr
SRAM             0x0000000020020000 0x0000000000060000 xw
IDT_LIST         0x0000000020080000 0x0000000000000800 xw
*default*        0x0000000000000000 0xffffffffffffffff

Linker script and memory map

LOAD zephyr/CMakeFiles/zephyr_final.dir/misc/empty_file.c.obj
LOAD zephyr/CMakeFiles/zephyr_final.dir/isr_tables.c.obj
                0x0000000000000004                _region_min_align = 0x4

.rel.plt        0x0000000008000000        0x0
 *(SORT_BY_ALIGNMENT(.rel.plt))
                [!provide]                        PROVIDE (__rel_iplt_start = .)
 *(SORT_BY_ALIGNMENT(.rel.iplt))
 .rel.iplt      0x0000000008000000        0x0 zephyr/CMakeFiles/zephyr_final.dir/isr_tables.c.obj
                [!provide]                        PROVIDE (__rel_iplt_end = .)

.rela.plt       0x0000000000000000        0x0
 *(SORT_BY_ALIGNMENT(.rela.plt))
                [!provide]                        PROVIDE (__rela_iplt_start = .)
 *(SORT_BY_ALIGNMENT(.rela.iplt))
                [!provide]                        PROVIDE (__rela_iplt_end = .)

.rel.dyn
 *(SORT_BY_ALIGNMENT(.rel.*))

.rela.dyn
 *(SORT_BY_ALIGNMENT(.rela.*))

/DISCARD/
 *(SORT_BY_ALIGNMENT(.plt))
 *(SORT_BY_ALIGNMENT(.iplt))
 *(SORT_BY_ALIGNMENT(.got.plt))
 *(SORT_BY_ALIGNMENT(.igot.plt))
 *(SORT_BY_ALIGNMENT(.got))
 *(SORT_BY_ALIGNMENT(.igot))
 *(SORT_BY_ALIGNMENT(.irq_info))
 *(SORT_BY_ALIGNMENT(.intList))
                0x0000000008000000                _image_rom_start = 0x8000000

text            0x0000000008000000      0x1f8
                0x0000000000000000                . = 0x0
                0x0000000008000000                _vector_start = .
 *(SORT_BY_ALIGNMENT(.exc_vector_table))
 *(SORT_BY_ALIGNMENT(.exc_vector_table.*))
 .exc_vector_table._vector_table_section
                0x0000000008000000       0x40 zephyr/arch/arch/arm/core/cortex_m/libarch__arm__core__cortex_m.a(vector_table.S.obj)
                0x0000000008000000                _vector_table
 *(SORT_BY_ALIGNMENT(.gnu.linkonce.irq_vector_table))
 .gnu.linkonce.irq_vector_table
                0x0000000008000040      0x1b8 zephyr/CMakeFiles/zephyr_final.dir/isr_tables.c.obj
                0x0000000008000040                _irq_vector_table
 *(SORT_BY_ALIGNMENT(.vectors))
 *(SORT_BY_ALIGNMENT(.openocd_dbg))
 *(SORT_BY_ALIGNMENT(.openocd_dbg.*))
 *(SORT_BY_ALIGNMENT(.kinetis_flash_config))
 *(SORT_BY_ALIGNMENT(.kinetis_flash_config.*))
                0x00000000080001f8                _vector_end = .

_TEXT_SECTION_NAME_2
                0x00000000080001f8     0x5466
                0x00000000080001f8                _image_text_start = .
 *(SORT_BY_ALIGNMENT(.text))
 .text          0x00000000080001f8       0x30 /opt/zephyr-sdk/arm-zephyr-eabi/bin/../lib/gcc/arm-zephyr-eabi/8.3.0/thumb/v7e-m/nofp/libgcc.a(_aeabi_uldivmod.o)
                0x00000000080001f8                __aeabi_uldivmod
 .text          0x0000000008000228        0x4 /opt/zephyr-sdk/arm-zephyr-eabi/bin/../lib/gcc/arm-zephyr-eabi/8.3.0/thumb/v7e-m/nofp/libgcc.a(_dvmd_tls.o)
                0x0000000008000228                __aeabi_ldiv0
                0x0000000008000228                __aeabi_idiv0
 .text          0x000000000800022c      0x2b4 /opt/zephyr-sdk/arm-zephyr-eabi/bin/../lib/gcc/arm-zephyr-eabi/8.3.0/thumb/v7e-m/nofp/libgcc.a(_udivmoddi4.o)
                0x000000000800022c                __udivmoddi4
 *(SORT_BY_ALIGNMENT(.text.*))
 .text.main     0x00000000080004e0       0x80 app/libapp.a(main.c.obj)
                0x00000000080004e0                main
 .text.char_out
                0x0000000008000560       0x10 zephyr/libzephyr.a(printk.c.obj)
 .text._printk_dec_ulong
                0x0000000008000570       0x9c zephyr/libzephyr.a(printk.c.obj)
 .text.__printk_hook_install
                0x000000000800060c        0xc zephyr/libzephyr.a(printk.c.obj)
                0x000000000800060c                __printk_hook_install
 .text.vprintk  0x0000000008000618       0x1c zephyr/libzephyr.a(printk.c.obj)
                0x0000000008000618                vprintk
 .text.st_stm32f7_init
                0x0000000008000634       0xb8 zephyr/libzephyr.a(soc.c.obj)
 .text.console_out
                0x00000000080006ec       0x28 zephyr/libzephyr.a(uart_console.c.obj)
 .text.uart_console_hook_install
                0x0000000008000714       0x18 zephyr/libzephyr.a(uart_console.c.obj)
                0x0000000008000714                uart_console_hook_install
 .text.uart_console_init
                0x000000000800072c       0x1c zephyr/libzephyr.a(uart_console.c.obj)
 .text.__stm32_exti_isr
                0x0000000008000748       0x40 zephyr/libzephyr.a(exti_stm32.c.obj)
 .text.stm32_exti_enable
                0x0000000008000788       0x34 zephyr/libzephyr.a(exti_stm32.c.obj)
                0x0000000008000788                stm32_exti_enable
 .text.stm32_exti_trigger
                0x00000000080007bc       0x30 zephyr/libzephyr.a(exti_stm32.c.obj)
                0x00000000080007bc                stm32_exti_trigger
 .text.stm32_exti_set_callback
                0x00000000080007ec       0x24 zephyr/libzephyr.a(exti_stm32.c.obj)
                0x00000000080007ec                stm32_exti_set_callback
 .text.stm32_clock_control_on
                0x0000000008000810       0x70 zephyr/libzephyr.a(clock_stm32_ll_common.c.obj)
 .text.stm32_clock_control_off
                0x0000000008000880       0x54 zephyr/libzephyr.a(clock_stm32_ll_common.c.obj)
 .text.stm32_clock_control_get_subsys_rate
                0x00000000080008d4       0x28 zephyr/libzephyr.a(clock_stm32_ll_common.c.obj)
 .text.stm32_clock_control_init
                0x00000000080008fc       0x88 zephyr/libzephyr.a(clock_stm32_ll_common.c.obj)
 .text.config_enable_default_clocks
                0x0000000008000984       0x20 zephyr/libzephyr.a(clock_stm32f2_f4_f7.c.obj)
                0x0000000008000984                config_enable_default_clocks
 .text.LCD_Reset
                0x00000000080009a4       0x98 zephyr/libzephyr.a(stm32f7-otm8009a.c.obj)
                0x00000000080009a4                LCD_Reset
 .text.BSP_LCD_LayerDefaultInit
                0x0000000008000a3c       0x74 zephyr/libzephyr.a(stm32f7-otm8009a.c.obj)
                0x0000000008000a3c                BSP_LCD_LayerDefaultInit
 .text.BSP_LCD_SelectLayer
                0x0000000008000ab0        0xc zephyr/libzephyr.a(stm32f7-otm8009a.c.obj)
                0x0000000008000ab0                BSP_LCD_SelectLayer
 .text.BSP_LCD_SetTextColor
                0x0000000008000abc       0x18 zephyr/libzephyr.a(stm32f7-otm8009a.c.obj)
                0x0000000008000abc                BSP_LCD_SetTextColor
 .text.BSP_LCD_SetBackColor
                0x0000000008000ad4       0x18 zephyr/libzephyr.a(stm32f7-otm8009a.c.obj)
                0x0000000008000ad4                BSP_LCD_SetBackColor
 .text.BSP_LCD_Clear
                0x0000000008000aec       0x84 zephyr/libzephyr.a(stm32f7-otm8009a.c.obj)
                0x0000000008000aec                BSP_LCD_Clear
 .text.DSI_IO_WriteCmd
                0x0000000008000b70       0x34 zephyr/libzephyr.a(stm32f7-otm8009a.c.obj)
                0x0000000008000b70                DSI_IO_WriteCmd
 .text.BSP_LCD_MspInit
                0x0000000008000ba4       0xa4 zephyr/libzephyr.a(stm32f7-otm8009a.c.obj)
                0x0000000008000ba4                BSP_LCD_MspInit
 .text.BSP_LCD_InitEx
                0x0000000008000c48      0x198 zephyr/libzephyr.a(stm32f7-otm8009a.c.obj)
                0x0000000008000c48                BSP_LCD_InitEx
 .text.BSP_LCD_DrawPixel
                0x0000000008000de0       0x2c zephyr/libzephyr.a(stm32f7-otm8009a.c.obj)
                0x0000000008000de0                BSP_LCD_DrawPixel
 .text.BSP_LCD_DisplayChar
                0x0000000008000e0c       0xd0 zephyr/libzephyr.a(stm32f7-otm8009a.c.obj)
                0x0000000008000e0c                BSP_LCD_DisplayChar
 .text.BSP_LCD_DisplayStringAt
                0x0000000008000edc       0xac zephyr/libzephyr.a(stm32f7-otm8009a.c.obj)
                0x0000000008000edc                BSP_LCD_DisplayStringAt
 .text.z_pinmux_stm32_set
                0x0000000008000f88       0x5c zephyr/libzephyr.a(pinmux_stm32.c.obj)
                0x0000000008000f88                z_pinmux_stm32_set
 .text.stm32_setup_pins
                0x0000000008000fe4       0x30 zephyr/libzephyr.a(pinmux_stm32.c.obj)
                0x0000000008000fe4                stm32_setup_pins
 .text.elapsed  0x0000000008001014       0x4c zephyr/libzephyr.a(cortex_m_systick.c.obj)
 .text.z_clock_isr
                0x0000000008001060       0x50 zephyr/libzephyr.a(cortex_m_systick.c.obj)
                0x0000000008001060                z_clock_isr
 .text.z_clock_driver_init
                0x00000000080010b0       0x38 zephyr/libzephyr.a(cortex_m_systick.c.obj)
                0x00000000080010b0                z_clock_driver_init
 .text.z_clock_set_timeout
                0x00000000080010e8       0xa0 zephyr/libzephyr.a(cortex_m_systick.c.obj)
                0x00000000080010e8                z_clock_set_timeout
 .text.z_clock_elapsed
                0x0000000008001188       0x40 zephyr/libzephyr.a(cortex_m_systick.c.obj)
                0x0000000008001188                z_clock_elapsed
 .text.z_timer_cycle_get_32
                0x00000000080011c8       0x2c zephyr/libzephyr.a(cortex_m_systick.c.obj)
                0x00000000080011c8                z_timer_cycle_get_32
 .text.HAL_NVIC_SetPriority
                0x00000000080011f4       0x64 zephyr/libzephyr.a(stm32f7xx_hal_cortex.c.obj)
                0x00000000080011f4                HAL_NVIC_SetPriority
 .text.HAL_NVIC_EnableIRQ
                0x0000000008001258       0x1c zephyr/libzephyr.a(stm32f7xx_hal_cortex.c.obj)
                0x0000000008001258                HAL_NVIC_EnableIRQ
 .text.DMA_CalcBaseAndBitshift
                0x0000000008001274       0x2c zephyr/libzephyr.a(stm32f7xx_hal_dma.c.obj)
 .text.HAL_DMA_Init
                0x00000000080012a0       0xfc zephyr/libzephyr.a(stm32f7xx_hal_dma.c.obj)
                0x00000000080012a0                HAL_DMA_Init
 .text.HAL_DMA2D_ConfigLayer
                0x000000000800139c       0xa0 zephyr/libzephyr.a(stm32f7xx_hal_dma2d.c.obj)
                0x000000000800139c                HAL_DMA2D_ConfigLayer
 .text.HAL_DSI_Init
                0x000000000800143c      0x160 zephyr/libzephyr.a(stm32f7xx_hal_dsi.c.obj)
                0x000000000800143c                HAL_DSI_Init
 .text.HAL_DSI_ConfigVideoMode
                0x000000000800159c      0x20c zephyr/libzephyr.a(stm32f7xx_hal_dsi.c.obj)
                0x000000000800159c                HAL_DSI_ConfigVideoMode
 .text.HAL_GPIO_Init
                0x00000000080017a8      0x1d4 zephyr/libzephyr.a(stm32f7xx_hal_gpio.c.obj)
                0x00000000080017a8                HAL_GPIO_Init
 .text.HAL_LTDC_Init
                0x000000000800197c       0xd8 zephyr/libzephyr.a(stm32f7xx_hal_ltdc.c.obj)
                0x000000000800197c                HAL_LTDC_Init
 .text.HAL_RCCEx_PeriphCLKConfig
                0x0000000008001a54      0x55c zephyr/libzephyr.a(stm32f7xx_hal_rcc_ex.c.obj)
                0x0000000008001a54                HAL_RCCEx_PeriphCLKConfig
 .text.FMC_SDRAM_Init
                0x0000000008001fb0       0x70 zephyr/libzephyr.a(stm32f7xx_ll_fmc.c.obj)
                0x0000000008001fb0                FMC_SDRAM_Init
 .text.UTILS_PLL_IsBusy
                0x0000000008002020       0x28 zephyr/libzephyr.a(stm32f7xx_ll_utils.c.obj)
 .text.UTILS_SetFlashLatency.part.0
                0x0000000008002048       0xdc zephyr/libzephyr.a(stm32f7xx_ll_utils.c.obj)
 .text.UTILS_EnablePLLAndSwitchSystem
                0x0000000008002124       0xa0 zephyr/libzephyr.a(stm32f7xx_ll_utils.c.obj)
 .text.LL_PLL_ConfigSystemClock_HSE
                0x00000000080021c4       0x90 zephyr/libzephyr.a(stm32f7xx_ll_utils.c.obj)
                0x00000000080021c4                LL_PLL_ConfigSystemClock_HSE
 .text.OTM8009A_Init
                0x0000000008002254      0x498 zephyr/libzephyr.a(otm8009a.c.obj)
                0x0000000008002254                OTM8009A_Init
 .text.BSP_SDRAM_Initialization_sequence
                0x00000000080026ec       0x94 zephyr/libzephyr.a(stm32f769i_discovery_sdram.c.obj)
                0x00000000080026ec                BSP_SDRAM_Initialization_sequence
 .text.BSP_SDRAM_MspInit
                0x0000000008002780      0x17c zephyr/libzephyr.a(stm32f769i_discovery_sdram.c.obj)
                0x0000000008002780                BSP_SDRAM_MspInit
 .text.BSP_SDRAM_Init
                0x00000000080028fc       0x78 zephyr/libzephyr.a(stm32f769i_discovery_sdram.c.obj)
                0x00000000080028fc                BSP_SDRAM_Init
 .text._HandlerModeExit
                0x0000000008002974       0x1c zephyr/arch/arch/arm/core/libarch__arm__core.a(exc_exit.S.obj)
                0x0000000008002974                z_ExcExit
                0x0000000008002974                _IntExit
 .text.z_IntLibInit
                0x0000000008002990       0x18 zephyr/arch/arch/arm/core/libarch__arm__core.a(irq_init.c.obj)
                0x0000000008002990                z_IntLibInit
 .text.__swap   0x00000000080029a8       0x34 zephyr/arch/arch/arm/core/libarch__arm__core.a(swap.c.obj)
                0x00000000080029a8                __swap
 .text.__pendsv
                0x00000000080029dc       0x48 zephyr/arch/arch/arm/core/libarch__arm__core.a(swap_helper.S.obj)
                0x00000000080029dc                __pendsv
 .text.__svc    0x0000000008002a24       0x24 zephyr/arch/arch/arm/core/libarch__arm__core.a(swap_helper.S.obj)
                0x0000000008002a24                __svc
 .text.MpuFault.isra.2
                0x0000000008002a48       0x94 zephyr/arch/arch/arm/core/libarch__arm__core.a(fault.c.obj)
 .text.BusFault.isra.3
                0x0000000008002adc       0xa0 zephyr/arch/arch/arm/core/libarch__arm__core.a(fault.c.obj)
 .text.UsageFault.isra.4
                0x0000000008002b7c       0x88 zephyr/arch/arch/arm/core/libarch__arm__core.a(fault.c.obj)
 .text._Fault   0x0000000008002c04       0xd0 zephyr/arch/arch/arm/core/libarch__arm__core.a(fault.c.obj)
                0x0000000008002c04                _Fault
 .text.z_FaultInit
                0x0000000008002cd4       0x10 zephyr/arch/arch/arm/core/libarch__arm__core.a(fault.c.obj)
                0x0000000008002cd4                z_FaultInit
 .text.z_arch_irq_enable
                0x0000000008002ce4       0x20 zephyr/arch/arch/arm/core/libarch__arm__core.a(irq_manage.c.obj)
                0x0000000008002ce4                z_arch_irq_enable
 .text.z_irq_priority_set
                0x0000000008002d04       0x2c zephyr/arch/arch/arm/core/libarch__arm__core.a(irq_manage.c.obj)
                0x0000000008002d04                z_irq_priority_set
 .text.z_new_thread
                0x0000000008002d30       0x48 zephyr/arch/arch/arm/core/libarch__arm__core.a(thread.c.obj)
                0x0000000008002d30                z_new_thread
 .text.z_CpuIdleInit
                0x0000000008002d78        0xc zephyr/arch/arch/arm/core/libarch__arm__core.a(cpu_idle.S.obj)
                0x0000000008002d78                z_CpuIdleInit
 .text.k_cpu_idle
                0x0000000008002d84        0xc zephyr/arch/arch/arm/core/libarch__arm__core.a(cpu_idle.S.obj)
                0x0000000008002d84                k_cpu_idle
 .text.__fault  0x0000000008002d90       0x28 zephyr/arch/arch/arm/core/libarch__arm__core.a(fault_s.S.obj)
                0x0000000008002d90                __usage_fault
                0x0000000008002d90                __reserved
                0x0000000008002d90                __bus_fault
                0x0000000008002d90                __debug_monitor
                0x0000000008002d90                __mpu_fault
                0x0000000008002d90                __hard_fault
 .text.z_NanoFatalErrorHandler
                0x0000000008002db8       0x64 zephyr/arch/arch/arm/core/libarch__arm__core.a(fatal.c.obj)
                0x0000000008002db8                z_NanoFatalErrorHandler
 .text.z_SysFatalErrorHandler
                0x0000000008002e1c       0x58 zephyr/arch/arch/arm/core/libarch__arm__core.a(sys_fatal_error_handler.c.obj)
                0x0000000008002e1c                z_SysFatalErrorHandler
 .text.z_impl_k_thread_abort
                0x0000000008002e74       0x4c zephyr/arch/arch/arm/core/libarch__arm__core.a(thread_abort.c.obj)
                0x0000000008002e74                z_impl_k_thread_abort
 .text._isr_wrapper
                0x0000000008002ec0       0x28 zephyr/arch/arch/arm/core/libarch__arm__core.a(isr_wrapper.S.obj)
                0x0000000008002ec0                _isr_wrapper
 .text._reset_section
                0x0000000008002ee8       0x2c zephyr/arch/arch/arm/core/cortex_m/libarch__arm__core__cortex_m.a(reset.S.obj)
                0x0000000008002ee8                __reset
                0x0000000008002ee8                __start
 .text.z_SysNmiOnReset
                0x0000000008002f14        0x8 zephyr/arch/arch/arm/core/cortex_m/libarch__arm__core__cortex_m.a(nmi_on_reset.S.obj)
                0x0000000008002f14                z_SysNmiOnReset
 .text._PrepC   0x0000000008002f1c       0x2c zephyr/arch/arch/arm/core/cortex_m/libarch__arm__core__cortex_m.a(prep_c.c.obj)
                0x0000000008002f1c                _PrepC
 .text.__stdout_hook_install
                0x0000000008002f48        0xc zephyr/lib/libc/minimal/liblib__libc__minimal.a(stdout_console.c.obj)
                0x0000000008002f48                __stdout_hook_install
 .text.pinmux_stm32_init
                0x0000000008002f54       0x14 zephyr/boards/arm/stm32f769i_disco/libboards__arm__stm32f769i_disco.a(pinmux.c.obj)
 .text.gpio_stm32_init
                0x0000000008002f68       0x24 zephyr/drivers/gpio/libdrivers__gpio.a(gpio_stm32.c.obj)
 .text.gpio_stm32_enable_int
                0x0000000008002f8c       0x80 zephyr/drivers/gpio/libdrivers__gpio.a(gpio_stm32.c.obj)
                0x0000000008002f8c                gpio_stm32_enable_int
 .text.gpio_stm32_config
                0x000000000800300c       0x98 zephyr/drivers/gpio/libdrivers__gpio.a(gpio_stm32.c.obj)
 .text.spi_stm32_init
                0x00000000080030a4       0x38 zephyr/drivers/spi/libdrivers__spi.a(spi_ll_stm32.c.obj)
 .text.spi_stm32_transceive
                0x00000000080030dc      0x240 zephyr/drivers/spi/libdrivers__spi.a(spi_ll_stm32.c.obj)
 .text.uart_stm32_configure
                0x000000000800331c      0x144 zephyr/drivers/serial/libdrivers__serial.a(uart_stm32.c.obj)
 .text.uart_stm32_init
                0x0000000008003460       0x88 zephyr/drivers/serial/libdrivers__serial.a(uart_stm32.c.obj)
 .text.z_sys_device_do_config_level
                0x00000000080034e8       0x2c zephyr/kernel/libkernel.a(device.c.obj)
                0x00000000080034e8                z_sys_device_do_config_level
 .text.z_impl_device_get_binding
                0x0000000008003514       0x4c zephyr/kernel/libkernel.a(device.c.obj)
                0x0000000008003514                z_impl_device_get_binding
 .text.z_bss_zero
                0x0000000008003560       0x14 zephyr/kernel/libkernel.a(init.c.obj)
                0x0000000008003560                z_bss_zero
 .text.z_data_copy
                0x0000000008003574       0x34 zephyr/kernel/libkernel.a(init.c.obj)
                0x0000000008003574                z_data_copy
 .text.bg_thread_main
                0x00000000080035a8       0x30 zephyr/kernel/libkernel.a(init.c.obj)
 .text.z_cstart
                0x00000000080035d8      0x120 zephyr/kernel/libkernel.a(init.c.obj)
                0x00000000080035d8                z_cstart
 .text.reset_time_slice
                0x00000000080036f8       0x24 zephyr/kernel/libkernel.a(sched.c.obj)
 .text.resched.part.15
                0x000000000800371c       0x24 zephyr/kernel/libkernel.a(sched.c.obj)
 .text.k_sched_time_slice_set
                0x0000000008003740       0x3c zephyr/kernel/libkernel.a(sched.c.obj)
                0x0000000008003740                k_sched_time_slice_set
 .text.k_sched_lock
                0x000000000800377c       0x28 zephyr/kernel/libkernel.a(sched.c.obj)
                0x000000000800377c                k_sched_lock
 .text.z_priq_dumb_remove
                0x00000000080037a4       0x2c zephyr/kernel/libkernel.a(sched.c.obj)
                0x00000000080037a4                z_priq_dumb_remove
 .text.update_cache
                0x00000000080037d0       0x3c zephyr/kernel/libkernel.a(sched.c.obj)
 .text.k_sched_unlock
                0x000000000800380c       0x38 zephyr/kernel/libkernel.a(sched.c.obj)
                0x000000000800380c                k_sched_unlock
 .text.z_add_thread_to_ready_q
                0x0000000008003844       0x6c zephyr/kernel/libkernel.a(sched.c.obj)
                0x0000000008003844                z_add_thread_to_ready_q
 .text.z_move_thread_to_end_of_prio_q
                0x00000000080038b0       0x80 zephyr/kernel/libkernel.a(sched.c.obj)
                0x00000000080038b0                z_move_thread_to_end_of_prio_q
 .text.z_time_slice
                0x0000000008003930       0x68 zephyr/kernel/libkernel.a(sched.c.obj)
                0x0000000008003930                z_time_slice
 .text.z_remove_thread_from_ready_q
                0x0000000008003998       0x4c zephyr/kernel/libkernel.a(sched.c.obj)
                0x0000000008003998                z_remove_thread_from_ready_q
 .text.pend     0x00000000080039e4       0x6c zephyr/kernel/libkernel.a(sched.c.obj)
 .text.z_pend_curr
                0x0000000008003a50       0x28 zephyr/kernel/libkernel.a(sched.c.obj)
                0x0000000008003a50                z_pend_curr
 .text.z_tick_sleep.part.16
                0x0000000008003a78       0x5c zephyr/kernel/libkernel.a(sched.c.obj)
 .text.z_sched_init
                0x0000000008003ad4       0x18 zephyr/kernel/libkernel.a(sched.c.obj)
                0x0000000008003ad4                z_sched_init
 .text.z_impl_k_yield
                0x0000000008003aec       0x94 zephyr/kernel/libkernel.a(sched.c.obj)
                0x0000000008003aec                z_impl_k_yield
 .text.z_impl_k_current_get
                0x0000000008003b80        0xc zephyr/kernel/libkernel.a(sched.c.obj)
                0x0000000008003b80                z_impl_k_current_get
 .text.z_impl_k_sem_give
                0x0000000008003b8c       0x4c zephyr/kernel/libkernel.a(sem.c.obj)
                0x0000000008003b8c                z_impl_k_sem_give
 .text.z_impl_k_sem_take
                0x0000000008003bd8       0x48 zephyr/kernel/libkernel.a(sem.c.obj)
                0x0000000008003bd8                z_impl_k_sem_take
 .text.k_is_in_isr
                0x0000000008003c20       0x20 zephyr/kernel/libkernel.a(thread.c.obj)
                0x0000000008003c20                k_is_in_isr
 .text.z_is_thread_essential
                0x0000000008003c40       0x10 zephyr/kernel/libkernel.a(thread.c.obj)
                0x0000000008003c40                z_is_thread_essential
 .text.z_impl_k_busy_wait
                0x0000000008003c50       0x2c zephyr/kernel/libkernel.a(thread.c.obj)
                0x0000000008003c50                z_impl_k_busy_wait
 .text.z_impl_k_thread_start
                0x0000000008003c7c       0x48 zephyr/kernel/libkernel.a(thread.c.obj)
                0x0000000008003c7c                z_impl_k_thread_start
 .text.z_setup_new_thread
                0x0000000008003cc4       0x30 zephyr/kernel/libkernel.a(thread.c.obj)
                0x0000000008003cc4                z_setup_new_thread
 .text.z_init_static_threads
                0x0000000008003cf4       0x8c zephyr/kernel/libkernel.a(thread.c.obj)
                0x0000000008003cf4                z_init_static_threads
 .text.elapsed  0x0000000008003d80       0x14 zephyr/kernel/libkernel.a(timeout.c.obj)
 .text.remove_timeout
                0x0000000008003d94       0x28 zephyr/kernel/libkernel.a(timeout.c.obj)
 .text.next_timeout
                0x0000000008003dbc       0x40 zephyr/kernel/libkernel.a(timeout.c.obj)
 .text.z_add_timeout
                0x0000000008003dfc       0x84 zephyr/kernel/libkernel.a(timeout.c.obj)
                0x0000000008003dfc                z_add_timeout
 .text.z_clock_announce
                0x0000000008003e80       0xac zephyr/kernel/libkernel.a(timeout.c.obj)
                0x0000000008003e80                z_clock_announce
 .text.z_tick_get
                0x0000000008003f2c       0x3c zephyr/kernel/libkernel.a(timeout.c.obj)
                0x0000000008003f2c                z_tick_get
 .text.init_static_pools
                0x0000000008003f68       0x28 zephyr/kernel/libkernel.a(mempool.c.obj)
                0x0000000008003f68                init_static_pools
 .text.get_bit_ptr
                0x0000000008003f90       0x2e zephyr/libzephyr.a(mempool.c.obj)
 .text.set_free_bit
                0x0000000008003fbe       0x1c zephyr/libzephyr.a(mempool.c.obj)
 .text.z_sys_mem_pool_base_init
                0x0000000008003fda       0x94 zephyr/libzephyr.a(mempool.c.obj)
                0x0000000008003fda                z_sys_mem_pool_base_init
 .text.z_thread_entry
                0x000000000800406e       0x14 zephyr/libzephyr.a(thread_entry.c.obj)
                0x000000000800406e                z_thread_entry
 .text.z_arch_printk_char_out
                0x0000000008004082        0x4 zephyr/libzephyr.a(printk.c.obj)
                0x0000000008004082                z_arch_printk_char_out
 .text.print_err
                0x0000000008004086       0x1c zephyr/libzephyr.a(printk.c.obj)
 .text.z_vprintk
                0x00000000080040a2      0x2e0 zephyr/libzephyr.a(printk.c.obj)
                0x00000000080040a2                z_vprintk
 .text.printk   0x0000000008004382       0x1a zephyr/libzephyr.a(printk.c.obj)
                0x0000000008004382                printk
 .text._ConfigAbsSyms
                0x000000000800439c        0x2 zephyr/libzephyr.a(configs.c.obj)
                0x000000000800439c                _ConfigAbsSyms
 .text.HAL_GetTick
                0x000000000800439e        0x4 zephyr/libzephyr.a(stm32cube_hal.c.obj)
                0x000000000800439e                HAL_GetTick
 .text.HAL_Delay
                0x00000000080043a2        0xc zephyr/libzephyr.a(stm32cube_hal.c.obj)
                0x00000000080043a2                HAL_Delay
 .text.__stm32_exti_isr_0
                0x00000000080043ae        0xa zephyr/libzephyr.a(exti_stm32.c.obj)
 .text.__stm32_exti_isr_1
                0x00000000080043b8        0xa zephyr/libzephyr.a(exti_stm32.c.obj)
 .text.__stm32_exti_isr_2
                0x00000000080043c2        0xa zephyr/libzephyr.a(exti_stm32.c.obj)
 .text.__stm32_exti_isr_3
                0x00000000080043cc        0xa zephyr/libzephyr.a(exti_stm32.c.obj)
 .text.__stm32_exti_isr_4
                0x00000000080043d6        0xa zephyr/libzephyr.a(exti_stm32.c.obj)
 .text.__stm32_exti_isr_9_5
                0x00000000080043e0        0xa zephyr/libzephyr.a(exti_stm32.c.obj)
 .text.__stm32_exti_isr_15_10
                0x00000000080043ea        0xa zephyr/libzephyr.a(exti_stm32.c.obj)
 .text.__stm32_exti_isr_16
                0x00000000080043f4        0xa zephyr/libzephyr.a(exti_stm32.c.obj)
 .text.__stm32_exti_isr_18
                0x00000000080043fe        0xa zephyr/libzephyr.a(exti_stm32.c.obj)
 .text.__stm32_exti_isr_21
                0x0000000008004408        0xa zephyr/libzephyr.a(exti_stm32.c.obj)
 .text.__stm32_exti_isr_22
                0x0000000008004412        0xa zephyr/libzephyr.a(exti_stm32.c.obj)
 .text.__stm32_exti_isr_23
                0x000000000800441c        0xa zephyr/libzephyr.a(exti_stm32.c.obj)
 .text.stm32_exti_init
                0x0000000008004426       0x7e zephyr/libzephyr.a(exti_stm32.c.obj)
 .text.config_pll_init
                0x00000000080044a4       0x10 zephyr/libzephyr.a(clock_stm32f2_f4_f7.c.obj)
                0x00000000080044a4                config_pll_init
 .text.LL_RCC_MSI_Disable
                0x00000000080044b4        0x2 zephyr/libzephyr.a(clock_stm32f2_f4_f7.c.obj)
                0x00000000080044b4                LL_RCC_MSI_Disable
 .text.BSP_LCD_Init
                0x00000000080044b6        0x6 zephyr/libzephyr.a(stm32f7-otm8009a.c.obj)
                0x00000000080044b6                BSP_LCD_Init
 .text.HAL_DMA_DeInit
                0x00000000080044bc       0x54 zephyr/libzephyr.a(stm32f7xx_hal_dma.c.obj)
                0x00000000080044bc                HAL_DMA_DeInit
 .text.DMA2D_SetConfig
                0x0000000008004510       0x84 zephyr/libzephyr.a(stm32f7xx_hal_dma2d.c.obj)
 .text.HAL_DMA2D_MspInit
                0x0000000008004594        0x2 zephyr/libzephyr.a(stm32f7xx_hal_dma2d.c.obj)
                0x0000000008004594                HAL_DMA2D_MspInit
 .text.HAL_DMA2D_Init
                0x0000000008004596       0x6c zephyr/libzephyr.a(stm32f7xx_hal_dma2d.c.obj)
                0x0000000008004596                HAL_DMA2D_Init
 .text.HAL_DMA2D_Start
                0x0000000008004602       0x34 zephyr/libzephyr.a(stm32f7xx_hal_dma2d.c.obj)
                0x0000000008004602                HAL_DMA2D_Start
 .text.HAL_DMA2D_PollForTransfer
                0x0000000008004636      0x102 zephyr/libzephyr.a(stm32f7xx_hal_dma2d.c.obj)
                0x0000000008004636                HAL_DMA2D_PollForTransfer
 .text.DSI_ShortWrite
                0x0000000008004738       0x42 zephyr/libzephyr.a(stm32f7xx_hal_dsi.c.obj)
 .text.HAL_DSI_MspInit
                0x000000000800477a        0x2 zephyr/libzephyr.a(stm32f7xx_hal_dsi.c.obj)
                0x000000000800477a                HAL_DSI_MspInit
 .text.HAL_DSI_MspDeInit
                0x000000000800477c        0x2 zephyr/libzephyr.a(stm32f7xx_hal_dsi.c.obj)
                0x000000000800477c                HAL_DSI_MspDeInit
 .text.HAL_DSI_DeInit
                0x000000000800477e       0x94 zephyr/libzephyr.a(stm32f7xx_hal_dsi.c.obj)
                0x000000000800477e                HAL_DSI_DeInit
 .text.HAL_DSI_Start
                0x0000000008004812       0x46 zephyr/libzephyr.a(stm32f7xx_hal_dsi.c.obj)
                0x0000000008004812                HAL_DSI_Start
 .text.HAL_DSI_ShortWrite
                0x0000000008004858       0x22 zephyr/libzephyr.a(stm32f7xx_hal_dsi.c.obj)
                0x0000000008004858                HAL_DSI_ShortWrite
 .text.HAL_DSI_LongWrite
                0x000000000800487a       0xc0 zephyr/libzephyr.a(stm32f7xx_hal_dsi.c.obj)
                0x000000000800487a                HAL_DSI_LongWrite
 .text.LTDC_SetConfig
                0x000000000800493a      0x10c zephyr/libzephyr.a(stm32f7xx_hal_ltdc.c.obj)
 .text.HAL_LTDC_MspInit
                0x0000000008004a46        0x2 zephyr/libzephyr.a(stm32f7xx_hal_ltdc.c.obj)
                0x0000000008004a46                HAL_LTDC_MspInit
 .text.HAL_LTDC_ConfigLayer
                0x0000000008004a48       0x52 zephyr/libzephyr.a(stm32f7xx_hal_ltdc.c.obj)
                0x0000000008004a48                HAL_LTDC_ConfigLayer
 .text.HAL_LTDCEx_StructInitFromVideoConfig
                0x0000000008004a9a       0x4a zephyr/libzephyr.a(stm32f7xx_hal_ltdc_ex.c.obj)
                0x0000000008004a9a                HAL_LTDCEx_StructInitFromVideoConfig
 .text.HAL_SDRAM_MspInit
                0x0000000008004ae4        0x2 zephyr/libzephyr.a(stm32f7xx_hal_sdram.c.obj)
                0x0000000008004ae4                HAL_SDRAM_MspInit
 .text.HAL_SDRAM_Init
                0x0000000008004ae6       0x40 zephyr/libzephyr.a(stm32f7xx_hal_sdram.c.obj)
                0x0000000008004ae6                HAL_SDRAM_Init
 .text.HAL_SDRAM_SendCommand
                0x0000000008004b26       0x2e zephyr/libzephyr.a(stm32f7xx_hal_sdram.c.obj)
                0x0000000008004b26                HAL_SDRAM_SendCommand
 .text.HAL_SDRAM_ProgramRefreshRate
                0x0000000008004b54       0x24 zephyr/libzephyr.a(stm32f7xx_hal_sdram.c.obj)
                0x0000000008004b54                HAL_SDRAM_ProgramRefreshRate
 .text.FMC_SDRAM_Timing_Init
                0x0000000008004b78       0x88 zephyr/libzephyr.a(stm32f7xx_ll_fmc.c.obj)
                0x0000000008004b78                FMC_SDRAM_Timing_Init
 .text.FMC_SDRAM_SendCommand
                0x0000000008004c00       0x26 zephyr/libzephyr.a(stm32f7xx_ll_fmc.c.obj)
                0x0000000008004c00                FMC_SDRAM_SendCommand
 .text.FMC_SDRAM_ProgramRefreshRate
                0x0000000008004c26        0xc zephyr/libzephyr.a(stm32f7xx_ll_fmc.c.obj)
                0x0000000008004c26                FMC_SDRAM_ProgramRefreshRate
 .text.OTM8009A_IO_Delay
                0x0000000008004c32        0x4 zephyr/libzephyr.a(stm32f769i_discovery.c.obj)
                0x0000000008004c32                OTM8009A_IO_Delay
 .text.z_irq_spurious
                0x0000000008004c36        0x4 zephyr/arch/arch/arm/core/libarch__arm__core.a(irq_manage.c.obj)
                0x0000000008004c36                z_irq_spurious
 .text.z_do_kernel_oops
                0x0000000008004c3a        0x8 zephyr/arch/arch/arm/core/libarch__arm__core.a(fatal.c.obj)
                0x0000000008004c3a                z_do_kernel_oops
 .text.__nmi    0x0000000008004c42        0xe zephyr/arch/arch/arm/core/cortex_m/libarch__arm__core__cortex_m.a(nmi.c.obj)
                0x0000000008004c42                __nmi
 .text.strcmp   0x0000000008004c50       0x18 zephyr/lib/libc/minimal/liblib__libc__minimal.a(string.c.obj)
                0x0000000008004c50                strcmp
 .text.memcpy   0x0000000008004c68       0x54 zephyr/lib/libc/minimal/liblib__libc__minimal.a(string.c.obj)
                0x0000000008004c68                memcpy
 .text.memset   0x0000000008004cbc       0x44 zephyr/lib/libc/minimal/liblib__libc__minimal.a(string.c.obj)
                0x0000000008004cbc                memset
 .text._stdout_hook_default
                0x0000000008004d00        0x6 zephyr/lib/libc/minimal/liblib__libc__minimal.a(stdout_console.c.obj)
 .text.gpio_stm32_isr
                0x0000000008004d06       0x30 zephyr/drivers/gpio/libdrivers__gpio.a(gpio_stm32.c.obj)
 .text.gpio_stm32_write
                0x0000000008004d36       0x22 zephyr/drivers/gpio/libdrivers__gpio.a(gpio_stm32.c.obj)
 .text.gpio_stm32_read
                0x0000000008004d58       0x1e zephyr/drivers/gpio/libdrivers__gpio.a(gpio_stm32.c.obj)
 .text.gpio_stm32_manage_callback
                0x0000000008004d76       0x56 zephyr/drivers/gpio/libdrivers__gpio.a(gpio_stm32.c.obj)
 .text.gpio_stm32_enable_callback
                0x0000000008004dcc       0x1a zephyr/drivers/gpio/libdrivers__gpio.a(gpio_stm32.c.obj)
 .text.gpio_stm32_disable_callback
                0x0000000008004de6       0x1c zephyr/drivers/gpio/libdrivers__gpio.a(gpio_stm32.c.obj)
 .text.gpio_stm32_flags_to_conf
                0x0000000008004e02       0x3a zephyr/drivers/gpio/libdrivers__gpio.a(gpio_stm32.c.obj)
                0x0000000008004e02                gpio_stm32_flags_to_conf
 .text.gpio_stm32_configure
                0x0000000008004e3c      0x10a zephyr/drivers/gpio/libdrivers__gpio.a(gpio_stm32.c.obj)
                0x0000000008004e3c                gpio_stm32_configure
 .text.spi_stm32_next_tx
                0x0000000008004f46       0x22 zephyr/drivers/spi/libdrivers__spi.a(spi_ll_stm32.c.obj)
 .text.spi_stm32_irq_config_func_2
                0x0000000008004f68       0x16 zephyr/drivers/spi/libdrivers__spi.a(spi_ll_stm32.c.obj)
 .text.spi_stm32_get_err.part.5
                0x0000000008004f7e       0x1c zephyr/drivers/spi/libdrivers__spi.a(spi_ll_stm32.c.obj)
 .text.gpio_pin_write
                0x0000000008004f9a       0x12 zephyr/drivers/spi/libdrivers__spi.a(spi_ll_stm32.c.obj)
 .text._spi_context_cs_control.isra.6
                0x0000000008004fac       0x54 zephyr/drivers/spi/libdrivers__spi.a(spi_ll_stm32.c.obj)
 .text.spi_context_unlock_unconditionally
                0x0000000008005000       0x1c zephyr/drivers/spi/libdrivers__spi.a(spi_ll_stm32.c.obj)
 .text.spi_stm32_release
                0x000000000800501c        0xc zephyr/drivers/spi/libdrivers__spi.a(spi_ll_stm32.c.obj)
 .text.spi_stm32_complete
                0x0000000008005028       0x5a zephyr/drivers/spi/libdrivers__spi.a(spi_ll_stm32.c.obj)
 .text.spi_stm32_isr
                0x0000000008005082      0x212 zephyr/drivers/spi/libdrivers__spi.a(spi_ll_stm32.c.obj)
 .text.uart_stm32_set_baudrate
                0x0000000008005294       0x2a zephyr/drivers/serial/libdrivers__serial.a(uart_stm32.c.obj)
 .text.uart_stm32_poll_out
                0x00000000080052be       0x14 zephyr/drivers/serial/libdrivers__serial.a(uart_stm32.c.obj)
 .text.uart_stm32_err_check
                0x00000000080052d2       0x3e zephyr/drivers/serial/libdrivers__serial.a(uart_stm32.c.obj)
 .text.uart_stm32_poll_in
                0x0000000008005310       0x24 zephyr/drivers/serial/libdrivers__serial.a(uart_stm32.c.obj)
 .text.uart_stm32_config_get
                0x0000000008005334       0x7a zephyr/drivers/serial/libdrivers__serial.a(uart_stm32.c.obj)
 .text.z_is_thread_ready
                0x00000000080053ae       0x12 zephyr/kernel/libkernel.a(sched.c.obj)
 .text.z_unpend_thread_no_timeout
                0x00000000080053c0       0x32 zephyr/kernel/libkernel.a(sched.c.obj)
                0x00000000080053c0                z_unpend_thread_no_timeout
 .text.z_reschedule
                0x00000000080053f2       0x1e zephyr/kernel/libkernel.a(sched.c.obj)
                0x00000000080053f2                z_reschedule
 .text.z_reschedule_irqlock
                0x0000000008005410       0x20 zephyr/kernel/libkernel.a(sched.c.obj)
                0x0000000008005410                z_reschedule_irqlock
 .text.z_reschedule_unlocked
                0x0000000008005430       0x14 zephyr/kernel/libkernel.a(sched.c.obj)
 .text.z_priq_dumb_best
                0x0000000008005444        0xc zephyr/kernel/libkernel.a(sched.c.obj)
                0x0000000008005444                z_priq_dumb_best
 .text.z_thread_timeout
                0x0000000008005450       0x62 zephyr/kernel/libkernel.a(sched.c.obj)
                0x0000000008005450                z_thread_timeout
 .text.z_unpend_first_thread
                0x00000000080054b2       0x5a zephyr/kernel/libkernel.a(sched.c.obj)
                0x00000000080054b2                z_unpend_first_thread
 .text.z_impl_k_sleep
                0x000000000800550c       0x26 zephyr/kernel/libkernel.a(sched.c.obj)
                0x000000000800550c                z_impl_k_sleep
 .text.z_is_thread_ready
                0x0000000008005532       0x12 zephyr/kernel/libkernel.a(thread.c.obj)
 .text.z_thread_single_abort
                0x0000000008005544       0x3e zephyr/kernel/libkernel.a(thread.c.obj)
                0x0000000008005544                z_thread_single_abort
 .text.z_init_thread_base
                0x0000000008005582       0x10 zephyr/kernel/libkernel.a(thread.c.obj)
                0x0000000008005582                z_init_thread_base
 .text.z_abort_timeout
                0x0000000008005592       0x2c zephyr/kernel/libkernel.a(timeout.c.obj)
                0x0000000008005592                z_abort_timeout
 .text.z_get_next_timeout_expiry
                0x00000000080055be       0x20 zephyr/kernel/libkernel.a(timeout.c.obj)
                0x00000000080055be                z_get_next_timeout_expiry
 .text.z_set_timeout_expiry
                0x00000000080055de       0x34 zephyr/kernel/libkernel.a(timeout.c.obj)
                0x00000000080055de                z_set_timeout_expiry
 .text.z_tick_get_32
                0x0000000008005612        0x8 zephyr/kernel/libkernel.a(timeout.c.obj)
                0x0000000008005612                z_tick_get_32
 .text.z_impl_k_uptime_get_32
                0x000000000800561a       0x1a zephyr/kernel/libkernel.a(timeout.c.obj)
                0x000000000800561a                z_impl_k_uptime_get_32
 .text.idle     0x0000000008005634       0x28 zephyr/kernel/libkernel.a(idle.c.obj)
                0x0000000008005634                idle
 .text._OffsetAbsSyms
                0x000000000800565c        0x2 zephyr/CMakeFiles/offsets.dir/arch/arm/core/offsets/offsets.c.obj
                0x000000000800565c                _OffsetAbsSyms
 *(SORT_BY_ALIGNMENT(.gnu.linkonce.t.*))
 *(SORT_BY_ALIGNMENT(.glue_7t))
 .glue_7t       0x000000000800565e        0x0 linker stubs
 *(SORT_BY_ALIGNMENT(.glue_7))
 .glue_7        0x000000000800565e        0x0 linker stubs
 *(SORT_BY_ALIGNMENT(.vfp11_veneer))
 .vfp11_veneer  0x000000000800565e        0x0 linker stubs
 *(SORT_BY_ALIGNMENT(.v4_bx))
 .v4_bx         0x000000000800565e        0x0 linker stubs
                0x000000000800565e                _image_text_end = .

.ARM.exidx      0x0000000008005660        0x8
                0x0000000008005660                __exidx_start = .
 *(SORT_BY_ALIGNMENT(.ARM.exidx*) SORT_BY_ALIGNMENT(gnu.linkonce.armexidx.*))
 .ARM.exidx     0x0000000008005660        0x8 /opt/zephyr-sdk/arm-zephyr-eabi/bin/../lib/gcc/arm-zephyr-eabi/8.3.0/thumb/v7e-m/nofp/libgcc.a(_udivmoddi4.o)
                0x0000000008005668                __exidx_end = .
                0x0000000008005668                _image_rodata_start = .

sw_isr_table    0x0000000008005668      0x370
 *(SORT_BY_ALIGNMENT(.gnu.linkonce.sw_isr_table))
 .gnu.linkonce.sw_isr_table
                0x0000000008005668      0x370 zephyr/CMakeFiles/zephyr_final.dir/isr_tables.c.obj
                0x0000000008005668                _sw_isr_table

app_shmem_regions
                0x00000000080059d8        0x0
                0x00000000080059d8                __app_shmem_regions_start = .
 *(SORT_BY_NAME(SORT_BY_ALIGNMENT(.app_regions.*)))
                0x00000000080059d8                __app_shmem_regions_end = .

devconfig       0x00000000080059d8       0xfc
                0x00000000080059d8                __devconfig_start = .
 *(SORT_BY_ALIGNMENT(.devconfig.*))
 .devconfig.init
                0x00000000080059d8        0xc zephyr/libzephyr.a(soc.c.obj)
 .devconfig.init
                0x00000000080059e4        0xc zephyr/libzephyr.a(uart_console.c.obj)
 .devconfig.init
                0x00000000080059f0        0xc zephyr/libzephyr.a(exti_stm32.c.obj)
 .devconfig.init
                0x00000000080059fc        0xc zephyr/libzephyr.a(clock_stm32_ll_common.c.obj)
 .devconfig.init
                0x0000000008005a08        0xc zephyr/libzephyr.a(sys_clock_init.c.obj)
 .devconfig.init
                0x0000000008005a14        0xc zephyr/boards/arm/stm32f769i_disco/libboards__arm__stm32f769i_disco.a(pinmux.c.obj)
 .devconfig.init
                0x0000000008005a20       0x84 zephyr/drivers/gpio/libdrivers__gpio.a(gpio_stm32.c.obj)
 .devconfig.init
                0x0000000008005aa4        0xc zephyr/drivers/spi/libdrivers__spi.a(spi_ll_stm32.c.obj)
 .devconfig.init
                0x0000000008005ab0       0x18 zephyr/drivers/serial/libdrivers__serial.a(uart_stm32.c.obj)
 .devconfig.init
                0x0000000008005ac8        0xc zephyr/kernel/libkernel.a(mempool.c.obj)
 *(SORT_BY_NAME(SORT_BY_ALIGNMENT(.devconfig*)))
                0x0000000008005ad4                __devconfig_end = .

net_l2          0x0000000008005ad4        0x0
                0x0000000008005ad4                __net_l2_start = .
 *(SORT_BY_ALIGNMENT(.net_l2.init))
 *(SORT_BY_NAME(SORT_BY_ALIGNMENT(.net_l2.init*)))
                0x0000000008005ad4                __net_l2_end = .

_bt_channels_area
                0x0000000008005ad4        0x0
                0x0000000008005ad4                _bt_channels_start = .
 *(SORT_BY_NAME(SORT_BY_ALIGNMENT(._bt_channels.static.*)))
                0x0000000008005ad4                _bt_channels_end = .

_bt_services_area
                0x0000000008005ad4        0x0
                0x0000000008005ad4                _bt_services_start = .
 *(SORT_BY_NAME(SORT_BY_ALIGNMENT(._bt_services.static.*)))
                0x0000000008005ad4                _bt_services_end = .

log_const_sections
                0x0000000008005ad4        0x0
                0x0000000008005ad4                __log_const_start = .
 *(SORT_BY_NAME(SORT_BY_ALIGNMENT(.log_const_*)))
                0x0000000008005ad4                __log_const_end = .

log_backends_sections
                0x0000000008005ad4        0x0
                0x0000000008005ad4                __log_backends_start = .
 *(SORT_BY_ALIGNMENT(.log_backends))
                0x0000000008005ad4                __log_backends_end = .

shell_root_cmds_sections
                0x0000000008005ad4        0x0
                0x0000000008005ad4                __shell_root_cmds_start = .
 *(SORT_BY_NAME(SORT_BY_ALIGNMENT(.shell_root_cmd_*)))
                0x0000000008005ad4                __shell_root_cmds_end = .

font_entry_sections
                0x0000000008005ad4        0x0
                0x0000000008005ad4                __font_entry_start = .
 *(SORT_BY_NAME(SORT_BY_ALIGNMENT(.font_entry.*)))
                0x0000000008005ad4                __font_entry_end = .

rodata          0x0000000008005ad4     0x2444
 *(SORT_BY_ALIGNMENT(.rodata))
 .rodata        0x0000000008005ad4        0x8 zephyr/drivers/gpio/libdrivers__gpio.a(gpio_stm32.c.obj)
 .rodata        0x0000000008005adc       0x20 zephyr/drivers/spi/libdrivers__spi.a(spi_ll_stm32.c.obj)
 *(SORT_BY_ALIGNMENT(.rodata.*))
 .rodata.ports_enable
                0x0000000008005afc       0x2c zephyr/libzephyr.a(pinmux_stm32.c.obj)
 .rodata.pinconf
                0x0000000008005b28       0x40 zephyr/boards/arm/stm32f769i_disco/libboards__arm__stm32f769i_disco.a(pinmux.c.obj)
 .rodata.gpio_stm32_cfg_a
                0x0000000008005b68       0x10 zephyr/drivers/gpio/libdrivers__gpio.a(gpio_stm32.c.obj)
 .rodata.gpio_stm32_cfg_b
                0x0000000008005b78       0x10 zephyr/drivers/gpio/libdrivers__gpio.a(gpio_stm32.c.obj)
 .rodata.gpio_stm32_cfg_c
                0x0000000008005b88       0x10 zephyr/drivers/gpio/libdrivers__gpio.a(gpio_stm32.c.obj)
 .rodata.gpio_stm32_cfg_d
                0x0000000008005b98       0x10 zephyr/drivers/gpio/libdrivers__gpio.a(gpio_stm32.c.obj)
 .rodata.gpio_stm32_cfg_e
                0x0000000008005ba8       0x10 zephyr/drivers/gpio/libdrivers__gpio.a(gpio_stm32.c.obj)
 .rodata.gpio_stm32_cfg_f
                0x0000000008005bb8       0x10 zephyr/drivers/gpio/libdrivers__gpio.a(gpio_stm32.c.obj)
 .rodata.gpio_stm32_cfg_g
                0x0000000008005bc8       0x10 zephyr/drivers/gpio/libdrivers__gpio.a(gpio_stm32.c.obj)
 .rodata.gpio_stm32_cfg_h
                0x0000000008005bd8       0x10 zephyr/drivers/gpio/libdrivers__gpio.a(gpio_stm32.c.obj)
 .rodata.gpio_stm32_cfg_i
                0x0000000008005be8       0x10 zephyr/drivers/gpio/libdrivers__gpio.a(gpio_stm32.c.obj)
 .rodata.gpio_stm32_cfg_j
                0x0000000008005bf8       0x10 zephyr/drivers/gpio/libdrivers__gpio.a(gpio_stm32.c.obj)
 .rodata.gpio_stm32_cfg_k
                0x0000000008005c08       0x10 zephyr/drivers/gpio/libdrivers__gpio.a(gpio_stm32.c.obj)
 .rodata.gpio_stm32_driver
                0x0000000008005c18       0x1c zephyr/drivers/gpio/libdrivers__gpio.a(gpio_stm32.c.obj)
 .rodata.api_funcs
                0x0000000008005c34        0x8 zephyr/drivers/spi/libdrivers__spi.a(spi_ll_stm32.c.obj)
 .rodata.spi_stm32_cfg_2
                0x0000000008005c3c       0x10 zephyr/drivers/spi/libdrivers__spi.a(spi_ll_stm32.c.obj)
 .rodata.uart_stm32_cfg_USART_1
                0x0000000008005c4c       0x14 zephyr/drivers/serial/libdrivers__serial.a(uart_stm32.c.obj)
 .rodata.uart_stm32_cfg_USART_6
                0x0000000008005c60       0x14 zephyr/drivers/serial/libdrivers__serial.a(uart_stm32.c.obj)
 .rodata.uart_stm32_driver_api
                0x0000000008005c74       0x14 zephyr/drivers/serial/libdrivers__serial.a(uart_stm32.c.obj)
 .rodata.config_levels.7454
                0x0000000008005c88       0x14 zephyr/kernel/libkernel.a(device.c.obj)
 .rodata._k_neg_eagain
                0x0000000008005c9c        0x4 zephyr/kernel/libkernel.a(errno.c.obj)
                0x0000000008005c9c                _k_neg_eagain
 .rodata._idle_thread
                0x0000000008005ca0        0x4 zephyr/kernel/libkernel.a(init.c.obj)
                0x0000000008005ca0                _idle_thread
 .rodata.CSWTCH.15
                0x0000000008005ca4        0x6 zephyr/drivers/serial/libdrivers__serial.a(uart_stm32.c.obj)
 .rodata.main.str1.1
                0x0000000008005caa       0x6d app/libapp.a(main.c.obj)
 .rodata.str1.1
                0x0000000008005d17       0x6d zephyr/libzephyr.a(soc.c.obj)
                                          0x1 (size before relaxing)
 .rodata.str1.1
                0x0000000008005d17        0x1 zephyr/libzephyr.a(uart_console.c.obj)
 .rodata.uart_console_init.str1.1
                0x0000000008005d17        0x7 zephyr/libzephyr.a(uart_console.c.obj)
 .rodata.exti_irq_table
                0x0000000008005d1e       0x18 zephyr/libzephyr.a(exti_stm32.c.obj)
                0x0000000008005d1e                exti_irq_table
 .rodata.str1.1
                0x0000000008005d36        0xb zephyr/libzephyr.a(exti_stm32.c.obj)
 .rodata.str1.1
                0x0000000008005d41        0x9 zephyr/libzephyr.a(clock_stm32_ll_common.c.obj)
 .rodata.LCD_Reset.str1.1
                0x0000000008005d4a       0x7c zephyr/libzephyr.a(stm32f7-otm8009a.c.obj)
 .rodata.z_pinmux_stm32_set.str1.1
                0x0000000008005dc6        0x9 zephyr/libzephyr.a(pinmux_stm32.c.obj)
 .rodata.str1.1
                0x0000000008005dc6        0xa zephyr/libzephyr.a(sys_clock_init.c.obj)
 .rodata.AHBPrescTable
                0x0000000008005dd0       0x10 zephyr/libzephyr.a(system_stm32f7xx.c.obj)
                0x0000000008005dd0                AHBPrescTable
 .rodata.flagBitshiftOffset.11879
                0x0000000008005de0        0x8 zephyr/libzephyr.a(stm32f7xx_hal_dma.c.obj)
 .rodata.ShortRegData1
                0x0000000008005de8        0x2 zephyr/libzephyr.a(otm8009a.c.obj)
                0x0000000008005de8                ShortRegData1
 .rodata.ShortRegData10
                0x0000000008005dea        0x2 zephyr/libzephyr.a(otm8009a.c.obj)
                0x0000000008005dea                ShortRegData10
 .rodata.ShortRegData11
                0x0000000008005dec        0x2 zephyr/libzephyr.a(otm8009a.c.obj)
                0x0000000008005dec                ShortRegData11
 .rodata.ShortRegData12
                0x0000000008005dee        0x2 zephyr/libzephyr.a(otm8009a.c.obj)
                0x0000000008005dee                ShortRegData12
 .rodata.ShortRegData13
                0x0000000008005df0        0x2 zephyr/libzephyr.a(otm8009a.c.obj)
                0x0000000008005df0                ShortRegData13
 .rodata.ShortRegData14
                0x0000000008005df2        0x2 zephyr/libzephyr.a(otm8009a.c.obj)
                0x0000000008005df2                ShortRegData14
 .rodata.ShortRegData15
                0x0000000008005df4        0x2 zephyr/libzephyr.a(otm8009a.c.obj)
                0x0000000008005df4                ShortRegData15
 .rodata.ShortRegData16
                0x0000000008005df6        0x2 zephyr/libzephyr.a(otm8009a.c.obj)
                0x0000000008005df6                ShortRegData16
 .rodata.ShortRegData17
                0x0000000008005df8        0x2 zephyr/libzephyr.a(otm8009a.c.obj)
                0x0000000008005df8                ShortRegData17
 .rodata.ShortRegData18
                0x0000000008005dfa        0x2 zephyr/libzephyr.a(otm8009a.c.obj)
                0x0000000008005dfa                ShortRegData18
 .rodata.ShortRegData19
                0x0000000008005dfc        0x2 zephyr/libzephyr.a(otm8009a.c.obj)
                0x0000000008005dfc                ShortRegData19
 .rodata.ShortRegData2
                0x0000000008005dfe        0x2 zephyr/libzephyr.a(otm8009a.c.obj)
                0x0000000008005dfe                ShortRegData2
 .rodata.ShortRegData20
                0x0000000008005e00        0x2 zephyr/libzephyr.a(otm8009a.c.obj)
                0x0000000008005e00                ShortRegData20
 .rodata.ShortRegData21
                0x0000000008005e02        0x2 zephyr/libzephyr.a(otm8009a.c.obj)
                0x0000000008005e02                ShortRegData21
 .rodata.ShortRegData22
                0x0000000008005e04        0x2 zephyr/libzephyr.a(otm8009a.c.obj)
                0x0000000008005e04                ShortRegData22
 .rodata.ShortRegData23
                0x0000000008005e06        0x2 zephyr/libzephyr.a(otm8009a.c.obj)
                0x0000000008005e06                ShortRegData23
 .rodata.ShortRegData24
                0x0000000008005e08        0x2 zephyr/libzephyr.a(otm8009a.c.obj)
                0x0000000008005e08                ShortRegData24
 .rodata.ShortRegData25
                0x0000000008005e0a        0x2 zephyr/libzephyr.a(otm8009a.c.obj)
                0x0000000008005e0a                ShortRegData25
 .rodata.ShortRegData26
                0x0000000008005e0c        0x2 zephyr/libzephyr.a(otm8009a.c.obj)
                0x0000000008005e0c                ShortRegData26
 .rodata.ShortRegData27
                0x0000000008005e0e        0x2 zephyr/libzephyr.a(otm8009a.c.obj)
                0x0000000008005e0e                ShortRegData27
 .rodata.ShortRegData28
                0x0000000008005e10        0x2 zephyr/libzephyr.a(otm8009a.c.obj)
                0x0000000008005e10                ShortRegData28
 .rodata.ShortRegData29
                0x0000000008005e12        0x2 zephyr/libzephyr.a(otm8009a.c.obj)
                0x0000000008005e12                ShortRegData29
 .rodata.ShortRegData3
                0x0000000008005e14        0x2 zephyr/libzephyr.a(otm8009a.c.obj)
                0x0000000008005e14                ShortRegData3
 .rodata.ShortRegData30
                0x0000000008005e16        0x2 zephyr/libzephyr.a(otm8009a.c.obj)
                0x0000000008005e16                ShortRegData30
 .rodata.ShortRegData31
                0x0000000008005e18        0x2 zephyr/libzephyr.a(otm8009a.c.obj)
                0x0000000008005e18                ShortRegData31
 .rodata.ShortRegData32
                0x0000000008005e1a        0x2 zephyr/libzephyr.a(otm8009a.c.obj)
                0x0000000008005e1a                ShortRegData32
 .rodata.ShortRegData33
                0x0000000008005e1c        0x2 zephyr/libzephyr.a(otm8009a.c.obj)
                0x0000000008005e1c                ShortRegData33
 .rodata.ShortRegData34
                0x0000000008005e1e        0x2 zephyr/libzephyr.a(otm8009a.c.obj)
                0x0000000008005e1e                ShortRegData34
 .rodata.ShortRegData35
                0x0000000008005e20        0x2 zephyr/libzephyr.a(otm8009a.c.obj)
                0x0000000008005e20                ShortRegData35
 .rodata.ShortRegData36
                0x0000000008005e22        0x2 zephyr/libzephyr.a(otm8009a.c.obj)
                0x0000000008005e22                ShortRegData36
 .rodata.ShortRegData37
                0x0000000008005e24        0x2 zephyr/libzephyr.a(otm8009a.c.obj)
                0x0000000008005e24                ShortRegData37
 .rodata.ShortRegData38
                0x0000000008005e26        0x2 zephyr/libzephyr.a(otm8009a.c.obj)
                0x0000000008005e26                ShortRegData38
 .rodata.ShortRegData39
                0x0000000008005e28        0x2 zephyr/libzephyr.a(otm8009a.c.obj)
                0x0000000008005e28                ShortRegData39
 .rodata.ShortRegData4
                0x0000000008005e2a        0x2 zephyr/libzephyr.a(otm8009a.c.obj)
                0x0000000008005e2a                ShortRegData4
 .rodata.ShortRegData40
                0x0000000008005e2c        0x2 zephyr/libzephyr.a(otm8009a.c.obj)
                0x0000000008005e2c                ShortRegData40
 .rodata.ShortRegData41
                0x0000000008005e2e        0x2 zephyr/libzephyr.a(otm8009a.c.obj)
                0x0000000008005e2e                ShortRegData41
 .rodata.ShortRegData42
                0x0000000008005e30        0x2 zephyr/libzephyr.a(otm8009a.c.obj)
                0x0000000008005e30                ShortRegData42
 .rodata.ShortRegData43
                0x0000000008005e32        0x2 zephyr/libzephyr.a(otm8009a.c.obj)
                0x0000000008005e32                ShortRegData43
 .rodata.ShortRegData44
                0x0000000008005e34        0x2 zephyr/libzephyr.a(otm8009a.c.obj)
                0x0000000008005e34                ShortRegData44
 .rodata.ShortRegData45
                0x0000000008005e36        0x2 zephyr/libzephyr.a(otm8009a.c.obj)
                0x0000000008005e36                ShortRegData45
 .rodata.ShortRegData46
                0x0000000008005e38        0x2 zephyr/libzephyr.a(otm8009a.c.obj)
                0x0000000008005e38                ShortRegData46
 .rodata.ShortRegData47
                0x0000000008005e3a        0x2 zephyr/libzephyr.a(otm8009a.c.obj)
                0x0000000008005e3a                ShortRegData47
 .rodata.ShortRegData48
                0x0000000008005e3c        0x2 zephyr/libzephyr.a(otm8009a.c.obj)
                0x0000000008005e3c                ShortRegData48
 .rodata.ShortRegData49
                0x0000000008005e3e        0x2 zephyr/libzephyr.a(otm8009a.c.obj)
                0x0000000008005e3e                ShortRegData49
 .rodata.ShortRegData5
                0x0000000008005e40        0x2 zephyr/libzephyr.a(otm8009a.c.obj)
                0x0000000008005e40                ShortRegData5
 .rodata.ShortRegData50
                0x0000000008005e42        0x2 zephyr/libzephyr.a(otm8009a.c.obj)
                0x0000000008005e42                ShortRegData50
 .rodata.ShortRegData51
                0x0000000008005e44        0x2 zephyr/libzephyr.a(otm8009a.c.obj)
                0x0000000008005e44                ShortRegData51
 .rodata.ShortRegData6
                0x0000000008005e46        0x2 zephyr/libzephyr.a(otm8009a.c.obj)
                0x0000000008005e46                ShortRegData6
 .rodata.ShortRegData7
                0x0000000008005e48        0x2 zephyr/libzephyr.a(otm8009a.c.obj)
                0x0000000008005e48                ShortRegData7
 .rodata.ShortRegData8
                0x0000000008005e4a        0x2 zephyr/libzephyr.a(otm8009a.c.obj)
                0x0000000008005e4a                ShortRegData8
 .rodata.ShortRegData9
                0x0000000008005e4c        0x2 zephyr/libzephyr.a(otm8009a.c.obj)
                0x0000000008005e4c                ShortRegData9
 .rodata.lcdRegData1
                0x0000000008005e4e        0x4 zephyr/libzephyr.a(otm8009a.c.obj)
                0x0000000008005e4e                lcdRegData1
 .rodata.lcdRegData10
                0x0000000008005e52        0xb zephyr/libzephyr.a(otm8009a.c.obj)
                0x0000000008005e52                lcdRegData10
 .rodata.lcdRegData11
                0x0000000008005e5d        0xb zephyr/libzephyr.a(otm8009a.c.obj)
                0x0000000008005e5d                lcdRegData11
 .rodata.lcdRegData12
                0x0000000008005e68       0x10 zephyr/libzephyr.a(otm8009a.c.obj)
                0x0000000008005e68                lcdRegData12
 .rodata.lcdRegData13
                0x0000000008005e78       0x10 zephyr/libzephyr.a(otm8009a.c.obj)
                0x0000000008005e78                lcdRegData13
 .rodata.lcdRegData14
                0x0000000008005e88        0xb zephyr/libzephyr.a(otm8009a.c.obj)
                0x0000000008005e88                lcdRegData14
 .rodata.lcdRegData15
                0x0000000008005e93       0x10 zephyr/libzephyr.a(otm8009a.c.obj)
                0x0000000008005e93                lcdRegData15
 .rodata.lcdRegData16
                0x0000000008005ea3       0x10 zephyr/libzephyr.a(otm8009a.c.obj)
                0x0000000008005ea3                lcdRegData16
 .rodata.lcdRegData17
                0x0000000008005eb3        0xb zephyr/libzephyr.a(otm8009a.c.obj)
                0x0000000008005eb3                lcdRegData17
 .rodata.lcdRegData18
                0x0000000008005ebe        0xb zephyr/libzephyr.a(otm8009a.c.obj)
                0x0000000008005ebe                lcdRegData18
 .rodata.lcdRegData19
                0x0000000008005ec9        0xb zephyr/libzephyr.a(otm8009a.c.obj)
                0x0000000008005ec9                lcdRegData19
 .rodata.lcdRegData2
                0x0000000008005ed4        0x3 zephyr/libzephyr.a(otm8009a.c.obj)
                0x0000000008005ed4                lcdRegData2
 .rodata.lcdRegData20
                0x0000000008005ed7       0x10 zephyr/libzephyr.a(otm8009a.c.obj)
                0x0000000008005ed7                lcdRegData20
 .rodata.lcdRegData21
                0x0000000008005ee7       0x10 zephyr/libzephyr.a(otm8009a.c.obj)
                0x0000000008005ee7                lcdRegData21
 .rodata.lcdRegData22
                0x0000000008005ef7        0xb zephyr/libzephyr.a(otm8009a.c.obj)
                0x0000000008005ef7                lcdRegData22
 .rodata.lcdRegData23
                0x0000000008005f02       0x10 zephyr/libzephyr.a(otm8009a.c.obj)
                0x0000000008005f02                lcdRegData23
 .rodata.lcdRegData24
                0x0000000008005f12       0x10 zephyr/libzephyr.a(otm8009a.c.obj)
                0x0000000008005f12                lcdRegData24
 .rodata.lcdRegData25
                0x0000000008005f22        0x4 zephyr/libzephyr.a(otm8009a.c.obj)
                0x0000000008005f22                lcdRegData25
 .rodata.lcdRegData27
                0x0000000008005f26        0x5 zephyr/libzephyr.a(otm8009a.c.obj)
                0x0000000008005f26                lcdRegData27
 .rodata.lcdRegData28
                0x0000000008005f2b        0x5 zephyr/libzephyr.a(otm8009a.c.obj)
                0x0000000008005f2b                lcdRegData28
 .rodata.lcdRegData3
                0x0000000008005f30       0x11 zephyr/libzephyr.a(otm8009a.c.obj)
                0x0000000008005f30                lcdRegData3
 .rodata.lcdRegData4
                0x0000000008005f41       0x11 zephyr/libzephyr.a(otm8009a.c.obj)
                0x0000000008005f41                lcdRegData4
 .rodata.lcdRegData5
                0x0000000008005f52        0x3 zephyr/libzephyr.a(otm8009a.c.obj)
                0x0000000008005f52                lcdRegData5
 .rodata.lcdRegData6
                0x0000000008005f55        0x3 zephyr/libzephyr.a(otm8009a.c.obj)
                0x0000000008005f55                lcdRegData6
 .rodata.lcdRegData7
                0x0000000008005f58        0x7 zephyr/libzephyr.a(otm8009a.c.obj)
                0x0000000008005f58                lcdRegData7
 .rodata.lcdRegData8
                0x0000000008005f5f        0xf zephyr/libzephyr.a(otm8009a.c.obj)
                0x0000000008005f5f                lcdRegData8
 .rodata.lcdRegData9
                0x0000000008005f6e        0xf zephyr/libzephyr.a(otm8009a.c.obj)
                0x0000000008005f6e                lcdRegData9
 .rodata.Font24_Table
                0x0000000008005f7d     0x1ab8 zephyr/libzephyr.a(font24.c.obj)
                0x0000000008005f7d                Font24_Table
 .rodata.BusFault.isra.3.str1.1
                0x0000000008007a35       0x8e zephyr/arch/arch/arm/core/libarch__arm__core.a(fault.c.obj)
 .rodata.MpuFault.isra.2.str1.1
                0x0000000008007ac3       0xdf zephyr/arch/arch/arm/core/libarch__arm__core.a(fault.c.obj)
 .rodata.UsageFault.isra.4.str1.1
                0x0000000008007ba2       0xd4 zephyr/arch/arch/arm/core/libarch__arm__core.a(fault.c.obj)
 .rodata._Fault.str1.1
                0x0000000008007c76       0xd3 zephyr/arch/arch/arm/core/libarch__arm__core.a(fault.c.obj)
 .rodata.z_NanoFatalErrorHandler.str1.1
                0x0000000008007d49       0xda zephyr/arch/arch/arm/core/libarch__arm__core.a(fatal.c.obj)
 .rodata.z_SysFatalErrorHandler.str1.1
                0x0000000008007e23       0x5a zephyr/arch/arch/arm/core/libarch__arm__core.a(sys_fatal_error_handler.c.obj)
 .rodata.str1.1
                0x0000000008007e7d        0x1 zephyr/boards/arm/stm32f769i_disco/libboards__arm__stm32f769i_disco.a(pinmux.c.obj)
 .rodata.gpio_stm32_init.str1.1
                0x0000000008007e7d        0x9 zephyr/drivers/gpio/libdrivers__gpio.a(gpio_stm32.c.obj)
 .rodata.str1.1
                0x0000000008007e7d       0x3c zephyr/drivers/gpio/libdrivers__gpio.a(gpio_stm32.c.obj)
                                         0x42 (size before relaxing)
 .rodata.spi_stm32_init.str1.1
                0x0000000008007eb9        0x9 zephyr/drivers/spi/libdrivers__spi.a(spi_ll_stm32.c.obj)
 .rodata.str1.1
                0x0000000008007eb9        0x6 zephyr/drivers/spi/libdrivers__spi.a(spi_ll_stm32.c.obj)
 .rodata.str1.1
                0x0000000008007ebf        0x7 zephyr/drivers/serial/libdrivers__serial.a(uart_stm32.c.obj)
                                          0xe (size before relaxing)
 .rodata.uart_stm32_init.str1.1
                0x0000000008007ec6        0x9 zephyr/drivers/serial/libdrivers__serial.a(uart_stm32.c.obj)
 .rodata.bg_thread_main.str1.1
                0x0000000008007ec6       0x47 zephyr/kernel/libkernel.a(init.c.obj)
 .rodata.z_cstart.str1.1
                0x0000000008007f0d        0xa zephyr/kernel/libkernel.a(init.c.obj)
 .rodata.str1.1
                0x0000000008007f17        0x1 zephyr/kernel/libkernel.a(mempool.c.obj)
 *(SORT_BY_ALIGNMENT(.gnu.linkonce.r.*))
                0x0000000008007f18                . = ALIGN (0x4)
 *fill*         0x0000000008007f17        0x1 
                0x0000000008007f18                _image_rodata_end = .
                0x0000000008007f18                . = ALIGN (_region_min_align)
                0x0000000008007f18                _image_rom_end = .
                0x0000000020020000                . = 0x20020000
                0x0000000020020000                . = ALIGN (_region_min_align)
                0x0000000020020000                _image_ram_start = .

.ramfunc        0x0000000020020000        0x0 load address 0x0000000008007f18
                0x0000000020020000                . = ALIGN (_region_min_align)
                0x0000000020020000                _ramfunc_ram_start = .
 *(SORT_BY_ALIGNMENT(.ramfunc))
 *(SORT_BY_ALIGNMENT(.ramfunc.*))
                0x0000000020020000                . = ALIGN (_region_min_align)
                0x0000000020020000                _ramfunc_ram_end = .
                0x0000000000000000                _ramfunc_ram_size = (_ramfunc_ram_end - _ramfunc_ram_start)
                0x0000000008007f18                _ramfunc_rom_start = LOADADDR (.ramfunc)

bss             0x0000000020020000      0x56c
                0x0000000020020000                . = ALIGN (0x4)
                0x0000000020020000                __bss_start = .
                0x0000000020020000                __kernel_ram_start = .
 *(SORT_BY_ALIGNMENT(.bss))
 *(SORT_BY_ALIGNMENT(.bss.*))
 .bss.curr_tick
                0x0000000020020000        0x8 zephyr/kernel/libkernel.a(timeout.c.obj)
 .bss.uart_console_dev
                0x0000000020020008        0x4 zephyr/libzephyr.a(uart_console.c.obj)
 .bss.exti_data
                0x000000002002000c       0xc0 zephyr/libzephyr.a(exti_stm32.c.obj)
 .bss.ActiveLayer
                0x00000000200200cc        0x4 zephyr/libzephyr.a(stm32f7-otm8009a.c.obj)
 .bss.DrawProp  0x00000000200200d0       0x18 zephyr/libzephyr.a(stm32f7-otm8009a.c.obj)
 .bss.PeriphClkInitStruct.16275
                0x00000000200200e8       0x90 zephyr/libzephyr.a(stm32f7-otm8009a.c.obj)
 .bss.dev       0x0000000020020178        0xc zephyr/libzephyr.a(stm32f7-otm8009a.c.obj)
                0x0000000020020178                dev
 .bss.hdma2d_discovery
                0x0000000020020184       0x58 zephyr/libzephyr.a(stm32f7-otm8009a.c.obj)
                0x0000000020020184                hdma2d_discovery
 .bss.hdsi_discovery
                0x00000000200201dc       0x1c zephyr/libzephyr.a(stm32f7-otm8009a.c.obj)
                0x00000000200201dc                hdsi_discovery
 .bss.hdsivideo_handle
                0x00000000200201f8       0x6c zephyr/libzephyr.a(stm32f7-otm8009a.c.obj)
 .bss.hltdc_discovery
                0x0000000020020264       0xa8 zephyr/libzephyr.a(stm32f7-otm8009a.c.obj)
                0x0000000020020264                hltdc_discovery
 .bss.otma      0x000000002002030c        0x8 zephyr/libzephyr.a(stm32f7-otm8009a.c.obj)
                0x000000002002030c                otma
 .bss.announced_cycles
                0x0000000020020314        0x4 zephyr/libzephyr.a(cortex_m_systick.c.obj)
 .bss.cycle_count
                0x0000000020020318        0x4 zephyr/libzephyr.a(cortex_m_systick.c.obj)
 .bss.last_load
                0x000000002002031c        0x4 zephyr/libzephyr.a(cortex_m_systick.c.obj)
 .bss.overflow_cyc
                0x0000000020020320        0x4 zephyr/libzephyr.a(cortex_m_systick.c.obj)
 .bss.Command   0x0000000020020324       0x10 zephyr/libzephyr.a(stm32f769i_discovery_sdram.c.obj)
 .bss.Timing    0x0000000020020334       0x1c zephyr/libzephyr.a(stm32f769i_discovery_sdram.c.obj)
 .bss.dma_handle.11831
                0x0000000020020350       0x60 zephyr/libzephyr.a(stm32f769i_discovery_sdram.c.obj)
 .bss.sdramHandle
                0x00000000200203b0       0x34 zephyr/libzephyr.a(stm32f769i_discovery_sdram.c.obj)
                0x00000000200203b0                sdramHandle
 .bss.gpio_stm32_data_a
                0x00000000200203e4        0xc zephyr/drivers/gpio/libdrivers__gpio.a(gpio_stm32.c.obj)
 .bss.gpio_stm32_data_b
                0x00000000200203f0        0xc zephyr/drivers/gpio/libdrivers__gpio.a(gpio_stm32.c.obj)
 .bss.gpio_stm32_data_c
                0x00000000200203fc        0xc zephyr/drivers/gpio/libdrivers__gpio.a(gpio_stm32.c.obj)
 .bss.gpio_stm32_data_d
                0x0000000020020408        0xc zephyr/drivers/gpio/libdrivers__gpio.a(gpio_stm32.c.obj)
 .bss.gpio_stm32_data_e
                0x0000000020020414        0xc zephyr/drivers/gpio/libdrivers__gpio.a(gpio_stm32.c.obj)
 .bss.gpio_stm32_data_f
                0x0000000020020420        0xc zephyr/drivers/gpio/libdrivers__gpio.a(gpio_stm32.c.obj)
 .bss.gpio_stm32_data_g
                0x000000002002042c        0xc zephyr/drivers/gpio/libdrivers__gpio.a(gpio_stm32.c.obj)
 .bss.gpio_stm32_data_h
                0x0000000020020438        0xc zephyr/drivers/gpio/libdrivers__gpio.a(gpio_stm32.c.obj)
 .bss.gpio_stm32_data_i
                0x0000000020020444        0xc zephyr/drivers/gpio/libdrivers__gpio.a(gpio_stm32.c.obj)
 .bss.gpio_stm32_data_j
                0x0000000020020450        0xc zephyr/drivers/gpio/libdrivers__gpio.a(gpio_stm32.c.obj)
 .bss.gpio_stm32_data_k
                0x000000002002045c        0xc zephyr/drivers/gpio/libdrivers__gpio.a(gpio_stm32.c.obj)
 .bss._idle_thread_s
                0x0000000020020468       0x64 zephyr/kernel/libkernel.a(init.c.obj)
 .bss._main_thread_s
                0x00000000200204cc       0x64 zephyr/kernel/libkernel.a(init.c.obj)
 .bss._kernel   0x0000000020020530       0x2c zephyr/kernel/libkernel.a(sched.c.obj)
                0x0000000020020530                _kernel
 .bss.pending_current
                0x000000002002055c        0x4 zephyr/kernel/libkernel.a(sched.c.obj)
 .bss.slice_max_prio
                0x0000000020020560        0x4 zephyr/kernel/libkernel.a(sched.c.obj)
 .bss.slice_time
                0x0000000020020564        0x4 zephyr/kernel/libkernel.a(sched.c.obj)
 .bss.announce_remaining
                0x0000000020020568        0x4 zephyr/kernel/libkernel.a(timeout.c.obj)
 .bss.lock      0x000000002002056c        0x0 zephyr/kernel/libkernel.a(sem.c.obj)
 .bss.lock      0x000000002002056c        0x0 zephyr/kernel/libkernel.a(thread.c.obj)
 *(SORT_BY_ALIGNMENT(COMMON))
 *(SORT_BY_ALIGNMENT(.kernel_bss.*))
                0x000000002002056c                __bss_end = ALIGN (0x4)

noinit          0x0000000020020570      0xd40
 *(SORT_BY_ALIGNMENT(.noinit))
 *(SORT_BY_ALIGNMENT(.noinit.*))
 .noinit."ZEPHYR_BASE/kernel/init.c".1
                0x0000000020020570      0x400 zephyr/kernel/libkernel.a(init.c.obj)
                0x0000000020020570                _main_stack
 .noinit."ZEPHYR_BASE/kernel/init.c".2
                0x0000000020020970      0x140 zephyr/kernel/libkernel.a(init.c.obj)
                0x0000000020020970                _idle_stack
 .noinit."ZEPHYR_BASE/kernel/init.c".3
                0x0000000020020ab0      0x800 zephyr/kernel/libkernel.a(init.c.obj)
                0x0000000020020ab0                _interrupt_stack
 *(SORT_BY_ALIGNMENT(.kernel_noinit.*))

datas           0x00000000200212b0       0x91 load address 0x0000000008007f18
                0x00000000200212b0                __data_ram_start = .
 *(SORT_BY_ALIGNMENT(.data))
 *(SORT_BY_ALIGNMENT(.data.*))
 .data._char_out
                0x00000000200212b0        0x4 zephyr/libzephyr.a(printk.c.obj)
                0x00000000200212b0                _char_out
 .data.stm32_clock_control_api
                0x00000000200212b4       0x14 zephyr/libzephyr.a(clock_stm32_ll_common.c.obj)
 .data.lcd_x_size
                0x00000000200212c8        0x4 zephyr/libzephyr.a(stm32f7-otm8009a.c.obj)
                0x00000000200212c8                lcd_x_size
 .data.lcd_y_size
                0x00000000200212cc        0x4 zephyr/libzephyr.a(stm32f7-otm8009a.c.obj)
                0x00000000200212cc                lcd_y_size
 .data.SystemCoreClock
                0x00000000200212d0        0x4 zephyr/libzephyr.a(system_stm32f7xx.c.obj)
                0x00000000200212d0                SystemCoreClock
 .data.Font24   0x00000000200212d4        0x8 zephyr/libzephyr.a(font24.c.obj)
                0x00000000200212d4                Font24
 .data._stdout_hook
                0x00000000200212dc        0x4 zephyr/lib/libc/minimal/liblib__libc__minimal.a(stdout_console.c.obj)
 .data.spi_stm32_dev_data_2
                0x00000000200212e0       0x48 zephyr/drivers/spi/libdrivers__spi.a(spi_ll_stm32.c.obj)
 .data.uart_stm32_data_USART_1
                0x0000000020021328        0x8 zephyr/drivers/serial/libdrivers__serial.a(uart_stm32.c.obj)
 .data.uart_stm32_data_USART_6
                0x0000000020021330        0x8 zephyr/drivers/serial/libdrivers__serial.a(uart_stm32.c.obj)
 .data.timeout_list
                0x0000000020021338        0x8 zephyr/kernel/libkernel.a(timeout.c.obj)
 .data.sdramstatus.11795
                0x0000000020021340        0x1 zephyr/libzephyr.a(stm32f769i_discovery_sdram.c.obj)
 *(SORT_BY_ALIGNMENT(.kernel.*))
                0x0000000008007f18                __data_rom_start = LOADADDR (datas)

initlevel       0x0000000020021344       0xfc load address 0x0000000008007fac
                0x0000000020021344                __device_init_start = .
                0x0000000020021344                __device_PRE_KERNEL_1_start = .
 *(SORT_BY_NAME(SORT_BY_ALIGNMENT(.init_PRE_KERNEL_1[0-9])))
 .init_PRE_KERNEL_10
                0x0000000020021344        0xc zephyr/libzephyr.a(soc.c.obj)
 .init_PRE_KERNEL_11
                0x0000000020021350        0xc zephyr/libzephyr.a(clock_stm32_ll_common.c.obj)
 .init_PRE_KERNEL_12
                0x000000002002135c        0xc zephyr/boards/arm/stm32f769i_disco/libboards__arm__stm32f769i_disco.a(pinmux.c.obj)
 *(SORT_BY_NAME(SORT_BY_ALIGNMENT(.init_PRE_KERNEL_1[1-9][0-9])))
 .init_PRE_KERNEL_130
                0x0000000020021368        0xc zephyr/kernel/libkernel.a(mempool.c.obj)
 .init_PRE_KERNEL_150
                0x0000000020021374        0xc zephyr/libzephyr.a(exti_stm32.c.obj)
 .init_PRE_KERNEL_150
                0x0000000020021380       0x18 zephyr/drivers/serial/libdrivers__serial.a(uart_stm32.c.obj)
 .init_PRE_KERNEL_160
                0x0000000020021398        0xc zephyr/libzephyr.a(uart_console.c.obj)
                0x00000000200213a4                __device_PRE_KERNEL_2_start = .
 *(SORT_BY_NAME(SORT_BY_ALIGNMENT(.init_PRE_KERNEL_2[0-9])))
 .init_PRE_KERNEL_20
                0x00000000200213a4        0xc zephyr/libzephyr.a(sys_clock_init.c.obj)
 *(SORT_BY_NAME(SORT_BY_ALIGNMENT(.init_PRE_KERNEL_2[1-9][0-9])))
                0x00000000200213b0                __device_POST_KERNEL_start = .
 *(SORT_BY_NAME(SORT_BY_ALIGNMENT(.init_POST_KERNEL[0-9])))
 *(SORT_BY_NAME(SORT_BY_ALIGNMENT(.init_POST_KERNEL[1-9][0-9])))
 .init_POST_KERNEL40
                0x00000000200213b0       0x84 zephyr/drivers/gpio/libdrivers__gpio.a(gpio_stm32.c.obj)
 .init_POST_KERNEL70
                0x0000000020021434        0xc zephyr/drivers/spi/libdrivers__spi.a(spi_ll_stm32.c.obj)
                0x0000000020021440                __device_APPLICATION_start = .
 *(SORT_BY_NAME(SORT_BY_ALIGNMENT(.init_APPLICATION[0-9])))
 *(SORT_BY_NAME(SORT_BY_ALIGNMENT(.init_APPLICATION[1-9][0-9])))
                0x0000000020021440                __device_init_end = .

initlevel_error
                0x0000000020021341        0x0
 *(SORT_BY_NAME(SORT_BY_ALIGNMENT(.init_[_A-Z0-9]*)))
                0x0000000000000001                ASSERT ((SIZEOF (initlevel_error) == 0x0), Undefined initialization levels used.)

initshell       0x0000000020021440        0x0 load address 0x00000000080080a8
                0x0000000020021440                __shell_module_start = .
 *(SORT_BY_ALIGNMENT(.shell_module_*))
                0x0000000020021440                __shell_module_end = .
                0x0000000020021440                __shell_cmd_start = .
 *(SORT_BY_ALIGNMENT(.shell_cmd_*))
                0x0000000020021440                __shell_cmd_end = .

log_dynamic_sections
                0x0000000020021440        0x0 load address 0x00000000080080a8
                0x0000000020021440                __log_dynamic_start = .
 *(SORT_BY_NAME(SORT_BY_ALIGNMENT(.log_dynamic_*)))
                0x0000000020021440                __log_dynamic_end = .

_static_thread_area
                0x0000000020021440        0x0 load address 0x00000000080080a8
                0x0000000020021440                __static_thread_data_list_start = .
 *(SORT_BY_NAME(SORT_BY_ALIGNMENT(.__static_thread_data.static.*)))
                0x0000000020021440                __static_thread_data_list_end = .

_k_timer_area   0x0000000020021440        0x0 load address 0x00000000080080a8
                0x0000000020021440                _k_timer_list_start = .
 *(SORT_BY_ALIGNMENT(._k_timer.static.*))
                0x0000000020021440                _k_timer_list_end = .

_k_mem_slab_area
                0x0000000020021440        0x0 load address 0x00000000080080a8
                0x0000000020021440                _k_mem_slab_list_start = .
 *(SORT_BY_ALIGNMENT(._k_mem_slab.static.*))
                0x0000000020021440                _k_mem_slab_list_end = .

_k_mem_pool_area
                0x0000000020021440        0x0 load address 0x00000000080080a8
                0x0000000020021440                _k_mem_pool_list_start = .
 *(SORT_BY_ALIGNMENT(._k_mem_pool.static.*))
                0x0000000020021440                _k_mem_pool_list_end = .

_k_sem_area     0x0000000020021440        0x0 load address 0x00000000080080a8
                0x0000000020021440                _k_sem_list_start = .
 *(SORT_BY_ALIGNMENT(._k_sem.static.*))
                0x0000000020021440                _k_sem_list_end = .

_k_mutex_area   0x0000000020021440       0x14 load address 0x00000000080080a8
                0x0000000020021440                _k_mutex_list_start = .
 *(SORT_BY_ALIGNMENT(._k_mutex.static.*))
 ._k_mutex.static.fdtable_lock
                0x0000000020021440       0x14 zephyr/libzephyr.a(fdtable.c.obj)
                0x0000000020021454                _k_mutex_list_end = .

_k_queue_area   0x0000000020021454        0x0 load address 0x00000000080080bc
                0x0000000020021454                _k_queue_list_start = .
 *(SORT_BY_ALIGNMENT(._k_queue.static.*))
 *(SORT_BY_ALIGNMENT(._k_fifo.static.*))
 *(SORT_BY_ALIGNMENT(._k_lifo.static.*))
                0x0000000020021454                _k_queue_list_end = .

_k_stack_area   0x0000000020021454        0x0 load address 0x00000000080080bc
                0x0000000020021454                _k_stack_list_start = .
 *(SORT_BY_ALIGNMENT(._k_stack.static.*))
                0x0000000020021454                _k_stack_list_end = .

_k_msgq_area    0x0000000020021454        0x0 load address 0x00000000080080bc
                0x0000000020021454                _k_msgq_list_start = .
 *(SORT_BY_ALIGNMENT(._k_msgq.static.*))
                0x0000000020021454                _k_msgq_list_end = .

_k_mbox_area    0x0000000020021454        0x0 load address 0x00000000080080bc
                0x0000000020021454                _k_mbox_list_start = .
 *(SORT_BY_ALIGNMENT(._k_mbox.static.*))
                0x0000000020021454                _k_mbox_list_end = .

_k_pipe_area    0x0000000020021454        0x0 load address 0x00000000080080bc
                0x0000000020021454                _k_pipe_list_start = .
 *(SORT_BY_ALIGNMENT(._k_pipe.static.*))
                0x0000000020021454                _k_pipe_list_end = .

_net_buf_pool_area
                0x0000000020021454        0x0 load address 0x00000000080080bc
                0x0000000020021454                _net_buf_pool_list = .
 *(SORT_BY_NAME(SORT_BY_ALIGNMENT(._net_buf_pool.static.*)))

net_if          0x0000000020021454        0x0 load address 0x00000000080080bc
                0x0000000020021454                __net_if_start = .
 *(SORT_BY_ALIGNMENT(.net_if.*))
 *(SORT_BY_NAME(SORT_BY_ALIGNMENT(.net_if.*)))
                0x0000000020021454                __net_if_end = .

net_if_dev      0x0000000020021454        0x0 load address 0x00000000080080bc
                0x0000000020021454                __net_if_dev_start = .
 *(SORT_BY_ALIGNMENT(.net_if_dev.*))
 *(SORT_BY_NAME(SORT_BY_ALIGNMENT(.net_if_dev.*)))
                0x0000000020021454                __net_if_dev_end = .

net_l2_data     0x0000000020021454        0x0 load address 0x00000000080080bc
                0x0000000020021454                __net_l2_data_start = .
 *(SORT_BY_ALIGNMENT(.net_l2.data))
 *(SORT_BY_NAME(SORT_BY_ALIGNMENT(.net_l2.data*)))
                0x0000000020021454                __net_l2_data_end = .

priv_stacks_noinit
                0x0000000020021454        0x0 load address 0x00000000080080bc
                0x0000000020021454                z_priv_stacks_ram_start = .
 *(SORT_BY_ALIGNMENT(.priv_stacks.noinit))
                0x0000000020021454                z_priv_stacks_ram_end = .
                0x0000000020021454                __data_ram_end = .
                0x0000000020021454                _image_ram_end = .
                0x0000000020021454                _end = .
                0x0000000020080000                __kernel_ram_end = 0x20080000
                0x0000000000060000                __kernel_ram_size = (__kernel_ram_end - __kernel_ram_start)

.stab
 *(SORT_BY_ALIGNMENT(.stab))

.stabstr
 *(SORT_BY_ALIGNMENT(.stabstr))

.stab.excl
 *(SORT_BY_ALIGNMENT(.stab.excl))

.stab.exclstr
 *(SORT_BY_ALIGNMENT(.stab.exclstr))

.stab.index
 *(SORT_BY_ALIGNMENT(.stab.index))

.stab.indexstr
 *(SORT_BY_ALIGNMENT(.stab.indexstr))

.gnu.build.attributes
 *(SORT_BY_ALIGNMENT(.gnu.build.attributes) SORT_BY_ALIGNMENT(.gnu.build.attributes.*))

.comment        0x0000000000000000       0x2b
 *(SORT_BY_ALIGNMENT(.comment))
 .comment       0x0000000000000000       0x2b zephyr/CMakeFiles/zephyr_final.dir/isr_tables.c.obj
                                         0x2c (size before relaxing)
 .comment       0x000000000000002b       0x2c app/libapp.a(main.c.obj)
 .comment       0x000000000000002b       0x2c zephyr/libzephyr.a(isr_tables.c.obj)
 .comment       0x000000000000002b       0x2c zephyr/libzephyr.a(fdtable.c.obj)
 .comment       0x000000000000002b       0x2c zephyr/libzephyr.a(mempool.c.obj)
 .comment       0x000000000000002b       0x2c zephyr/libzephyr.a(thread_entry.c.obj)
 .comment       0x000000000000002b       0x2c zephyr/libzephyr.a(printk.c.obj)
 .comment       0x000000000000002b       0x2c zephyr/libzephyr.a(configs.c.obj)
 .comment       0x000000000000002b       0x2c zephyr/libzephyr.a(soc.c.obj)
 .comment       0x000000000000002b       0x2c zephyr/libzephyr.a(stm32cube_hal.c.obj)
 .comment       0x000000000000002b       0x2c zephyr/libzephyr.a(uart_console.c.obj)
 .comment       0x000000000000002b       0x2c zephyr/libzephyr.a(exti_stm32.c.obj)
 .comment       0x000000000000002b       0x2c zephyr/libzephyr.a(clock_stm32_ll_common.c.obj)
 .comment       0x000000000000002b       0x2c zephyr/libzephyr.a(clock_stm32f2_f4_f7.c.obj)
 .comment       0x000000000000002b       0x2c zephyr/libzephyr.a(stm32f7-otm8009a.c.obj)
 .comment       0x000000000000002b       0x2c zephyr/libzephyr.a(pinmux_stm32.c.obj)
 .comment       0x000000000000002b       0x2c zephyr/libzephyr.a(sys_clock_init.c.obj)
 .comment       0x000000000000002b       0x2c zephyr/libzephyr.a(cortex_m_systick.c.obj)
 .comment       0x000000000000002b       0x2c zephyr/libzephyr.a(system_stm32f7xx.c.obj)
 .comment       0x000000000000002b       0x2c zephyr/libzephyr.a(stm32f7xx_hal_cortex.c.obj)
 .comment       0x000000000000002b       0x2c zephyr/libzephyr.a(stm32f7xx_hal_dma.c.obj)
 .comment       0x000000000000002b       0x2c zephyr/libzephyr.a(stm32f7xx_hal_dma2d.c.obj)
 .comment       0x000000000000002b       0x2c zephyr/libzephyr.a(stm32f7xx_hal_dsi.c.obj)
 .comment       0x000000000000002b       0x2c zephyr/libzephyr.a(stm32f7xx_hal_gpio.c.obj)
 .comment       0x000000000000002b       0x2c zephyr/libzephyr.a(stm32f7xx_hal_ltdc.c.obj)
 .comment       0x000000000000002b       0x2c zephyr/libzephyr.a(stm32f7xx_hal_ltdc_ex.c.obj)
 .comment       0x000000000000002b       0x2c zephyr/libzephyr.a(stm32f7xx_hal_rcc_ex.c.obj)
 .comment       0x000000000000002b       0x2c zephyr/libzephyr.a(stm32f7xx_hal_sdram.c.obj)
 .comment       0x000000000000002b       0x2c zephyr/libzephyr.a(stm32f7xx_ll_fmc.c.obj)
 .comment       0x000000000000002b       0x2c zephyr/libzephyr.a(stm32f7xx_ll_utils.c.obj)
 .comment       0x000000000000002b       0x2c zephyr/libzephyr.a(otm8009a.c.obj)
 .comment       0x000000000000002b       0x2c zephyr/libzephyr.a(stm32f769i_discovery.c.obj)
 .comment       0x000000000000002b       0x2c zephyr/libzephyr.a(stm32f769i_discovery_sdram.c.obj)
 .comment       0x000000000000002b       0x2c zephyr/libzephyr.a(font24.c.obj)
 .comment       0x000000000000002b       0x2c zephyr/arch/arch/arm/core/libarch__arm__core.a(irq_init.c.obj)
 .comment       0x000000000000002b       0x2c zephyr/arch/arch/arm/core/libarch__arm__core.a(swap.c.obj)
 .comment       0x000000000000002b       0x2c zephyr/arch/arch/arm/core/libarch__arm__core.a(fault.c.obj)
 .comment       0x000000000000002b       0x2c zephyr/arch/arch/arm/core/libarch__arm__core.a(irq_manage.c.obj)
 .comment       0x000000000000002b       0x2c zephyr/arch/arch/arm/core/libarch__arm__core.a(thread.c.obj)
 .comment       0x000000000000002b       0x2c zephyr/arch/arch/arm/core/libarch__arm__core.a(fatal.c.obj)
 .comment       0x000000000000002b       0x2c zephyr/arch/arch/arm/core/libarch__arm__core.a(sys_fatal_error_handler.c.obj)
 .comment       0x000000000000002b       0x2c zephyr/arch/arch/arm/core/libarch__arm__core.a(thread_abort.c.obj)
 .comment       0x000000000000002b       0x2c zephyr/arch/arch/arm/core/cortex_m/libarch__arm__core__cortex_m.a(prep_c.c.obj)
 .comment       0x000000000000002b       0x2c zephyr/arch/arch/arm/core/cortex_m/libarch__arm__core__cortex_m.a(nmi.c.obj)
 .comment       0x000000000000002b       0x2c zephyr/lib/libc/minimal/liblib__libc__minimal.a(string.c.obj)
 .comment       0x000000000000002b       0x2c zephyr/lib/libc/minimal/liblib__libc__minimal.a(stdout_console.c.obj)
 .comment       0x000000000000002b       0x2c zephyr/boards/arm/stm32f769i_disco/libboards__arm__stm32f769i_disco.a(pinmux.c.obj)
 .comment       0x000000000000002b       0x2c zephyr/drivers/gpio/libdrivers__gpio.a(gpio_stm32.c.obj)
 .comment       0x000000000000002b       0x2c zephyr/drivers/spi/libdrivers__spi.a(spi_ll_stm32.c.obj)
 .comment       0x000000000000002b       0x2c zephyr/drivers/serial/libdrivers__serial.a(uart_stm32.c.obj)
 .comment       0x000000000000002b       0x2c zephyr/kernel/libkernel.a(device.c.obj)
 .comment       0x000000000000002b       0x2c zephyr/kernel/libkernel.a(errno.c.obj)
 .comment       0x000000000000002b       0x2c zephyr/kernel/libkernel.a(init.c.obj)
 .comment       0x000000000000002b       0x2c zephyr/kernel/libkernel.a(sched.c.obj)
 .comment       0x000000000000002b       0x2c zephyr/kernel/libkernel.a(sem.c.obj)
 .comment       0x000000000000002b       0x2c zephyr/kernel/libkernel.a(thread.c.obj)
 .comment       0x000000000000002b       0x2c zephyr/kernel/libkernel.a(timeout.c.obj)
 .comment       0x000000000000002b       0x2c zephyr/kernel/libkernel.a(idle.c.obj)
 .comment       0x000000000000002b       0x2c zephyr/kernel/libkernel.a(mempool.c.obj)
 .comment       0x000000000000002b       0x2c zephyr/CMakeFiles/offsets.dir/arch/arm/core/offsets/offsets.c.obj
 .comment       0x000000000000002b       0x2c /opt/zephyr-sdk/arm-zephyr-eabi/bin/../lib/gcc/arm-zephyr-eabi/8.3.0/thumb/v7e-m/nofp/libgcc.a(_udivmoddi4.o)

.debug
 *(SORT_BY_ALIGNMENT(.debug))

.line
 *(SORT_BY_ALIGNMENT(.line))

.debug_srcinfo
 *(SORT_BY_ALIGNMENT(.debug_srcinfo))

.debug_sfnames
 *(SORT_BY_ALIGNMENT(.debug_sfnames))

.debug_aranges  0x0000000000000000     0x1780
 *(SORT_BY_ALIGNMENT(.debug_aranges))
 .debug_aranges
                0x0000000000000000       0x20 zephyr/arch/arch/arm/core/libarch__arm__core.a(exc_exit.S.obj)
 .debug_aranges
                0x0000000000000020       0x28 zephyr/arch/arch/arm/core/libarch__arm__core.a(swap_helper.S.obj)
 .debug_aranges
                0x0000000000000048       0x30 zephyr/arch/arch/arm/core/libarch__arm__core.a(cpu_idle.S.obj)
 .debug_aranges
                0x0000000000000078       0x20 zephyr/arch/arch/arm/core/libarch__arm__core.a(fault_s.S.obj)
 .debug_aranges
                0x0000000000000098       0x20 zephyr/arch/arch/arm/core/libarch__arm__core.a(isr_wrapper.S.obj)
 .debug_aranges
                0x00000000000000b8       0x20 zephyr/arch/arch/arm/core/cortex_m/libarch__arm__core__cortex_m.a(reset.S.obj)
 .debug_aranges
                0x00000000000000d8       0x20 zephyr/arch/arch/arm/core/cortex_m/libarch__arm__core__cortex_m.a(nmi_on_reset.S.obj)
 .debug_aranges
                0x00000000000000f8       0x20 /opt/zephyr-sdk/arm-zephyr-eabi/bin/../lib/gcc/arm-zephyr-eabi/8.3.0/thumb/v7e-m/nofp/libgcc.a(_aeabi_uldivmod.o)
 .debug_aranges
                0x0000000000000118       0x20 /opt/zephyr-sdk/arm-zephyr-eabi/bin/../lib/gcc/arm-zephyr-eabi/8.3.0/thumb/v7e-m/nofp/libgcc.a(_dvmd_tls.o)
 .debug_aranges
                0x0000000000000138       0x18 zephyr/CMakeFiles/zephyr_final.dir/isr_tables.c.obj
 .debug_aranges
                0x0000000000000150       0x20 app/libapp.a(main.c.obj)
 .debug_aranges
                0x0000000000000170       0x18 zephyr/libzephyr.a(isr_tables.c.obj)
 .debug_aranges
                0x0000000000000188       0x50 zephyr/libzephyr.a(fdtable.c.obj)
 .debug_aranges
                0x00000000000001d8       0x70 zephyr/libzephyr.a(mempool.c.obj)
 .debug_aranges
                0x0000000000000248       0x20 zephyr/libzephyr.a(thread_entry.c.obj)
 .debug_aranges
                0x0000000000000268       0x80 zephyr/libzephyr.a(printk.c.obj)
 .debug_aranges
                0x00000000000002e8       0x20 zephyr/libzephyr.a(configs.c.obj)
 .debug_aranges
                0x0000000000000308       0x20 zephyr/libzephyr.a(soc.c.obj)
 .debug_aranges
                0x0000000000000328       0x28 zephyr/libzephyr.a(stm32cube_hal.c.obj)
 .debug_aranges
                0x0000000000000350       0x30 zephyr/libzephyr.a(uart_console.c.obj)
 .debug_aranges
                0x0000000000000380       0xb0 zephyr/libzephyr.a(exti_stm32.c.obj)
 .debug_aranges
                0x0000000000000430       0x38 zephyr/libzephyr.a(clock_stm32_ll_common.c.obj)
 .debug_aranges
                0x0000000000000468       0x30 zephyr/libzephyr.a(clock_stm32f2_f4_f7.c.obj)
 .debug_aranges
                0x0000000000000498      0x120 zephyr/libzephyr.a(stm32f7-otm8009a.c.obj)
 .debug_aranges
                0x00000000000005b8       0x28 zephyr/libzephyr.a(pinmux_stm32.c.obj)
 .debug_aranges
                0x00000000000005e0       0x40 zephyr/libzephyr.a(sys_clock_init.c.obj)
 .debug_aranges
                0x0000000000000620       0x58 zephyr/libzephyr.a(cortex_m_systick.c.obj)
 .debug_aranges
                0x0000000000000678       0x28 zephyr/libzephyr.a(system_stm32f7xx.c.obj)
 .debug_aranges
                0x00000000000006a0       0xa8 zephyr/libzephyr.a(stm32f7xx_hal_cortex.c.obj)
 .debug_aranges
                0x0000000000000748       0x80 zephyr/libzephyr.a(stm32f7xx_hal_dma.c.obj)
 .debug_aranges
                0x00000000000007c8       0xf0 zephyr/libzephyr.a(stm32f7xx_hal_dma2d.c.obj)
 .debug_aranges
                0x00000000000008b8      0x150 zephyr/libzephyr.a(stm32f7xx_hal_dsi.c.obj)
 .debug_aranges
                0x0000000000000a08       0x58 zephyr/libzephyr.a(stm32f7xx_hal_gpio.c.obj)
 .debug_aranges
                0x0000000000000a60      0x138 zephyr/libzephyr.a(stm32f7xx_hal_ltdc.c.obj)
 .debug_aranges
                0x0000000000000b98       0x28 zephyr/libzephyr.a(stm32f7xx_hal_ltdc_ex.c.obj)
 .debug_aranges
                0x0000000000000bc0       0x50 zephyr/libzephyr.a(stm32f7xx_hal_rcc_ex.c.obj)
 .debug_aranges
                0x0000000000000c10       0xb0 zephyr/libzephyr.a(stm32f7xx_hal_sdram.c.obj)
 .debug_aranges
                0x0000000000000cc0       0xc8 zephyr/libzephyr.a(stm32f7xx_ll_fmc.c.obj)
 .debug_aranges
                0x0000000000000d88       0x58 zephyr/libzephyr.a(stm32f7xx_ll_utils.c.obj)
 .debug_aranges
                0x0000000000000de0       0x28 zephyr/libzephyr.a(otm8009a.c.obj)
 .debug_aranges
                0x0000000000000e08       0xe0 zephyr/libzephyr.a(stm32f769i_discovery.c.obj)
 .debug_aranges
                0x0000000000000ee8       0x68 zephyr/libzephyr.a(stm32f769i_discovery_sdram.c.obj)
 .debug_aranges
                0x0000000000000f50       0x18 zephyr/libzephyr.a(font24.c.obj)
 .debug_aranges
                0x0000000000000f68       0x20 zephyr/arch/arch/arm/core/libarch__arm__core.a(irq_init.c.obj)
 .debug_aranges
                0x0000000000000f88       0x20 zephyr/arch/arch/arm/core/libarch__arm__core.a(swap.c.obj)
 .debug_aranges