Archive member included to satisfy reference by file (symbol)

app/libapp.a(main.c.obj)      (--whole-archive)
zephyr/libzephyr.a(isr_tables.c.obj)
                              (--whole-archive)
zephyr/libzephyr.a(sw_isr_common.c.obj)
                              (--whole-archive)
zephyr/libzephyr.a(crc32_sw.c.obj)
                              (--whole-archive)
zephyr/libzephyr.a(crc16_sw.c.obj)
                              (--whole-archive)
zephyr/libzephyr.a(crc8_sw.c.obj)
                              (--whole-archive)
zephyr/libzephyr.a(crc7_sw.c.obj)
                              (--whole-archive)
zephyr/libzephyr.a(fdtable.c.obj)
                              (--whole-archive)
zephyr/libzephyr.a(mempool.c.obj)
                              (--whole-archive)
zephyr/libzephyr.a(rb.c.obj)  (--whole-archive)
zephyr/libzephyr.a(thread_entry.c.obj)
                              (--whole-archive)
zephyr/libzephyr.a(work_q.c.obj)
                              (--whole-archive)
zephyr/libzephyr.a(printk.c.obj)
                              (--whole-archive)
zephyr/libzephyr.a(configs.c.obj)
                              (--whole-archive)
zephyr/libzephyr.a(soc.c.obj)
                              (--whole-archive)
zephyr/libzephyr.a(stm32cube_hal.c.obj)
                              (--whole-archive)
zephyr/libzephyr.a(uart_console.c.obj)
                              (--whole-archive)
zephyr/libzephyr.a(exti_stm32.c.obj)
                              (--whole-archive)
zephyr/libzephyr.a(clock_stm32_ll_common.c.obj)
                              (--whole-archive)
zephyr/libzephyr.a(clock_stm32f2_f4_f7.c.obj)
                              (--whole-archive)
zephyr/libzephyr.a(pinmux_stm32.c.obj)
                              (--whole-archive)
zephyr/libzephyr.a(sys_clock_init.c.obj)
                              (--whole-archive)
zephyr/libzephyr.a(cortex_m_systick.c.obj)
                              (--whole-archive)
zephyr/libzephyr.a(system_stm32f7xx.c.obj)
                              (--whole-archive)
zephyr/libzephyr.a(stm32f7xx_hal.c.obj)
                              (--whole-archive)
zephyr/libzephyr.a(stm32f7xx_hal_rcc.c.obj)
                              (--whole-archive)
zephyr/libzephyr.a(stm32f7xx_hal_cortex.c.obj)
                              (--whole-archive)
zephyr/libzephyr.a(stm32f7xx_hal_dma.c.obj)
                              (--whole-archive)
zephyr/libzephyr.a(stm32f7xx_hal_dma2d.c.obj)
                              (--whole-archive)
zephyr/libzephyr.a(stm32f7xx_hal_dma_ex.c.obj)
                              (--whole-archive)
zephyr/libzephyr.a(stm32f7xx_hal_dsi.c.obj)
                              (--whole-archive)
zephyr/libzephyr.a(stm32f7xx_hal_gpio.c.obj)
                              (--whole-archive)
zephyr/libzephyr.a(stm32f7xx_hal_ltdc.c.obj)
                              (--whole-archive)
zephyr/libzephyr.a(stm32f7xx_hal_ltdc_ex.c.obj)
                              (--whole-archive)
zephyr/libzephyr.a(stm32f7xx_hal_rcc_ex.c.obj)
                              (--whole-archive)
zephyr/libzephyr.a(stm32f7xx_hal_sdram.c.obj)
                              (--whole-archive)
zephyr/libzephyr.a(stm32f7xx_hal_spi.c.obj)
                              (--whole-archive)
zephyr/libzephyr.a(stm32f7xx_hal_sram.c.obj)
                              (--whole-archive)
zephyr/libzephyr.a(stm32f7xx_ll_dma.c.obj)
                              (--whole-archive)
zephyr/libzephyr.a(stm32f7xx_ll_dma2d.c.obj)
                              (--whole-archive)
zephyr/libzephyr.a(stm32f7xx_ll_exti.c.obj)
                              (--whole-archive)
zephyr/libzephyr.a(stm32f7xx_ll_fmc.c.obj)
                              (--whole-archive)
zephyr/libzephyr.a(stm32f7xx_ll_gpio.c.obj)
                              (--whole-archive)
zephyr/libzephyr.a(stm32f7xx_ll_i2c.c.obj)
                              (--whole-archive)
zephyr/libzephyr.a(stm32f7xx_ll_rcc.c.obj)
                              (--whole-archive)
zephyr/libzephyr.a(stm32f7xx_ll_spi.c.obj)
                              (--whole-archive)
zephyr/libzephyr.a(stm32f7xx_ll_utils.c.obj)
                              (--whole-archive)
zephyr/libzephyr.a(otm8009a.c.obj)
                              (--whole-archive)
zephyr/libzephyr.a(stm32f769i_discovery.c.obj)
                              (--whole-archive)
zephyr/libzephyr.a(stm32f769i_discovery_sdram.c.obj)
                              (--whole-archive)
zephyr/libzephyr.a(adv7533.c.obj)
                              (--whole-archive)
zephyr/libzephyr.a(stm32f769i_discovery_lcd.c.obj)
                              (--whole-archive)
zephyr/arch/arch/arm/core/libarch__arm__core.a(exc_exit.S.obj)
                              (--whole-archive)
zephyr/arch/arch/arm/core/libarch__arm__core.a(irq_init.c.obj)
                              (--whole-archive)
zephyr/arch/arch/arm/core/libarch__arm__core.a(swap.c.obj)
                              (--whole-archive)
[...]
Memory Configuration

Name             Origin             Length             Attributes
FLASH            0x0000000008000000 0x0000000000200000 xr
SRAM             0x0000000020020000 0x0000000000060000 xw
IDT_LIST         0x0000000020080000 0x0000000000000800 xw
*default*        0x0000000000000000 0xffffffffffffffff

Linker script and memory map

LOAD zephyr/CMakeFiles/zephyr_final.dir/misc/empty_file.c.obj
LOAD zephyr/CMakeFiles/zephyr_final.dir/isr_tables.c.obj
                0x0000000000000004                _region_min_align = 0x4

.rel.plt        0x0000000008000000        0x0
 *(SORT_BY_ALIGNMENT(.rel.plt))
                [!provide]                        PROVIDE (__rel_iplt_start = .)
 *(SORT_BY_ALIGNMENT(.rel.iplt))
 .rel.iplt      0x0000000008000000        0x0 zephyr/CMakeFiles/zephyr_final.dir/isr_tables.c.obj
                [!provide]                        PROVIDE (__rel_iplt_end = .)

.rela.plt       0x0000000000000000        0x0
 *(SORT_BY_ALIGNMENT(.rela.plt))
                [!provide]                        PROVIDE (__rela_iplt_start = .)
 *(SORT_BY_ALIGNMENT(.rela.iplt))
                [!provide]                        PROVIDE (__rela_iplt_end = .)

.rel.dyn
 *(SORT_BY_ALIGNMENT(.rel.*))

.rela.dyn
 *(SORT_BY_ALIGNMENT(.rela.*))

/DISCARD/
 *(SORT_BY_ALIGNMENT(.plt))
 *(SORT_BY_ALIGNMENT(.iplt))
 *(SORT_BY_ALIGNMENT(.got.plt))
 *(SORT_BY_ALIGNMENT(.igot.plt))
 *(SORT_BY_ALIGNMENT(.got))
 *(SORT_BY_ALIGNMENT(.igot))
 *(SORT_BY_ALIGNMENT(.irq_info))
 *(SORT_BY_ALIGNMENT(.intList))
                0x0000000008000000                _image_rom_start = 0x8000000

text            0x0000000008000000      0x1f8
                0x0000000000000000                . = 0x0
                0x0000000008000000                _vector_start = .
 *(SORT_BY_ALIGNMENT(.exc_vector_table))
 *(SORT_BY_ALIGNMENT(.exc_vector_table.*))
 .exc_vector_table._vector_table_section
                0x0000000008000000       0x40 zephyr/arch/arch/arm/core/cortex_m/libarch__arm__core__cortex_m.a(vector_table.S.obj)
                0x0000000008000000                _vector_table
 *(SORT_BY_ALIGNMENT(.gnu.linkonce.irq_vector_table))
 .gnu.linkonce.irq_vector_table
                0x0000000008000040      0x1b8 zephyr/CMakeFiles/zephyr_final.dir/isr_tables.c.obj
                0x0000000008000040                _irq_vector_table
 *(SORT_BY_ALIGNMENT(.vectors))
 *(SORT_BY_ALIGNMENT(.openocd_dbg))
 *(SORT_BY_ALIGNMENT(.openocd_dbg.*))
 *(SORT_BY_ALIGNMENT(.kinetis_flash_config))
 *(SORT_BY_ALIGNMENT(.kinetis_flash_config.*))
                0x00000000080001f8                _vector_end = .

_TEXT_SECTION_NAME_2
                0x00000000080001f8     0x2a2c
                0x00000000080001f8                _image_text_start = .
 *(SORT_BY_ALIGNMENT(.text))
 .text          0x00000000080001f8       0x30 /opt/zephyr-sdk/arm-zephyr-eabi/bin/../lib/gcc/arm-zephyr-eabi/8.3.0/thumb/v7e-m/nofp/libgcc.a(_aeabi_uldivmod.o)
                0x00000000080001f8                __aeabi_uldivmod
 .text          0x0000000008000228        0x4 /opt/zephyr-sdk/arm-zephyr-eabi/bin/../lib/gcc/arm-zephyr-eabi/8.3.0/thumb/v7e-m/nofp/libgcc.a(_dvmd_tls.o)
                0x0000000008000228                __aeabi_ldiv0
                0x0000000008000228                __aeabi_idiv0
 .text          0x000000000800022c      0x2b4 /opt/zephyr-sdk/arm-zephyr-eabi/bin/../lib/gcc/arm-zephyr-eabi/8.3.0/thumb/v7e-m/nofp/libgcc.a(_udivmoddi4.o)
                0x000000000800022c                __udivmoddi4
 *(SORT_BY_ALIGNMENT(.text.*))
 .text.button_pressed
                0x00000000080004e0       0x18 app/libapp.a(main.c.obj)
                0x00000000080004e0                button_pressed
 .text.main     0x00000000080004f8       0x7c app/libapp.a(main.c.obj)
                0x00000000080004f8                main
 .text.char_out
                0x0000000008000574       0x10 zephyr/libzephyr.a(printk.c.obj)
 .text._printk_dec_ulong
                0x0000000008000584       0x9c zephyr/libzephyr.a(printk.c.obj)
 .text.__printk_hook_install
                0x0000000008000620        0xc zephyr/libzephyr.a(printk.c.obj)
                0x0000000008000620                __printk_hook_install
 .text.vprintk  0x000000000800062c       0x1c zephyr/libzephyr.a(printk.c.obj)
                0x000000000800062c                vprintk
 .text.st_stm32f7_init
                0x0000000008000648       0xb8 zephyr/libzephyr.a(soc.c.obj)
 .text.console_out
                0x0000000008000700       0x28 zephyr/libzephyr.a(uart_console.c.obj)
 .text.uart_console_hook_install
                0x0000000008000728       0x18 zephyr/libzephyr.a(uart_console.c.obj)
                0x0000000008000728                uart_console_hook_install
 .text.uart_console_init
                0x0000000008000740       0x1c zephyr/libzephyr.a(uart_console.c.obj)
 .text.__stm32_exti_isr
                0x000000000800075c       0x40 zephyr/libzephyr.a(exti_stm32.c.obj)
 .text.stm32_exti_enable
                0x000000000800079c       0x34 zephyr/libzephyr.a(exti_stm32.c.obj)
                0x000000000800079c                stm32_exti_enable
 .text.stm32_exti_trigger
                0x00000000080007d0       0x30 zephyr/libzephyr.a(exti_stm32.c.obj)
                0x00000000080007d0                stm32_exti_trigger
 .text.stm32_exti_set_callback
                0x0000000008000800       0x24 zephyr/libzephyr.a(exti_stm32.c.obj)
                0x0000000008000800                stm32_exti_set_callback
 .text.stm32_clock_control_on
                0x0000000008000824       0x70 zephyr/libzephyr.a(clock_stm32_ll_common.c.obj)
 .text.stm32_clock_control_off
                0x0000000008000894       0x54 zephyr/libzephyr.a(clock_stm32_ll_common.c.obj)
 .text.stm32_clock_control_get_subsys_rate
                0x00000000080008e8       0x28 zephyr/libzephyr.a(clock_stm32_ll_common.c.obj)
 .text.stm32_clock_control_init
                0x0000000008000910       0x88 zephyr/libzephyr.a(clock_stm32_ll_common.c.obj)
 .text.config_enable_default_clocks
                0x0000000008000998       0x20 zephyr/libzephyr.a(clock_stm32f2_f4_f7.c.obj)
                0x0000000008000998                config_enable_default_clocks
 .text.z_pinmux_stm32_set
                0x00000000080009b8       0x5c zephyr/libzephyr.a(pinmux_stm32.c.obj)
                0x00000000080009b8                z_pinmux_stm32_set
 .text.stm32_setup_pins
                0x0000000008000a14       0x30 zephyr/libzephyr.a(pinmux_stm32.c.obj)
                0x0000000008000a14                stm32_setup_pins
 .text.elapsed  0x0000000008000a44       0x4c zephyr/libzephyr.a(cortex_m_systick.c.obj)
 .text.z_clock_isr
                0x0000000008000a90       0x50 zephyr/libzephyr.a(cortex_m_systick.c.obj)
                0x0000000008000a90                z_clock_isr
 .text.z_clock_driver_init
                0x0000000008000ae0       0x38 zephyr/libzephyr.a(cortex_m_systick.c.obj)
                0x0000000008000ae0                z_clock_driver_init
 .text.z_clock_set_timeout
                0x0000000008000b18       0xa0 zephyr/libzephyr.a(cortex_m_systick.c.obj)
                0x0000000008000b18                z_clock_set_timeout
 .text.z_clock_elapsed
                0x0000000008000bb8       0x40 zephyr/libzephyr.a(cortex_m_systick.c.obj)
                0x0000000008000bb8                z_clock_elapsed
 .text.z_timer_cycle_get_32
                0x0000000008000bf8       0x2c zephyr/libzephyr.a(cortex_m_systick.c.obj)
                0x0000000008000bf8                z_timer_cycle_get_32
 .text.UTILS_PLL_IsBusy
                0x0000000008000c24       0x28 zephyr/libzephyr.a(stm32f7xx_ll_utils.c.obj)
 .text.UTILS_SetFlashLatency.part.0
                0x0000000008000c4c       0xdc zephyr/libzephyr.a(stm32f7xx_ll_utils.c.obj)
 .text.UTILS_EnablePLLAndSwitchSystem
                0x0000000008000d28       0xa0 zephyr/libzephyr.a(stm32f7xx_ll_utils.c.obj)
 .text.LL_PLL_ConfigSystemClock_HSE
                0x0000000008000dc8       0x90 zephyr/libzephyr.a(stm32f7xx_ll_utils.c.obj)
                0x0000000008000dc8                LL_PLL_ConfigSystemClock_HSE
 .text._HandlerModeExit
                0x0000000008000e58       0x1c zephyr/arch/arch/arm/core/libarch__arm__core.a(exc_exit.S.obj)
                0x0000000008000e58                z_ExcExit
                0x0000000008000e58                _IntExit
 .text.z_IntLibInit
                0x0000000008000e74       0x18 zephyr/arch/arch/arm/core/libarch__arm__core.a(irq_init.c.obj)
                0x0000000008000e74                z_IntLibInit
 .text.__swap   0x0000000008000e8c       0x34 zephyr/arch/arch/arm/core/libarch__arm__core.a(swap.c.obj)
                0x0000000008000e8c                __swap
 .text.__pendsv
                0x0000000008000ec0       0x48 zephyr/arch/arch/arm/core/libarch__arm__core.a(swap_helper.S.obj)
                0x0000000008000ec0                __pendsv
 .text.__svc    0x0000000008000f08       0x24 zephyr/arch/arch/arm/core/libarch__arm__core.a(swap_helper.S.obj)
                0x0000000008000f08                __svc
 .text.MpuFault.isra.2
                0x0000000008000f2c       0x94 zephyr/arch/arch/arm/core/libarch__arm__core.a(fault.c.obj)
 .text.BusFault.isra.3
                0x0000000008000fc0       0xa0 zephyr/arch/arch/arm/core/libarch__arm__core.a(fault.c.obj)
 .text.UsageFault.isra.4
                0x0000000008001060       0x88 zephyr/arch/arch/arm/core/libarch__arm__core.a(fault.c.obj)
 .text._Fault   0x00000000080010e8       0xd0 zephyr/arch/arch/arm/core/libarch__arm__core.a(fault.c.obj)
                0x00000000080010e8                _Fault
 .text.z_FaultInit
                0x00000000080011b8       0x10 zephyr/arch/arch/arm/core/libarch__arm__core.a(fault.c.obj)
                0x00000000080011b8                z_FaultInit
 .text.z_arch_irq_enable
                0x00000000080011c8       0x20 zephyr/arch/arch/arm/core/libarch__arm__core.a(irq_manage.c.obj)
                0x00000000080011c8                z_arch_irq_enable
 .text.z_irq_priority_set
                0x00000000080011e8       0x2c zephyr/arch/arch/arm/core/libarch__arm__core.a(irq_manage.c.obj)
                0x00000000080011e8                z_irq_priority_set
 .text.z_new_thread
                0x0000000008001214       0x48 zephyr/arch/arch/arm/core/libarch__arm__core.a(thread.c.obj)
                0x0000000008001214                z_new_thread
 .text.z_CpuIdleInit
                0x000000000800125c        0xc zephyr/arch/arch/arm/core/libarch__arm__core.a(cpu_idle.S.obj)
                0x000000000800125c                z_CpuIdleInit
 .text.k_cpu_idle
                0x0000000008001268        0xc zephyr/arch/arch/arm/core/libarch__arm__core.a(cpu_idle.S.obj)
                0x0000000008001268                k_cpu_idle
 .text.__fault  0x0000000008001274       0x28 zephyr/arch/arch/arm/core/libarch__arm__core.a(fault_s.S.obj)
                0x0000000008001274                __usage_fault
                0x0000000008001274                __reserved
                0x0000000008001274                __bus_fault
                0x0000000008001274                __debug_monitor
                0x0000000008001274                __mpu_fault
                0x0000000008001274                __hard_fault
 .text.z_NanoFatalErrorHandler
                0x000000000800129c       0x64 zephyr/arch/arch/arm/core/libarch__arm__core.a(fatal.c.obj)
                0x000000000800129c                z_NanoFatalErrorHandler
 .text.z_SysFatalErrorHandler
                0x0000000008001300       0x58 zephyr/arch/arch/arm/core/libarch__arm__core.a(sys_fatal_error_handler.c.obj)
                0x0000000008001300                z_SysFatalErrorHandler
 .text.z_impl_k_thread_abort
                0x0000000008001358       0x4c zephyr/arch/arch/arm/core/libarch__arm__core.a(thread_abort.c.obj)
                0x0000000008001358                z_impl_k_thread_abort
 .text._isr_wrapper
                0x00000000080013a4       0x28 zephyr/arch/arch/arm/core/libarch__arm__core.a(isr_wrapper.S.obj)
                0x00000000080013a4                _isr_wrapper
 .text._reset_section
                0x00000000080013cc       0x2c zephyr/arch/arch/arm/core/cortex_m/libarch__arm__core__cortex_m.a(reset.S.obj)
                0x00000000080013cc                __reset
                0x00000000080013cc                __start
 .text.z_SysNmiOnReset
                0x00000000080013f8        0x8 zephyr/arch/arch/arm/core/cortex_m/libarch__arm__core__cortex_m.a(nmi_on_reset.S.obj)
                0x00000000080013f8                z_SysNmiOnReset
 .text._PrepC   0x0000000008001400       0x2c zephyr/arch/arch/arm/core/cortex_m/libarch__arm__core__cortex_m.a(prep_c.c.obj)
                0x0000000008001400                _PrepC
 .text.__stdout_hook_install
                0x000000000800142c        0xc zephyr/lib/libc/minimal/liblib__libc__minimal.a(stdout_console.c.obj)
                0x000000000800142c                __stdout_hook_install
 .text.pinmux_stm32_init
                0x0000000008001438       0x14 zephyr/boards/arm/stm32f769i_disco/libboards__arm__stm32f769i_disco.a(pinmux.c.obj)
 .text.gpio_stm32_init
                0x000000000800144c       0x24 zephyr/drivers/gpio/libdrivers__gpio.a(gpio_stm32.c.obj)
 .text.gpio_stm32_enable_int
                0x0000000008001470       0x80 zephyr/drivers/gpio/libdrivers__gpio.a(gpio_stm32.c.obj)
                0x0000000008001470                gpio_stm32_enable_int
 .text.gpio_stm32_config
                0x00000000080014f0       0x98 zephyr/drivers/gpio/libdrivers__gpio.a(gpio_stm32.c.obj)
 .text.uart_stm32_configure
                0x0000000008001588      0x144 zephyr/drivers/serial/libdrivers__serial.a(uart_stm32.c.obj)
 .text.uart_stm32_init
                0x00000000080016cc       0x88 zephyr/drivers/serial/libdrivers__serial.a(uart_stm32.c.obj)
 .text.z_sys_device_do_config_level
                0x0000000008001754       0x2c zephyr/kernel/libkernel.a(device.c.obj)
                0x0000000008001754                z_sys_device_do_config_level
 .text.z_impl_device_get_binding
                0x0000000008001780       0x4c zephyr/kernel/libkernel.a(device.c.obj)
                0x0000000008001780                z_impl_device_get_binding
 .text.z_bss_zero
                0x00000000080017cc       0x14 zephyr/kernel/libkernel.a(init.c.obj)
                0x00000000080017cc                z_bss_zero
 .text.z_data_copy
                0x00000000080017e0       0x34 zephyr/kernel/libkernel.a(init.c.obj)
                0x00000000080017e0                z_data_copy
 .text.bg_thread_main
                0x0000000008001814       0x30 zephyr/kernel/libkernel.a(init.c.obj)
 .text.z_cstart
                0x0000000008001844      0x120 zephyr/kernel/libkernel.a(init.c.obj)
                0x0000000008001844                z_cstart
 .text.reset_time_slice
                0x0000000008001964       0x24 zephyr/kernel/libkernel.a(sched.c.obj)
 .text.resched.part.15
                0x0000000008001988       0x24 zephyr/kernel/libkernel.a(sched.c.obj)
 .text.k_sched_time_slice_set
                0x00000000080019ac       0x3c zephyr/kernel/libkernel.a(sched.c.obj)
                0x00000000080019ac                k_sched_time_slice_set
 .text.k_sched_lock
                0x00000000080019e8       0x28 zephyr/kernel/libkernel.a(sched.c.obj)
                0x00000000080019e8                k_sched_lock
 .text.z_priq_dumb_remove
                0x0000000008001a10       0x2c zephyr/kernel/libkernel.a(sched.c.obj)
                0x0000000008001a10                z_priq_dumb_remove
 .text.update_cache
                0x0000000008001a3c       0x3c zephyr/kernel/libkernel.a(sched.c.obj)
 .text.k_sched_unlock
                0x0000000008001a78       0x38 zephyr/kernel/libkernel.a(sched.c.obj)
                0x0000000008001a78                k_sched_unlock
 .text.z_add_thread_to_ready_q
                0x0000000008001ab0       0x6c zephyr/kernel/libkernel.a(sched.c.obj)
                0x0000000008001ab0                z_add_thread_to_ready_q
 .text.z_move_thread_to_end_of_prio_q
                0x0000000008001b1c       0x80 zephyr/kernel/libkernel.a(sched.c.obj)
                0x0000000008001b1c                z_move_thread_to_end_of_prio_q
 .text.z_time_slice
                0x0000000008001b9c       0x68 zephyr/kernel/libkernel.a(sched.c.obj)
                0x0000000008001b9c                z_time_slice
 .text.z_remove_thread_from_ready_q
                0x0000000008001c04       0x4c zephyr/kernel/libkernel.a(sched.c.obj)
                0x0000000008001c04                z_remove_thread_from_ready_q
 .text.z_tick_sleep.part.16
                0x0000000008001c50       0x5c zephyr/kernel/libkernel.a(sched.c.obj)
 .text.z_sched_init
                0x0000000008001cac       0x18 zephyr/kernel/libkernel.a(sched.c.obj)
                0x0000000008001cac                z_sched_init
 .text.z_impl_k_yield
                0x0000000008001cc4       0x94 zephyr/kernel/libkernel.a(sched.c.obj)
                0x0000000008001cc4                z_impl_k_yield
 .text.z_impl_k_current_get
                0x0000000008001d58        0xc zephyr/kernel/libkernel.a(sched.c.obj)
                0x0000000008001d58                z_impl_k_current_get
 .text.k_is_in_isr
                0x0000000008001d64       0x20 zephyr/kernel/libkernel.a(thread.c.obj)
                0x0000000008001d64                k_is_in_isr
 .text.z_is_thread_essential
                0x0000000008001d84       0x10 zephyr/kernel/libkernel.a(thread.c.obj)
                0x0000000008001d84                z_is_thread_essential
 .text.z_impl_k_thread_start
                0x0000000008001d94       0x48 zephyr/kernel/libkernel.a(thread.c.obj)
                0x0000000008001d94                z_impl_k_thread_start
 .text.z_setup_new_thread
                0x0000000008001ddc       0x30 zephyr/kernel/libkernel.a(thread.c.obj)
                0x0000000008001ddc                z_setup_new_thread
 .text.z_init_static_threads
                0x0000000008001e0c       0x8c zephyr/kernel/libkernel.a(thread.c.obj)
                0x0000000008001e0c                z_init_static_threads
 .text.elapsed  0x0000000008001e98       0x14 zephyr/kernel/libkernel.a(timeout.c.obj)
 .text.remove_timeout
                0x0000000008001eac       0x28 zephyr/kernel/libkernel.a(timeout.c.obj)
 .text.next_timeout
                0x0000000008001ed4       0x40 zephyr/kernel/libkernel.a(timeout.c.obj)
 .text.z_add_timeout
                0x0000000008001f14       0x84 zephyr/kernel/libkernel.a(timeout.c.obj)
                0x0000000008001f14                z_add_timeout
 .text.z_clock_announce
                0x0000000008001f98       0xac zephyr/kernel/libkernel.a(timeout.c.obj)
                0x0000000008001f98                z_clock_announce
 .text.z_tick_get
                0x0000000008002044       0x3c zephyr/kernel/libkernel.a(timeout.c.obj)
                0x0000000008002044                z_tick_get
 .text.init_static_pools
                0x0000000008002080       0x28 zephyr/kernel/libkernel.a(mempool.c.obj)
                0x0000000008002080                init_static_pools
 .text.get_bit_ptr
                0x00000000080020a8       0x2e zephyr/libzephyr.a(mempool.c.obj)
 .text.set_free_bit
                0x00000000080020d6       0x1c zephyr/libzephyr.a(mempool.c.obj)
 .text.z_sys_mem_pool_base_init
                0x00000000080020f2       0x94 zephyr/libzephyr.a(mempool.c.obj)
                0x00000000080020f2                z_sys_mem_pool_base_init
 .text.z_thread_entry
                0x0000000008002186       0x14 zephyr/libzephyr.a(thread_entry.c.obj)
                0x0000000008002186                z_thread_entry
 .text.z_arch_printk_char_out
                0x000000000800219a        0x4 zephyr/libzephyr.a(printk.c.obj)
                0x000000000800219a                z_arch_printk_char_out
 .text.print_err
                0x000000000800219e       0x1c zephyr/libzephyr.a(printk.c.obj)
 .text.z_vprintk
                0x00000000080021ba      0x2e0 zephyr/libzephyr.a(printk.c.obj)
                0x00000000080021ba                z_vprintk
 .text.printk   0x000000000800249a       0x1a zephyr/libzephyr.a(printk.c.obj)
                0x000000000800249a                printk
 .text._ConfigAbsSyms
                0x00000000080024b4        0x2 zephyr/libzephyr.a(configs.c.obj)
                0x00000000080024b4                _ConfigAbsSyms
 .text.__stm32_exti_isr_0
                0x00000000080024b6        0xa zephyr/libzephyr.a(exti_stm32.c.obj)
 .text.__stm32_exti_isr_1
                0x00000000080024c0        0xa zephyr/libzephyr.a(exti_stm32.c.obj)
 .text.__stm32_exti_isr_2
                0x00000000080024ca        0xa zephyr/libzephyr.a(exti_stm32.c.obj)
 .text.__stm32_exti_isr_3
                0x00000000080024d4        0xa zephyr/libzephyr.a(exti_stm32.c.obj)
 .text.__stm32_exti_isr_4
                0x00000000080024de        0xa zephyr/libzephyr.a(exti_stm32.c.obj)
 .text.__stm32_exti_isr_9_5
                0x00000000080024e8        0xa zephyr/libzephyr.a(exti_stm32.c.obj)
 .text.__stm32_exti_isr_15_10
                0x00000000080024f2        0xa zephyr/libzephyr.a(exti_stm32.c.obj)
 .text.__stm32_exti_isr_16
                0x00000000080024fc        0xa zephyr/libzephyr.a(exti_stm32.c.obj)
 .text.__stm32_exti_isr_18
                0x0000000008002506        0xa zephyr/libzephyr.a(exti_stm32.c.obj)
 .text.__stm32_exti_isr_21
                0x0000000008002510        0xa zephyr/libzephyr.a(exti_stm32.c.obj)
 .text.__stm32_exti_isr_22
                0x000000000800251a        0xa zephyr/libzephyr.a(exti_stm32.c.obj)
 .text.__stm32_exti_isr_23
                0x0000000008002524        0xa zephyr/libzephyr.a(exti_stm32.c.obj)
 .text.stm32_exti_init
                0x000000000800252e       0x7e zephyr/libzephyr.a(exti_stm32.c.obj)
 .text.config_pll_init
                0x00000000080025ac       0x10 zephyr/libzephyr.a(clock_stm32f2_f4_f7.c.obj)
                0x00000000080025ac                config_pll_init
 .text.LL_RCC_MSI_Disable
                0x00000000080025bc        0x2 zephyr/libzephyr.a(clock_stm32f2_f4_f7.c.obj)
                0x00000000080025bc                LL_RCC_MSI_Disable
 .text.z_irq_spurious
                0x00000000080025be        0x4 zephyr/arch/arch/arm/core/libarch__arm__core.a(irq_manage.c.obj)
                0x00000000080025be                z_irq_spurious
 .text.z_do_kernel_oops
                0x00000000080025c2        0x8 zephyr/arch/arch/arm/core/libarch__arm__core.a(fatal.c.obj)
                0x00000000080025c2                z_do_kernel_oops
 .text.__nmi    0x00000000080025ca        0xe zephyr/arch/arch/arm/core/cortex_m/libarch__arm__core__cortex_m.a(nmi.c.obj)
                0x00000000080025ca                __nmi
 .text.strcmp   0x00000000080025d8       0x18 zephyr/lib/libc/minimal/liblib__libc__minimal.a(string.c.obj)
                0x00000000080025d8                strcmp
 .text.memcpy   0x00000000080025f0       0x54 zephyr/lib/libc/minimal/liblib__libc__minimal.a(string.c.obj)
                0x00000000080025f0                memcpy
 .text.memset   0x0000000008002644       0x44 zephyr/lib/libc/minimal/liblib__libc__minimal.a(string.c.obj)
                0x0000000008002644                memset
 .text._stdout_hook_default
                0x0000000008002688        0x6 zephyr/lib/libc/minimal/liblib__libc__minimal.a(stdout_console.c.obj)
 .text.gpio_stm32_isr
                0x000000000800268e       0x30 zephyr/drivers/gpio/libdrivers__gpio.a(gpio_stm32.c.obj)
 .text.gpio_stm32_write
                0x00000000080026be       0x22 zephyr/drivers/gpio/libdrivers__gpio.a(gpio_stm32.c.obj)
 .text.gpio_stm32_read
                0x00000000080026e0       0x1e zephyr/drivers/gpio/libdrivers__gpio.a(gpio_stm32.c.obj)
 .text.gpio_stm32_manage_callback
                0x00000000080026fe       0x56 zephyr/drivers/gpio/libdrivers__gpio.a(gpio_stm32.c.obj)
 .text.gpio_stm32_enable_callback
                0x0000000008002754       0x1a zephyr/drivers/gpio/libdrivers__gpio.a(gpio_stm32.c.obj)
 .text.gpio_stm32_disable_callback
                0x000000000800276e       0x1c zephyr/drivers/gpio/libdrivers__gpio.a(gpio_stm32.c.obj)
 .text.gpio_stm32_flags_to_conf
                0x000000000800278a       0x3a zephyr/drivers/gpio/libdrivers__gpio.a(gpio_stm32.c.obj)
                0x000000000800278a                gpio_stm32_flags_to_conf
 .text.gpio_stm32_configure
                0x00000000080027c4      0x10a zephyr/drivers/gpio/libdrivers__gpio.a(gpio_stm32.c.obj)
                0x00000000080027c4                gpio_stm32_configure
 .text.uart_stm32_set_baudrate
                0x00000000080028ce       0x2a zephyr/drivers/serial/libdrivers__serial.a(uart_stm32.c.obj)
 .text.uart_stm32_poll_out
                0x00000000080028f8       0x14 zephyr/drivers/serial/libdrivers__serial.a(uart_stm32.c.obj)
 .text.uart_stm32_err_check
                0x000000000800290c       0x3e zephyr/drivers/serial/libdrivers__serial.a(uart_stm32.c.obj)
 .text.uart_stm32_poll_in
                0x000000000800294a       0x24 zephyr/drivers/serial/libdrivers__serial.a(uart_stm32.c.obj)
 .text.uart_stm32_config_get
                0x000000000800296e       0x7a zephyr/drivers/serial/libdrivers__serial.a(uart_stm32.c.obj)
 .text.z_is_thread_ready
                0x00000000080029e8       0x12 zephyr/kernel/libkernel.a(sched.c.obj)
 .text.z_unpend_thread_no_timeout
                0x00000000080029fa       0x32 zephyr/kernel/libkernel.a(sched.c.obj)
                0x00000000080029fa                z_unpend_thread_no_timeout
 .text.z_reschedule
                0x0000000008002a2c       0x1e zephyr/kernel/libkernel.a(sched.c.obj)
                0x0000000008002a2c                z_reschedule
 .text.z_reschedule_irqlock
                0x0000000008002a4a       0x20 zephyr/kernel/libkernel.a(sched.c.obj)
                0x0000000008002a4a                z_reschedule_irqlock
 .text.z_reschedule_unlocked
                0x0000000008002a6a       0x14 zephyr/kernel/libkernel.a(sched.c.obj)
 .text.z_priq_dumb_best
                0x0000000008002a7e        0xc zephyr/kernel/libkernel.a(sched.c.obj)
                0x0000000008002a7e                z_priq_dumb_best
 .text.z_thread_timeout
                0x0000000008002a8a       0x62 zephyr/kernel/libkernel.a(sched.c.obj)
                0x0000000008002a8a                z_thread_timeout
 .text.z_impl_k_sleep
                0x0000000008002aec       0x26 zephyr/kernel/libkernel.a(sched.c.obj)
                0x0000000008002aec                z_impl_k_sleep
 .text.z_is_thread_ready
                0x0000000008002b12       0x12 zephyr/kernel/libkernel.a(thread.c.obj)
 .text.z_thread_single_abort
                0x0000000008002b24       0x3e zephyr/kernel/libkernel.a(thread.c.obj)
                0x0000000008002b24                z_thread_single_abort
 .text.z_init_thread_base
                0x0000000008002b62       0x10 zephyr/kernel/libkernel.a(thread.c.obj)
                0x0000000008002b62                z_init_thread_base
 .text.z_abort_timeout
                0x0000000008002b72       0x2c zephyr/kernel/libkernel.a(timeout.c.obj)
                0x0000000008002b72                z_abort_timeout
 .text.z_get_next_timeout_expiry
                0x0000000008002b9e       0x20 zephyr/kernel/libkernel.a(timeout.c.obj)
                0x0000000008002b9e                z_get_next_timeout_expiry
 .text.z_set_timeout_expiry
                0x0000000008002bbe       0x34 zephyr/kernel/libkernel.a(timeout.c.obj)
                0x0000000008002bbe                z_set_timeout_expiry
 .text.z_tick_get_32
                0x0000000008002bf2        0x8 zephyr/kernel/libkernel.a(timeout.c.obj)
                0x0000000008002bf2                z_tick_get_32
 .text.idle     0x0000000008002bfa       0x28 zephyr/kernel/libkernel.a(idle.c.obj)
                0x0000000008002bfa                idle
 .text._OffsetAbsSyms
                0x0000000008002c22        0x2 zephyr/CMakeFiles/offsets.dir/arch/arm/core/offsets/offsets.c.obj
                0x0000000008002c22                _OffsetAbsSyms
 *(SORT_BY_ALIGNMENT(.gnu.linkonce.t.*))
 *(SORT_BY_ALIGNMENT(.glue_7t))
 .glue_7t       0x0000000008002c24        0x0 linker stubs
 *(SORT_BY_ALIGNMENT(.glue_7))
 .glue_7        0x0000000008002c24        0x0 linker stubs
 *(SORT_BY_ALIGNMENT(.vfp11_veneer))
 .vfp11_veneer  0x0000000008002c24        0x0 linker stubs
 *(SORT_BY_ALIGNMENT(.v4_bx))
 .v4_bx         0x0000000008002c24        0x0 linker stubs
                0x0000000008002c24                _image_text_end = .

.ARM.exidx      0x0000000008002c24        0x8
                0x0000000008002c24                __exidx_start = .
 *(SORT_BY_ALIGNMENT(.ARM.exidx*) SORT_BY_ALIGNMENT(gnu.linkonce.armexidx.*))
 .ARM.exidx     0x0000000008002c24        0x8 /opt/zephyr-sdk/arm-zephyr-eabi/bin/../lib/gcc/arm-zephyr-eabi/8.3.0/thumb/v7e-m/nofp/libgcc.a(_udivmoddi4.o)
                0x0000000008002c2c                __exidx_end = .
                0x0000000008002c2c                _image_rodata_start = .

sw_isr_table    0x0000000008002c2c      0x370
 *(SORT_BY_ALIGNMENT(.gnu.linkonce.sw_isr_table))
 .gnu.linkonce.sw_isr_table
                0x0000000008002c2c      0x370 zephyr/CMakeFiles/zephyr_final.dir/isr_tables.c.obj
                0x0000000008002c2c                _sw_isr_table

app_shmem_regions
                0x0000000008002f9c        0x0
                0x0000000008002f9c                __app_shmem_regions_start = .
 *(SORT_BY_NAME(SORT_BY_ALIGNMENT(.app_regions.*)))
                0x0000000008002f9c                __app_shmem_regions_end = .

devconfig       0x0000000008002f9c       0xf0
                0x0000000008002f9c                __devconfig_start = .
 *(SORT_BY_ALIGNMENT(.devconfig.*))
 .devconfig.init
                0x0000000008002f9c        0xc zephyr/libzephyr.a(soc.c.obj)
 .devconfig.init
                0x0000000008002fa8        0xc zephyr/libzephyr.a(uart_console.c.obj)
 .devconfig.init
                0x0000000008002fb4        0xc zephyr/libzephyr.a(exti_stm32.c.obj)
 .devconfig.init
                0x0000000008002fc0        0xc zephyr/libzephyr.a(clock_stm32_ll_common.c.obj)
 .devconfig.init
                0x0000000008002fcc        0xc zephyr/libzephyr.a(sys_clock_init.c.obj)
 .devconfig.init
                0x0000000008002fd8        0xc zephyr/boards/arm/stm32f769i_disco/libboards__arm__stm32f769i_disco.a(pinmux.c.obj)
 .devconfig.init
                0x0000000008002fe4       0x84 zephyr/drivers/gpio/libdrivers__gpio.a(gpio_stm32.c.obj)
 .devconfig.init
                0x0000000008003068       0x18 zephyr/drivers/serial/libdrivers__serial.a(uart_stm32.c.obj)
 .devconfig.init
                0x0000000008003080        0xc zephyr/kernel/libkernel.a(mempool.c.obj)
 *(SORT_BY_NAME(SORT_BY_ALIGNMENT(.devconfig*)))
                0x000000000800308c                __devconfig_end = .

net_l2          0x000000000800308c        0x0
                0x000000000800308c                __net_l2_start = .
 *(SORT_BY_ALIGNMENT(.net_l2.init))
 *(SORT_BY_NAME(SORT_BY_ALIGNMENT(.net_l2.init*)))
                0x000000000800308c                __net_l2_end = .

_bt_channels_area
                0x000000000800308c        0x0
                0x000000000800308c                _bt_channels_start = .
 *(SORT_BY_NAME(SORT_BY_ALIGNMENT(._bt_channels.static.*)))
                0x000000000800308c                _bt_channels_end = .

_bt_services_area
                0x000000000800308c        0x0
                0x000000000800308c                _bt_services_start = .
 *(SORT_BY_NAME(SORT_BY_ALIGNMENT(._bt_services.static.*)))
                0x000000000800308c                _bt_services_end = .

log_const_sections
                0x000000000800308c        0x0
                0x000000000800308c                __log_const_start = .
 *(SORT_BY_NAME(SORT_BY_ALIGNMENT(.log_const_*)))
                0x000000000800308c                __log_const_end = .

log_backends_sections
                0x000000000800308c        0x0
                0x000000000800308c                __log_backends_start = .
 *(SORT_BY_ALIGNMENT(.log_backends))
                0x000000000800308c                __log_backends_end = .

shell_root_cmds_sections
                0x000000000800308c        0x0
                0x000000000800308c                __shell_root_cmds_start = .
 *(SORT_BY_NAME(SORT_BY_ALIGNMENT(.shell_root_cmd_*)))
                0x000000000800308c                __shell_root_cmds_end = .

font_entry_sections
                0x000000000800308c        0x0
                0x000000000800308c                __font_entry_start = .
 *(SORT_BY_NAME(SORT_BY_ALIGNMENT(.font_entry.*)))
                0x000000000800308c                __font_entry_end = .

rodata          0x000000000800308c      0x6f0
 *(SORT_BY_ALIGNMENT(.rodata))
 .rodata        0x000000000800308c        0x8 zephyr/drivers/gpio/libdrivers__gpio.a(gpio_stm32.c.obj)
 *(SORT_BY_ALIGNMENT(.rodata.*))
 .rodata.ports_enable
                0x0000000008003094       0x2c zephyr/libzephyr.a(pinmux_stm32.c.obj)
 .rodata.pinconf
                0x00000000080030c0       0x20 zephyr/boards/arm/stm32f769i_disco/libboards__arm__stm32f769i_disco.a(pinmux.c.obj)
 .rodata.gpio_stm32_cfg_a
                0x00000000080030e0       0x10 zephyr/drivers/gpio/libdrivers__gpio.a(gpio_stm32.c.obj)
 .rodata.gpio_stm32_cfg_b
                0x00000000080030f0       0x10 zephyr/drivers/gpio/libdrivers__gpio.a(gpio_stm32.c.obj)
 .rodata.gpio_stm32_cfg_c
                0x0000000008003100       0x10 zephyr/drivers/gpio/libdrivers__gpio.a(gpio_stm32.c.obj)
 .rodata.gpio_stm32_cfg_d
                0x0000000008003110       0x10 zephyr/drivers/gpio/libdrivers__gpio.a(gpio_stm32.c.obj)
 .rodata.gpio_stm32_cfg_e
                0x0000000008003120       0x10 zephyr/drivers/gpio/libdrivers__gpio.a(gpio_stm32.c.obj)
 .rodata.gpio_stm32_cfg_f
                0x0000000008003130       0x10 zephyr/drivers/gpio/libdrivers__gpio.a(gpio_stm32.c.obj)
 .rodata.gpio_stm32_cfg_g
                0x0000000008003140       0x10 zephyr/drivers/gpio/libdrivers__gpio.a(gpio_stm32.c.obj)
 .rodata.gpio_stm32_cfg_h
                0x0000000008003150       0x10 zephyr/drivers/gpio/libdrivers__gpio.a(gpio_stm32.c.obj)
 .rodata.gpio_stm32_cfg_i
                0x0000000008003160       0x10 zephyr/drivers/gpio/libdrivers__gpio.a(gpio_stm32.c.obj)
 .rodata.gpio_stm32_cfg_j
                0x0000000008003170       0x10 zephyr/drivers/gpio/libdrivers__gpio.a(gpio_stm32.c.obj)
 .rodata.gpio_stm32_cfg_k
                0x0000000008003180       0x10 zephyr/drivers/gpio/libdrivers__gpio.a(gpio_stm32.c.obj)
 .rodata.gpio_stm32_driver
                0x0000000008003190       0x1c zephyr/drivers/gpio/libdrivers__gpio.a(gpio_stm32.c.obj)
 .rodata.uart_stm32_cfg_USART_1
                0x00000000080031ac       0x14 zephyr/drivers/serial/libdrivers__serial.a(uart_stm32.c.obj)
 .rodata.uart_stm32_cfg_USART_6
                0x00000000080031c0       0x14 zephyr/drivers/serial/libdrivers__serial.a(uart_stm32.c.obj)
 .rodata.uart_stm32_driver_api
                0x00000000080031d4       0x14 zephyr/drivers/serial/libdrivers__serial.a(uart_stm32.c.obj)
 .rodata.config_levels.7454
                0x00000000080031e8       0x14 zephyr/kernel/libkernel.a(device.c.obj)
 .rodata._k_neg_eagain
                0x00000000080031fc        0x4 zephyr/kernel/libkernel.a(errno.c.obj)
                0x00000000080031fc                _k_neg_eagain
 .rodata._idle_thread
                0x0000000008003200        0x4 zephyr/kernel/libkernel.a(init.c.obj)
                0x0000000008003200                _idle_thread
 .rodata.CSWTCH.15
                0x0000000008003204        0x6 zephyr/drivers/serial/libdrivers__serial.a(uart_stm32.c.obj)
 .rodata.button_pressed.str1.1
                0x000000000800320a       0x16 app/libapp.a(main.c.obj)
 .rodata.main.str1.1
                0x0000000008003220       0x32 app/libapp.a(main.c.obj)
                                         0x39 (size before relaxing)
 .rodata.str1.1
                0x0000000008003252       0x32 zephyr/libzephyr.a(soc.c.obj)
                                          0x1 (size before relaxing)
 .rodata.str1.1
                0x0000000008003252        0x1 zephyr/libzephyr.a(uart_console.c.obj)
 .rodata.uart_console_init.str1.1
                0x0000000008003252        0x7 zephyr/libzephyr.a(uart_console.c.obj)
 .rodata.exti_irq_table
                0x0000000008003259       0x18 zephyr/libzephyr.a(exti_stm32.c.obj)
                0x0000000008003259                exti_irq_table
 .rodata.str1.1
                0x0000000008003271        0xb zephyr/libzephyr.a(exti_stm32.c.obj)
 .rodata.str1.1
                0x000000000800327c        0x9 zephyr/libzephyr.a(clock_stm32_ll_common.c.obj)
 .rodata.z_pinmux_stm32_set.str1.1
                0x0000000008003285        0x9 zephyr/libzephyr.a(pinmux_stm32.c.obj)
 .rodata.str1.1
                0x0000000008003285        0xa zephyr/libzephyr.a(sys_clock_init.c.obj)
 .rodata.AHBPrescTable
                0x000000000800328f       0x10 zephyr/libzephyr.a(system_stm32f7xx.c.obj)
                0x000000000800328f                AHBPrescTable
 .rodata.BusFault.isra.3.str1.1
                0x000000000800329f       0x8e zephyr/arch/arch/arm/core/libarch__arm__core.a(fault.c.obj)
 .rodata.MpuFault.isra.2.str1.1
                0x000000000800332d       0xdf zephyr/arch/arch/arm/core/libarch__arm__core.a(fault.c.obj)
 .rodata.UsageFault.isra.4.str1.1
                0x000000000800340c       0xd4 zephyr/arch/arch/arm/core/libarch__arm__core.a(fault.c.obj)
 .rodata._Fault.str1.1
                0x00000000080034e0       0xd3 zephyr/arch/arch/arm/core/libarch__arm__core.a(fault.c.obj)
 .rodata.z_NanoFatalErrorHandler.str1.1
                0x00000000080035b3       0xda zephyr/arch/arch/arm/core/libarch__arm__core.a(fatal.c.obj)
 .rodata.z_SysFatalErrorHandler.str1.1
                0x000000000800368d       0x5a zephyr/arch/arch/arm/core/libarch__arm__core.a(sys_fatal_error_handler.c.obj)
 .rodata.str1.1
                0x00000000080036e7        0x1 zephyr/boards/arm/stm32f769i_disco/libboards__arm__stm32f769i_disco.a(pinmux.c.obj)
 .rodata.gpio_stm32_init.str1.1
                0x00000000080036e7        0x9 zephyr/drivers/gpio/libdrivers__gpio.a(gpio_stm32.c.obj)
 .rodata.str1.1
                0x00000000080036e7       0x3c zephyr/drivers/gpio/libdrivers__gpio.a(gpio_stm32.c.obj)
                                         0x42 (size before relaxing)
 .rodata.str1.1
                0x0000000008003723        0x7 zephyr/drivers/serial/libdrivers__serial.a(uart_stm32.c.obj)
                                          0xe (size before relaxing)
 .rodata.uart_stm32_init.str1.1
                0x000000000800372a        0x9 zephyr/drivers/serial/libdrivers__serial.a(uart_stm32.c.obj)
 .rodata.bg_thread_main.str1.1
                0x000000000800372a       0x47 zephyr/kernel/libkernel.a(init.c.obj)
 .rodata.z_cstart.str1.1
                0x0000000008003771        0xa zephyr/kernel/libkernel.a(init.c.obj)
 .rodata.str1.1
                0x000000000800377b        0x1 zephyr/kernel/libkernel.a(mempool.c.obj)
 *(SORT_BY_ALIGNMENT(.gnu.linkonce.r.*))
                0x000000000800377c                . = ALIGN (0x4)
 *fill*         0x000000000800377b        0x1 
                0x000000000800377c                _image_rodata_end = .
                0x000000000800377c                . = ALIGN (_region_min_align)
                0x000000000800377c                _image_rom_end = .
                0x0000000020020000                . = 0x20020000
                0x0000000020020000                . = ALIGN (_region_min_align)
                0x0000000020020000                _image_ram_start = .

.ramfunc        0x0000000020020000        0x0 load address 0x000000000800377c
                0x0000000020020000                . = ALIGN (_region_min_align)
                0x0000000020020000                _ramfunc_ram_start = .
 *(SORT_BY_ALIGNMENT(.ramfunc))
 *(SORT_BY_ALIGNMENT(.ramfunc.*))
                0x0000000020020000                . = ALIGN (_region_min_align)
                0x0000000020020000                _ramfunc_ram_end = .
                0x0000000000000000                _ramfunc_ram_size = (_ramfunc_ram_end - _ramfunc_ram_start)
                0x000000000800377c                _ramfunc_rom_start = LOADADDR (.ramfunc)

bss             0x0000000020020000      0x270
                0x0000000020020000                . = ALIGN (0x4)
                0x0000000020020000                __bss_start = .
                0x0000000020020000                __kernel_ram_start = .
 *(SORT_BY_ALIGNMENT(.bss))
 *(SORT_BY_ALIGNMENT(.bss.*))
 .bss.curr_tick
                0x0000000020020000        0x8 zephyr/kernel/libkernel.a(timeout.c.obj)
 .bss.gpio_cb   0x0000000020020008        0xc app/libapp.a(main.c.obj)
 .bss.uart_console_dev
                0x0000000020020014        0x4 zephyr/libzephyr.a(uart_console.c.obj)
 .bss.exti_data
                0x0000000020020018       0xc0 zephyr/libzephyr.a(exti_stm32.c.obj)
 .bss.announced_cycles
                0x00000000200200d8        0x4 zephyr/libzephyr.a(cortex_m_systick.c.obj)
 .bss.cycle_count
                0x00000000200200dc        0x4 zephyr/libzephyr.a(cortex_m_systick.c.obj)
 .bss.last_load
                0x00000000200200e0        0x4 zephyr/libzephyr.a(cortex_m_systick.c.obj)
 .bss.overflow_cyc
                0x00000000200200e4        0x4 zephyr/libzephyr.a(cortex_m_systick.c.obj)
 .bss.gpio_stm32_data_a
                0x00000000200200e8        0xc zephyr/drivers/gpio/libdrivers__gpio.a(gpio_stm32.c.obj)
 .bss.gpio_stm32_data_b
                0x00000000200200f4        0xc zephyr/drivers/gpio/libdrivers__gpio.a(gpio_stm32.c.obj)
 .bss.gpio_stm32_data_c
                0x0000000020020100        0xc zephyr/drivers/gpio/libdrivers__gpio.a(gpio_stm32.c.obj)
 .bss.gpio_stm32_data_d
                0x000000002002010c        0xc zephyr/drivers/gpio/libdrivers__gpio.a(gpio_stm32.c.obj)
 .bss.gpio_stm32_data_e
                0x0000000020020118        0xc zephyr/drivers/gpio/libdrivers__gpio.a(gpio_stm32.c.obj)
 .bss.gpio_stm32_data_f
                0x0000000020020124        0xc zephyr/drivers/gpio/libdrivers__gpio.a(gpio_stm32.c.obj)
 .bss.gpio_stm32_data_g
                0x0000000020020130        0xc zephyr/drivers/gpio/libdrivers__gpio.a(gpio_stm32.c.obj)
 .bss.gpio_stm32_data_h
                0x000000002002013c        0xc zephyr/drivers/gpio/libdrivers__gpio.a(gpio_stm32.c.obj)
 .bss.gpio_stm32_data_i
                0x0000000020020148        0xc zephyr/drivers/gpio/libdrivers__gpio.a(gpio_stm32.c.obj)
 .bss.gpio_stm32_data_j
                0x0000000020020154        0xc zephyr/drivers/gpio/libdrivers__gpio.a(gpio_stm32.c.obj)
 .bss.gpio_stm32_data_k
                0x0000000020020160        0xc zephyr/drivers/gpio/libdrivers__gpio.a(gpio_stm32.c.obj)
 .bss._idle_thread_s
                0x000000002002016c       0x64 zephyr/kernel/libkernel.a(init.c.obj)
 .bss._main_thread_s
                0x00000000200201d0       0x64 zephyr/kernel/libkernel.a(init.c.obj)
 .bss._kernel   0x0000000020020234       0x2c zephyr/kernel/libkernel.a(sched.c.obj)
                0x0000000020020234                _kernel
 .bss.pending_current
                0x0000000020020260        0x4 zephyr/kernel/libkernel.a(sched.c.obj)
 .bss.slice_max_prio
                0x0000000020020264        0x4 zephyr/kernel/libkernel.a(sched.c.obj)
 .bss.slice_time
                0x0000000020020268        0x4 zephyr/kernel/libkernel.a(sched.c.obj)
 .bss.announce_remaining
                0x000000002002026c        0x4 zephyr/kernel/libkernel.a(timeout.c.obj)
 .bss.lock      0x0000000020020270        0x0 zephyr/kernel/libkernel.a(thread.c.obj)
 *(SORT_BY_ALIGNMENT(COMMON))
 *(SORT_BY_ALIGNMENT(.kernel_bss.*))
                0x0000000020020270                __bss_end = ALIGN (0x4)

noinit          0x0000000020020270      0xd40
 *(SORT_BY_ALIGNMENT(.noinit))
 *(SORT_BY_ALIGNMENT(.noinit.*))
 .noinit."ZEPHYR_BASE/kernel/init.c".1
                0x0000000020020270      0x400 zephyr/kernel/libkernel.a(init.c.obj)
                0x0000000020020270                _main_stack
 .noinit."ZEPHYR_BASE/kernel/init.c".2
                0x0000000020020670      0x140 zephyr/kernel/libkernel.a(init.c.obj)
                0x0000000020020670                _idle_stack
 .noinit."ZEPHYR_BASE/kernel/init.c".3
                0x00000000200207b0      0x800 zephyr/kernel/libkernel.a(init.c.obj)
                0x00000000200207b0                _interrupt_stack
 *(SORT_BY_ALIGNMENT(.kernel_noinit.*))

datas           0x0000000020020fb0       0x38 load address 0x000000000800377c
                0x0000000020020fb0                __data_ram_start = .
 *(SORT_BY_ALIGNMENT(.data))
 *(SORT_BY_ALIGNMENT(.data.*))
 .data._char_out
                0x0000000020020fb0        0x4 zephyr/libzephyr.a(printk.c.obj)
                0x0000000020020fb0                _char_out
 .data.stm32_clock_control_api
                0x0000000020020fb4       0x14 zephyr/libzephyr.a(clock_stm32_ll_common.c.obj)
 .data.SystemCoreClock
                0x0000000020020fc8        0x4 zephyr/libzephyr.a(system_stm32f7xx.c.obj)
                0x0000000020020fc8                SystemCoreClock
 .data._stdout_hook
                0x0000000020020fcc        0x4 zephyr/lib/libc/minimal/liblib__libc__minimal.a(stdout_console.c.obj)
 .data.uart_stm32_data_USART_1
                0x0000000020020fd0        0x8 zephyr/drivers/serial/libdrivers__serial.a(uart_stm32.c.obj)
 .data.uart_stm32_data_USART_6
                0x0000000020020fd8        0x8 zephyr/drivers/serial/libdrivers__serial.a(uart_stm32.c.obj)
 .data.timeout_list
                0x0000000020020fe0        0x8 zephyr/kernel/libkernel.a(timeout.c.obj)
 *(SORT_BY_ALIGNMENT(.kernel.*))
                0x000000000800377c                __data_rom_start = LOADADDR (datas)

initlevel       0x0000000020020fe8       0xf0 load address 0x00000000080037b4
                0x0000000020020fe8                __device_init_start = .
                0x0000000020020fe8                __device_PRE_KERNEL_1_start = .
 *(SORT_BY_NAME(SORT_BY_ALIGNMENT(.init_PRE_KERNEL_1[0-9])))
 .init_PRE_KERNEL_10
                0x0000000020020fe8        0xc zephyr/libzephyr.a(soc.c.obj)
 .init_PRE_KERNEL_11
                0x0000000020020ff4        0xc zephyr/libzephyr.a(clock_stm32_ll_common.c.obj)
 .init_PRE_KERNEL_12
                0x0000000020021000        0xc zephyr/boards/arm/stm32f769i_disco/libboards__arm__stm32f769i_disco.a(pinmux.c.obj)
 *(SORT_BY_NAME(SORT_BY_ALIGNMENT(.init_PRE_KERNEL_1[1-9][0-9])))
 .init_PRE_KERNEL_130
                0x000000002002100c        0xc zephyr/kernel/libkernel.a(mempool.c.obj)
 .init_PRE_KERNEL_150
                0x0000000020021018        0xc zephyr/libzephyr.a(exti_stm32.c.obj)
 .init_PRE_KERNEL_150
                0x0000000020021024       0x18 zephyr/drivers/serial/libdrivers__serial.a(uart_stm32.c.obj)
 .init_PRE_KERNEL_160
                0x000000002002103c        0xc zephyr/libzephyr.a(uart_console.c.obj)
                0x0000000020021048                __device_PRE_KERNEL_2_start = .
 *(SORT_BY_NAME(SORT_BY_ALIGNMENT(.init_PRE_KERNEL_2[0-9])))
 .init_PRE_KERNEL_20
                0x0000000020021048        0xc zephyr/libzephyr.a(sys_clock_init.c.obj)
 *(SORT_BY_NAME(SORT_BY_ALIGNMENT(.init_PRE_KERNEL_2[1-9][0-9])))
                0x0000000020021054                __device_POST_KERNEL_start = .
 *(SORT_BY_NAME(SORT_BY_ALIGNMENT(.init_POST_KERNEL[0-9])))
 *(SORT_BY_NAME(SORT_BY_ALIGNMENT(.init_POST_KERNEL[1-9][0-9])))
 .init_POST_KERNEL40
                0x0000000020021054       0x84 zephyr/drivers/gpio/libdrivers__gpio.a(gpio_stm32.c.obj)
                0x00000000200210d8                __device_APPLICATION_start = .
 *(SORT_BY_NAME(SORT_BY_ALIGNMENT(.init_APPLICATION[0-9])))
 *(SORT_BY_NAME(SORT_BY_ALIGNMENT(.init_APPLICATION[1-9][0-9])))
                0x00000000200210d8                __device_init_end = .

initlevel_error
                0x0000000020020fe8        0x0
 *(SORT_BY_NAME(SORT_BY_ALIGNMENT(.init_[_A-Z0-9]*)))
                0x0000000000000001                ASSERT ((SIZEOF (initlevel_error) == 0x0), Undefined initialization levels used.)

initshell       0x00000000200210d8        0x0 load address 0x00000000080038a4
                0x00000000200210d8                __shell_module_start = .
 *(SORT_BY_ALIGNMENT(.shell_module_*))
                0x00000000200210d8                __shell_module_end = .
                0x00000000200210d8                __shell_cmd_start = .
 *(SORT_BY_ALIGNMENT(.shell_cmd_*))
                0x00000000200210d8                __shell_cmd_end = .

log_dynamic_sections
                0x00000000200210d8        0x0 load address 0x00000000080038a4
                0x00000000200210d8                __log_dynamic_start = .
 *(SORT_BY_NAME(SORT_BY_ALIGNMENT(.log_dynamic_*)))
                0x00000000200210d8                __log_dynamic_end = .

_static_thread_area
                0x00000000200210d8        0x0 load address 0x00000000080038a4
                0x00000000200210d8                __static_thread_data_list_start = .
 *(SORT_BY_NAME(SORT_BY_ALIGNMENT(.__static_thread_data.static.*)))
                0x00000000200210d8                __static_thread_data_list_end = .

_k_timer_area   0x00000000200210d8        0x0 load address 0x00000000080038a4
                0x00000000200210d8                _k_timer_list_start = .
 *(SORT_BY_ALIGNMENT(._k_timer.static.*))
                0x00000000200210d8                _k_timer_list_end = .

_k_mem_slab_area
                0x00000000200210d8        0x0 load address 0x00000000080038a4
                0x00000000200210d8                _k_mem_slab_list_start = .
 *(SORT_BY_ALIGNMENT(._k_mem_slab.static.*))
                0x00000000200210d8                _k_mem_slab_list_end = .

_k_mem_pool_area
                0x00000000200210d8        0x0 load address 0x00000000080038a4
                0x00000000200210d8                _k_mem_pool_list_start = .
 *(SORT_BY_ALIGNMENT(._k_mem_pool.static.*))
                0x00000000200210d8                _k_mem_pool_list_end = .

_k_sem_area     0x00000000200210d8        0x0 load address 0x00000000080038a4
                0x00000000200210d8                _k_sem_list_start = .
 *(SORT_BY_ALIGNMENT(._k_sem.static.*))
                0x00000000200210d8                _k_sem_list_end = .

_k_mutex_area   0x00000000200210d8       0x14 load address 0x00000000080038a4
                0x00000000200210d8                _k_mutex_list_start = .
 *(SORT_BY_ALIGNMENT(._k_mutex.static.*))
 ._k_mutex.static.fdtable_lock
                0x00000000200210d8       0x14 zephyr/libzephyr.a(fdtable.c.obj)
                0x00000000200210ec                _k_mutex_list_end = .

_k_queue_area   0x00000000200210ec        0x0 load address 0x00000000080038b8
                0x00000000200210ec                _k_queue_list_start = .
 *(SORT_BY_ALIGNMENT(._k_queue.static.*))
 *(SORT_BY_ALIGNMENT(._k_fifo.static.*))
 *(SORT_BY_ALIGNMENT(._k_lifo.static.*))
                0x00000000200210ec                _k_queue_list_end = .

_k_stack_area   0x00000000200210ec        0x0 load address 0x00000000080038b8
                0x00000000200210ec                _k_stack_list_start = .
 *(SORT_BY_ALIGNMENT(._k_stack.static.*))
                0x00000000200210ec                _k_stack_list_end = .

_k_msgq_area    0x00000000200210ec        0x0 load address 0x00000000080038b8
                0x00000000200210ec                _k_msgq_list_start = .
 *(SORT_BY_ALIGNMENT(._k_msgq.static.*))
                0x00000000200210ec                _k_msgq_list_end = .

_k_mbox_area    0x00000000200210ec        0x0 load address 0x00000000080038b8
                0x00000000200210ec                _k_mbox_list_start = .
 *(SORT_BY_ALIGNMENT(._k_mbox.static.*))
                0x00000000200210ec                _k_mbox_list_end = .

_k_pipe_area    0x00000000200210ec        0x0 load address 0x00000000080038b8
                0x00000000200210ec                _k_pipe_list_start = .
 *(SORT_BY_ALIGNMENT(._k_pipe.static.*))
                0x00000000200210ec                _k_pipe_list_end = .

_net_buf_pool_area
                0x00000000200210ec        0x0 load address 0x00000000080038b8
                0x00000000200210ec                _net_buf_pool_list = .
 *(SORT_BY_NAME(SORT_BY_ALIGNMENT(._net_buf_pool.static.*)))

net_if          0x00000000200210ec        0x0 load address 0x00000000080038b8
                0x00000000200210ec                __net_if_start = .
 *(SORT_BY_ALIGNMENT(.net_if.*))
 *(SORT_BY_NAME(SORT_BY_ALIGNMENT(.net_if.*)))
                0x00000000200210ec                __net_if_end = .

net_if_dev      0x00000000200210ec        0x0 load address 0x00000000080038b8
                0x00000000200210ec                __net_if_dev_start = .
 *(SORT_BY_ALIGNMENT(.net_if_dev.*))
 *(SORT_BY_NAME(SORT_BY_ALIGNMENT(.net_if_dev.*)))
                0x00000000200210ec                __net_if_dev_end = .

net_l2_data     0x00000000200210ec        0x0 load address 0x00000000080038b8
                0x00000000200210ec                __net_l2_data_start = .
 *(SORT_BY_ALIGNMENT(.net_l2.data))
 *(SORT_BY_NAME(SORT_BY_ALIGNMENT(.net_l2.data*)))
                0x00000000200210ec                __net_l2_data_end = .

priv_stacks_noinit
                0x00000000200210ec        0x0 load address 0x00000000080038b8
                0x00000000200210ec                z_priv_stacks_ram_start = .
 *(SORT_BY_ALIGNMENT(.priv_stacks.noinit))
                0x00000000200210ec                z_priv_stacks_ram_end = .
                0x00000000200210ec                __data_ram_end = .
                0x00000000200210ec                _image_ram_end = .
                0x00000000200210ec                _end = .
                0x0000000020080000                __kernel_ram_end = 0x20080000
                0x0000000000060000                __kernel_ram_size = (__kernel_ram_end - __kernel_ram_start)

.stab
 *(SORT_BY_ALIGNMENT(.stab))

.stabstr
 *(SORT_BY_ALIGNMENT(.stabstr))

.stab.excl
 *(SORT_BY_ALIGNMENT(.stab.excl))

.stab.exclstr
 *(SORT_BY_ALIGNMENT(.stab.exclstr))

.stab.index
 *(SORT_BY_ALIGNMENT(.stab.index))

.stab.indexstr
 *(SORT_BY_ALIGNMENT(.stab.indexstr))

.gnu.build.attributes
 *(SORT_BY_ALIGNMENT(.gnu.build.attributes) SORT_BY_ALIGNMENT(.gnu.build.attributes.*))

.comment        0x0000000000000000       0x2b
 *(SORT_BY_ALIGNMENT(.comment))
 .comment       0x0000000000000000       0x2b zephyr/CMakeFiles/zephyr_final.dir/isr_tables.c.obj
                                         0x2c (size before relaxing)
 .comment       0x000000000000002b       0x2c app/libapp.a(main.c.obj)
 .comment       0x000000000000002b       0x2c zephyr/libzephyr.a(isr_tables.c.obj)
 .comment       0x000000000000002b       0x2c zephyr/libzephyr.a(fdtable.c.obj)
 .comment       0x000000000000002b       0x2c zephyr/libzephyr.a(mempool.c.obj)
 .comment       0x000000000000002b       0x2c zephyr/libzephyr.a(thread_entry.c.obj)
 .comment       0x000000000000002b       0x2c zephyr/libzephyr.a(printk.c.obj)
 .comment       0x000000000000002b       0x2c zephyr/libzephyr.a(configs.c.obj)
 .comment       0x000000000000002b       0x2c zephyr/libzephyr.a(soc.c.obj)
 .comment       0x000000000000002b       0x2c zephyr/libzephyr.a(uart_console.c.obj)
 .comment       0x000000000000002b       0x2c zephyr/libzephyr.a(exti_stm32.c.obj)
 .comment       0x000000000000002b       0x2c zephyr/libzephyr.a(clock_stm32_ll_common.c.obj)
 .comment       0x000000000000002b       0x2c zephyr/libzephyr.a(clock_stm32f2_f4_f7.c.obj)
 .comment       0x000000000000002b       0x2c zephyr/libzephyr.a(pinmux_stm32.c.obj)
 .comment       0x000000000000002b       0x2c zephyr/libzephyr.a(sys_clock_init.c.obj)
 .comment       0x000000000000002b       0x2c zephyr/libzephyr.a(cortex_m_systick.c.obj)
 .comment       0x000000000000002b       0x2c zephyr/libzephyr.a(system_stm32f7xx.c.obj)
 .comment       0x000000000000002b       0x2c zephyr/libzephyr.a(stm32f7xx_ll_utils.c.obj)
 .comment       0x000000000000002b       0x2c zephyr/arch/arch/arm/core/libarch__arm__core.a(irq_init.c.obj)
 .comment       0x000000000000002b       0x2c zephyr/arch/arch/arm/core/libarch__arm__core.a(swap.c.obj)
 .comment       0x000000000000002b       0x2c zephyr/arch/arch/arm/core/libarch__arm__core.a(fault.c.obj)
 .comment       0x000000000000002b       0x2c zephyr/arch/arch/arm/core/libarch__arm__core.a(irq_manage.c.obj)
 .comment       0x000000000000002b       0x2c zephyr/arch/arch/arm/core/libarch__arm__core.a(thread.c.obj)
 .comment       0x000000000000002b       0x2c zephyr/arch/arch/arm/core/libarch__arm__core.a(fatal.c.obj)
 .comment       0x000000000000002b       0x2c zephyr/arch/arch/arm/core/libarch__arm__core.a(sys_fatal_error_handler.c.obj)
 .comment       0x000000000000002b       0x2c zephyr/arch/arch/arm/core/libarch__arm__core.a(thread_abort.c.obj)
 .comment       0x000000000000002b       0x2c zephyr/arch/arch/arm/core/cortex_m/libarch__arm__core__cortex_m.a(prep_c.c.obj)
 .comment       0x000000000000002b       0x2c zephyr/arch/arch/arm/core/cortex_m/libarch__arm__core__cortex_m.a(nmi.c.obj)
 .comment       0x000000000000002b       0x2c zephyr/lib/libc/minimal/liblib__libc__minimal.a(string.c.obj)
 .comment       0x000000000000002b       0x2c zephyr/lib/libc/minimal/liblib__libc__minimal.a(stdout_console.c.obj)
 .comment       0x000000000000002b       0x2c zephyr/boards/arm/stm32f769i_disco/libboards__arm__stm32f769i_disco.a(pinmux.c.obj)
 .comment       0x000000000000002b       0x2c zephyr/drivers/gpio/libdrivers__gpio.a(gpio_stm32.c.obj)
 .comment       0x000000000000002b       0x2c zephyr/drivers/serial/libdrivers__serial.a(uart_stm32.c.obj)
 .comment       0x000000000000002b       0x2c zephyr/kernel/libkernel.a(device.c.obj)
 .comment       0x000000000000002b       0x2c zephyr/kernel/libkernel.a(errno.c.obj)
 .comment       0x000000000000002b       0x2c zephyr/kernel/libkernel.a(init.c.obj)
 .comment       0x000000000000002b       0x2c zephyr/kernel/libkernel.a(sched.c.obj)
 .comment       0x000000000000002b       0x2c zephyr/kernel/libkernel.a(thread.c.obj)
 .comment       0x000000000000002b       0x2c zephyr/kernel/libkernel.a(timeout.c.obj)
 .comment       0x000000000000002b       0x2c zephyr/kernel/libkernel.a(idle.c.obj)
 .comment       0x000000000000002b       0x2c zephyr/kernel/libkernel.a(mempool.c.obj)
 .comment       0x000000000000002b       0x2c zephyr/CMakeFiles/offsets.dir/arch/arm/core/offsets/offsets.c.obj
 .comment       0x000000000000002b       0x2c /opt/zephyr-sdk/arm-zephyr-eabi/bin/../lib/gcc/arm-zephyr-eabi/8.3.0/thumb/v7e-m/nofp/libgcc.a(_udivmoddi4.o)

.debug
 *(SORT_BY_ALIGNMENT(.debug))

.line
 *(SORT_BY_ALIGNMENT(.line))

.debug_srcinfo
 *(SORT_BY_ALIGNMENT(.debug_srcinfo))

.debug_sfnames
 *(SORT_BY_ALIGNMENT(.debug_sfnames))

.debug_aranges  0x0000000000000000      0xd30
 *(SORT_BY_ALIGNMENT(.debug_aranges))
 .debug_aranges
                0x0000000000000000       0x20 zephyr/arch/arch/arm/core/libarch__arm__core.a(exc_exit.S.obj)
 .debug_aranges
                0x0000000000000020       0x28 zephyr/arch/arch/arm/core/libarch__arm__core.a(swap_helper.S.obj)
 .debug_aranges
                0x0000000000000048       0x30 zephyr/arch/arch/arm/core/libarch__arm__core.a(cpu_idle.S.obj)
 .debug_aranges
                0x0000000000000078       0x20 zephyr/arch/arch/arm/core/libarch__arm__core.a(fault_s.S.obj)
 .debug_aranges
                0x0000000000000098       0x20 zephyr/arch/arch/arm/core/libarch__arm__core.a(isr_wrapper.S.obj)
 .debug_aranges
                0x00000000000000b8       0x20 zephyr/arch/arch/arm/core/cortex_m/libarch__arm__core__cortex_m.a(reset.S.obj)
 .debug_aranges
                0x00000000000000d8       0x20 zephyr/arch/arch/arm/core/cortex_m/libarch__arm__core__cortex_m.a(nmi_on_reset.S.obj)
 .debug_aranges
                0x00000000000000f8       0x20 /opt/zephyr-sdk/arm-zephyr-eabi/bin/../lib/gcc/arm-zephyr-eabi/8.3.0/thumb/v7e-m/nofp/libgcc.a(_aeabi_uldivmod.o)
 .debug_aranges
                0x0000000000000118       0x20 /opt/zephyr-sdk/arm-zephyr-eabi/bin/../lib/gcc/arm-zephyr-eabi/8.3.0/thumb/v7e-m/nofp/libgcc.a(_dvmd_tls.o)
 .debug_aranges
                0x0000000000000138       0x18 zephyr/CMakeFiles/zephyr_final.dir/isr_tables.c.obj
 .debug_aranges
                0x0000000000000150       0x28 app/libapp.a(main.c.obj)
 .debug_aranges
                0x0000000000000178       0x18 zephyr/libzephyr.a(isr_tables.c.obj)
 .debug_aranges
                0x0000000000000190       0x50 zephyr/libzephyr.a(fdtable.c.obj)
 .debug_aranges
                0x00000000000001e0       0x70 zephyr/libzephyr.a(mempool.c.obj)
 .debug_aranges
                0x0000000000000250       0x20 zephyr/libzephyr.a(thread_entry.c.obj)
 .debug_aranges
                0x0000000000000270       0x80 zephyr/libzephyr.a(printk.c.obj)
 .debug_aranges
                0x00000000000002f0       0x20 zephyr/libzephyr.a(configs.c.obj)
 .debug_aranges
                0x0000000000000310       0x20 zephyr/libzephyr.a(soc.c.obj)
 .debug_aranges
                0x0000000000000330       0x30 zephyr/libzephyr.a(uart_console.c.obj)
 .debug_aranges
                0x0000000000000360       0xb0 zephyr/libzephyr.a(exti_stm32.c.obj)
 .debug_aranges
                0x0000000000000410       0x38 zephyr/libzephyr.a(clock_stm32_ll_common.c.obj)
 .debug_aranges
                0x0000000000000448       0x30 zephyr/libzephyr.a(clock_stm32f2_f4_f7.c.obj)
 .debug_aranges
                0x0000000000000478       0x28 zephyr/libzephyr.a(pinmux_stm32.c.obj)
 .debug_aranges
                0x00000000000004a0       0x40 zephyr/libzephyr.a(sys_clock_init.c.obj)
 .debug_aranges
                0x00000000000004e0       0x58 zephyr/libzephyr.a(cortex_m_systick.c.obj)
 .debug_aranges
                0x0000000000000538       0x28 zephyr/libzephyr.a(system_stm32f7xx.c.obj)
 .debug_aranges
                0x0000000000000560       0x58 zephyr/libzephyr.a(stm32f7xx_ll_utils.c.obj)
 .debug_aranges
                0x00000000000005b8       0x20 zephyr/arch/arch/arm/core/libarch__arm__core.a(irq_init.c.obj)
 .debug_aranges
                0x00000000000005d8       0x20 zephyr/arch/arch/arm/core/libarch__arm__core.a(swap.c.obj)
 .debug_aranges
                0x00000000000005f8       0x40 zephyr/arch/arch/arm/core/libarch__arm__core.a(fault.c.obj)
 .debug_aranges
                0x0000000000000638       0x48 zephyr/arch/arch/arm/core/libarch__arm__core.a(irq_manage.c.obj)
 .debug_aranges
                0x0000000000000680       0x20 zephyr/arch/arch/arm/core/libarch__arm__core.a(thread.c.obj)
 .debug_aranges
                0x00000000000006a0       0x30 zephyr/arch/arch/arm/core/libarch__arm__core.a(fatal.c.obj)
 .debug_aranges
                0x00000000000006d0       0x20 zephyr/arch/arch/arm/core/libarch__arm__core.a(sys_fatal_error_handler.c.obj)
 .debug_aranges
                0x00000000000006f0       0x20 zephyr/arch/arch/arm/core/libarch__arm__core.a(thread_abort.c.obj)
 .debug_aranges
                0x0000000000000710       0x20 zephyr/arch/arch/arm/core/cortex_m/libarch__arm__core__cortex_m.a(prep_c.c.obj)
 .debug_aranges
                0x0000000000000730       0x20 zephyr/arch/arch/arm/core/cortex_m/libarch__arm__core__cortex_m.a(nmi.c.obj)
 .debug_aranges
                0x0000000000000750       0x88 zephyr/lib/libc/minimal/liblib__libc__minimal.a(string.c.obj)
 .debug_aranges
                0x00000000000007d8       0x58 zephyr/lib/libc/minimal/liblib__libc__minimal.a(stdout_console.c.obj)
 .debug_aranges
                0x0000000000000830       0x20 zephyr/boards/arm/stm32f769i_disco/libboards__arm__stm32f769i_disco.a(pinmux.c.obj)
 .debug_aranges
                0x0000000000000850       0x70 zephyr/drivers/gpio/libdrivers__gpio.a(gpio_stm32.c.obj)
 .debug_aranges
                0x00000000000008c0       0x50 zephyr/drivers/serial/libdrivers__serial.a(uart_stm32.c.obj)
 .debug_aranges
                0x0000000000000910       0x30 zephyr/kernel/libkernel.a(device.c.obj)
 .debug_aranges
                0x0000000000000940       0x20 zephyr/kernel/libkernel.a(errno.c.obj)
 .debug_aranges
                0x0000000000000960       0x50 zephyr/kernel/libkernel.a(init.c.obj)
 .debug_aranges
                0x00000000000009b0      0x188 zephyr/kernel/libkernel.a(sched.c.obj)
 .debug_aranges
                0x0000000000000b38       0xc0 zephyr/kernel/libkernel.a(thread.c.obj)
 .debug_aranges
                0x0000000000000bf8       0x80 zephyr/kernel/libkernel.a(timeout.c.obj)
 .debug_aranges
                0x0000000000000c78       0x28 zephyr/kernel/libkernel.a(idle.c.obj)
 .debug_aranges
                0x0000000000000ca0       0x50 zephyr/kernel/libkernel.a(mempool.c.obj)
 .debug_aranges
                0x0000000000000cf0       0x20 zephyr/CMakeFiles/offsets.dir/arch/arm/core/offsets/offsets.c.obj
 .debug_aranges
                0x0000000000000d10       0x20 /opt/zephyr-sdk/arm-zephyr-eabi/bin/../lib/gcc/arm-zephyr-eabi/8.3.0/thumb/v7e-m/nofp/libgcc.a(_udivmoddi4.o)

.debug_pubnames
 *(SORT_BY_ALIGNMENT(.debug_pubnames))

.debug_info     0x0000000000000000    0x2cacf
 *(SORT_BY_ALIGNMENT(.debug_info) SORT_BY_ALIGNMENT(.gnu.linkonce.wi.*))
 .debug_info    0x0000000000000000       0xf2 zephyr/CMakeFiles/zephyr_final.dir/isr_tables.c.obj
 .debug_info    0x00000000000000f2     0x10ec app/libapp.a(main.c.obj)
 .debug_info    0x00000000000011de      0x12c zephyr/libzephyr.a(isr_tables.c.obj)
 .debug_info    0x000000000000130a      0xc78 zephyr/libzephyr.a(fdtable.c.obj)
 .debug_info    0x0000000000001f82     0x1dcd zephyr/libzephyr.a(mempool.c.obj)
 .debug_info    0x0000000000003d4f      0x76f zephyr/libzephyr.a(thread_entry.c.obj)
 .debug_info    0x00000000000044be     0x1196 zephyr/libzephyr.a(printk.c.obj)
 .debug_info    0x0000000000005654       0x38 zephyr/libzephyr.a(configs.c.obj)
 .debug_info    0x000000000000568c      0xdf8 zephyr/libzephyr.a(soc.c.obj)
 .debug_info    0x0000000000006484      0xb0e zephyr/libzephyr.a(uart_console.c.obj)
 .debug_info    0x0000000000006f92     0x177b zephyr/libzephyr.a(exti_stm32.c.obj)
 .debug_info    0x000000000000870d     0x13b2 zephyr/libzephyr.a(clock_stm32_ll_common.c.obj)
 .debug_info    0x0000000000009abf      0xa03 zephyr/libzephyr.a(clock_stm32f2_f4_f7.c.obj)
 .debug_info    0x000000000000a4c2      0xd66 zephyr/libzephyr.a(pinmux_stm32.c.obj)
 .debug_info    0x000000000000b228      0x88e zephyr/libzephyr.a(sys_clock_init.c.obj)
 .debug_info    0x000000000000bab6     0x1548 zephyr/libzephyr.a(cortex_m_systick.c.obj)
 .debug_info    0x000000000000cffe      0x797 zephyr/libzephyr.a(system_stm32f7xx.c.obj)
 .debug_info    0x000000000000d795      0xe56 zephyr/libzephyr.a(stm32f7xx_ll_utils.c.obj)
 .debug_info    0x000000000000e5eb       0x26 zephyr/arch/arch/arm/core/libarch__arm__core.a(exc_exit.S.obj)
 .debug_info    0x000000000000e611      0xf4c zephyr/arch/arch/arm/core/libarch__arm__core.a(irq_init.c.obj)
 .debug_info    0x000000000000f55d      0xc9e zephyr/arch/arch/arm/core/libarch__arm__core.a(swap.c.obj)
 .debug_info    0x00000000000101fb       0x22 zephyr/arch/arch/arm/core/libarch__arm__core.a(swap_helper.S.obj)
 .debug_info    0x000000000001021d     0x193a zephyr/arch/arch/arm/core/libarch__arm__core.a(fault.c.obj)
 .debug_info    0x0000000000011b57     0x1267 zephyr/arch/arch/arm/core/libarch__arm__core.a(irq_manage.c.obj)
 .debug_info    0x0000000000012dbe      0xc0f zephyr/arch/arch/arm/core/libarch__arm__core.a(thread.c.obj)
 .debug_info    0x00000000000139cd       0x22 zephyr/arch/arch/arm/core/libarch__arm__core.a(cpu_idle.S.obj)
 .debug_info    0x00000000000139ef       0x26 zephyr/arch/arch/arm/core/libarch__arm__core.a(fault_s.S.obj)
 .debug_info    0x0000000000013a15     0x1146 zephyr/arch/arch/arm/core/libarch__arm__core.a(fatal.c.obj)
 .debug_info    0x0000000000014b5b      0xb04 zephyr/arch/arch/arm/core/libarch__arm__core.a(sys_fatal_error_handler.c.obj)
 .debug_info    0x000000000001565f      0xd7a zephyr/arch/arch/arm/core/libarch__arm__core.a(thread_abort.c.obj)
 .debug_info    0x00000000000163d9       0x26 zephyr/arch/arch/arm/core/libarch__arm__core.a(isr_wrapper.S.obj)
 .debug_info    0x00000000000163ff       0x26 zephyr/arch/arch/arm/core/cortex_m/libarch__arm__core__cortex_m.a(reset.S.obj)
 .debug_info    0x0000000000016425       0x26 zephyr/arch/arch/arm/core/cortex_m/libarch__arm__core__cortex_m.a(nmi_on_reset.S.obj)
 .debug_info    0x000000000001644b      0xd2d zephyr/arch/arch/arm/core/cortex_m/libarch__arm__core__cortex_m.a(prep_c.c.obj)
 .debug_info    0x0000000000017178      0x661 zephyr/arch/arch/arm/core/cortex_m/libarch__arm__core__cortex_m.a(nmi.c.obj)
 .debug_info    0x00000000000177d9      0x6b8 zephyr/lib/libc/minimal/liblib__libc__minimal.a(string.c.obj)
 .debug_info    0x0000000000017e91      0x699 zephyr/lib/libc/minimal/liblib__libc__minimal.a(stdout_console.c.obj)
 .debug_info    0x000000000001852a      0x7fb zephyr/boards/arm/stm32f769i_disco/libboards__arm__stm32f769i_disco.a(pinmux.c.obj)
 .debug_info    0x0000000000018d25     0x281a zephyr/drivers/gpio/libdrivers__gpio.a(gpio_stm32.c.obj)
 .debug_info    0x000000000001b53f     0x2386 zephyr/drivers/serial/libdrivers__serial.a(uart_stm32.c.obj)
 .debug_info    0x000000000001d8c5      0x87a zephyr/kernel/libkernel.a(device.c.obj)
 .debug_info    0x000000000001e13f      0x8be zephyr/kernel/libkernel.a(errno.c.obj)
 .debug_info    0x000000000001e9fd     0x2226 zephyr/kernel/libkernel.a(init.c.obj)
 .debug_info    0x0000000000020c23     0x48ad zephyr/kernel/libkernel.a(sched.c.obj)
 .debug_info    0x00000000000254d0     0x1f12 zephyr/kernel/libkernel.a(thread.c.obj)
 .debug_info    0x00000000000273e2     0x1aa1 zephyr/kernel/libkernel.a(timeout.c.obj)
 .debug_info    0x0000000000028e83      0xa19 zephyr/kernel/libkernel.a(idle.c.obj)
 .debug_info    0x000000000002989c     0x11d6 zephyr/kernel/libkernel.a(mempool.c.obj)
 .debug_info    0x000000000002aa72      0x89d zephyr/CMakeFiles/offsets.dir/arch/arm/core/offsets/offsets.c.obj
 .debug_info    0x000000000002b30f       0x26 /opt/zephyr-sdk/arm-zephyr-eabi/bin/../lib/gcc/arm-zephyr-eabi/8.3.0/thumb/v7e-m/nofp/libgcc.a(_aeabi_uldivmod.o)
 .debug_info    0x000000000002b335     0x1774 /opt/zephyr-sdk/arm-zephyr-eabi/bin/../lib/gcc/arm-zephyr-eabi/8.3.0/thumb/v7e-m/nofp/libgcc.a(_udivmoddi4.o)
 .debug_info    0x000000000002caa9       0x26 /opt/zephyr-sdk/arm-zephyr-eabi/bin/../lib/gcc/arm-zephyr-eabi/8.3.0/thumb/v7e-m/nofp/libgcc.a(_dvmd_tls.o)

.debug_abbrev   0x0000000000000000     0x8d69
 *(SORT_BY_ALIGNMENT(.debug_abbrev))
 .debug_abbrev  0x0000000000000000       0xc3 zephyr/CMakeFiles/zephyr_final.dir/isr_tables.c.obj
 .debug_abbrev  0x00000000000000c3      0x3c3 app/libapp.a(main.c.obj)
 .debug_abbrev  0x0000000000000486       0xd4 zephyr/libzephyr.a(isr_tables.c.obj)
 .debug_abbrev  0x000000000000055a      0x3ca zephyr/libzephyr.a(fdtable.c.obj)
 .debug_abbrev  0x0000000000000924      0x5ca zephyr/libzephyr.a(mempool.c.obj)
 .debug_abbrev  0x0000000000000eee      0x250 zephyr/libzephyr.a(thread_entry.c.obj)
 .debug_abbrev  0x000000000000113e      0x4f1 zephyr/libzephyr.a(printk.c.obj)
 .debug_abbrev  0x000000000000162f       0x2e zephyr/libzephyr.a(configs.c.obj)
 .debug_abbrev  0x000000000000165d      0x35f zephyr/libzephyr.a(soc.c.obj)
 .debug_abbrev  0x00000000000019bc      0x3a8 zephyr/libzephyr.a(uart_console.c.obj)
 .debug_abbrev  0x0000000000001d64      0x50d zephyr/libzephyr.a(exti_stm32.c.obj)
 .debug_abbrev  0x0000000000002271      0x4b2 zephyr/libzephyr.a(clock_stm32_ll_common.c.obj)
 .debug_abbrev  0x0000000000002723      0x26c zephyr/libzephyr.a(clock_stm32f2_f4_f7.c.obj)
 .debug_abbrev  0x000000000000298f      0x34b zephyr/libzephyr.a(pinmux_stm32.c.obj)
 .debug_abbrev  0x0000000000002cda      0x269 zephyr/libzephyr.a(sys_clock_init.c.obj)
 .debug_abbrev  0x0000000000002f43      0x41b zephyr/libzephyr.a(cortex_m_systick.c.obj)
 .debug_abbrev  0x000000000000335e      0x168 zephyr/libzephyr.a(system_stm32f7xx.c.obj)
 .debug_abbrev  0x00000000000034c6      0x33e zephyr/libzephyr.a(stm32f7xx_ll_utils.c.obj)
 .debug_abbrev  0x0000000000003804       0x14 zephyr/arch/arch/arm/core/libarch__arm__core.a(exc_exit.S.obj)
 .debug_abbrev  0x0000000000003818      0x279 zephyr/arch/arch/arm/core/libarch__arm__core.a(irq_init.c.obj)
 .debug_abbrev  0x0000000000003a91      0x279 zephyr/arch/arch/arm/core/libarch__arm__core.a(swap.c.obj)
 .debug_abbrev  0x0000000000003d0a       0x12 zephyr/arch/arch/arm/core/libarch__arm__core.a(swap_helper.S.obj)
 .debug_abbrev  0x0000000000003d1c      0x45c zephyr/arch/arch/arm/core/libarch__arm__core.a(fault.c.obj)
 .debug_abbrev  0x0000000000004178      0x34c zephyr/arch/arch/arm/core/libarch__arm__core.a(irq_manage.c.obj)
 .debug_abbrev  0x00000000000044c4      0x2c8 zephyr/arch/arch/arm/core/libarch__arm__core.a(thread.c.obj)
 .debug_abbrev  0x000000000000478c       0x12 zephyr/arch/arch/arm/core/libarch__arm__core.a(cpu_idle.S.obj)
 .debug_abbrev  0x000000000000479e       0x14 zephyr/arch/arch/arm/core/libarch__arm__core.a(fault_s.S.obj)
 .debug_abbrev  0x00000000000047b2      0x369 zephyr/arch/arch/arm/core/libarch__arm__core.a(fatal.c.obj)
 .debug_abbrev  0x0000000000004b1b      0x2c2 zephyr/arch/arch/arm/core/libarch__arm__core.a(sys_fatal_error_handler.c.obj)
 .debug_abbrev  0x0000000000004ddd      0x31e zephyr/arch/arch/arm/core/libarch__arm__core.a(thread_abort.c.obj)
 .debug_abbrev  0x00000000000050fb       0x14 zephyr/arch/arch/arm/core/libarch__arm__core.a(isr_wrapper.S.obj)
 .debug_abbrev  0x000000000000510f       0x14 zephyr/arch/arch/arm/core/cortex_m/libarch__arm__core__cortex_m.a(reset.S.obj)
 .debug_abbrev  0x0000000000005123       0x14 zephyr/arch/arch/arm/core/cortex_m/libarch__arm__core__cortex_m.a(nmi_on_reset.S.obj)
 .debug_abbrev  0x0000000000005137      0x26e zephyr/arch/arch/arm/core/cortex_m/libarch__arm__core__cortex_m.a(prep_c.c.obj)
 .debug_abbrev  0x00000000000053a5      0x1b3 zephyr/arch/arch/arm/core/cortex_m/libarch__arm__core__cortex_m.a(nmi.c.obj)
 .debug_abbrev  0x0000000000005558      0x1b1 zephyr/lib/libc/minimal/liblib__libc__minimal.a(string.c.obj)
 .debug_abbrev  0x0000000000005709      0x25e zephyr/lib/libc/minimal/liblib__libc__minimal.a(stdout_console.c.obj)
 .debug_abbrev  0x0000000000005967      0x21f zephyr/boards/arm/stm32f769i_disco/libboards__arm__stm32f769i_disco.a(pinmux.c.obj)
 .debug_abbrev  0x0000000000005b86      0x569 zephyr/drivers/gpio/libdrivers__gpio.a(gpio_stm32.c.obj)
 .debug_abbrev  0x00000000000060ef      0x4ed zephyr/drivers/serial/libdrivers__serial.a(uart_stm32.c.obj)
 .debug_abbrev  0x00000000000065dc      0x2a3 zephyr/kernel/libkernel.a(device.c.obj)
 .debug_abbrev  0x000000000000687f      0x1f4 zephyr/kernel/libkernel.a(errno.c.obj)
 .debug_abbrev  0x0000000000006a73      0x62a zephyr/kernel/libkernel.a(init.c.obj)
 .debug_abbrev  0x000000000000709d      0x678 zephyr/kernel/libkernel.a(sched.c.obj)
 .debug_abbrev  0x0000000000007715      0x602 zephyr/kernel/libkernel.a(thread.c.obj)
 .debug_abbrev  0x0000000000007d17      0x4a1 zephyr/kernel/libkernel.a(timeout.c.obj)
 .debug_abbrev  0x00000000000081b8      0x2f1 zephyr/kernel/libkernel.a(idle.c.obj)
 .debug_abbrev  0x00000000000084a9      0x425 zephyr/kernel/libkernel.a(mempool.c.obj)
 .debug_abbrev  0x00000000000088ce      0x1df zephyr/CMakeFiles/offsets.dir/arch/arm/core/offsets/offsets.c.obj
 .debug_abbrev  0x0000000000008aad       0x14 /opt/zephyr-sdk/arm-zephyr-eabi/bin/../lib/gcc/arm-zephyr-eabi/8.3.0/thumb/v7e-m/nofp/libgcc.a(_aeabi_uldivmod.o)
 .debug_abbrev  0x0000000000008ac1      0x294 /opt/zephyr-sdk/arm-zephyr-eabi/bin/../lib/gcc/arm-zephyr-eabi/8.3.0/thumb/v7e-m/nofp/libgcc.a(_udivmoddi4.o)
 .debug_abbrev  0x0000000000008d55       0x14 /opt/zephyr-sdk/arm-zephyr-eabi/bin/../lib/gcc/arm-zephyr-eabi/8.3.0/thumb/v7e-m/nofp/libgcc.a(_dvmd_tls.o)

.debug_line     0x0000000000000000    0x10a7a
 *(SORT_BY_ALIGNMENT(.debug_line) SORT_BY_ALIGNMENT(.debug_line.*) SORT_BY_ALIGNMENT(.debug_line_end))
 .debug_line    0x0000000000000000       0x80 zephyr/CMakeFiles/zephyr_final.dir/isr_tables.c.obj
 .debug_line    0x0000000000000080      0x48a app/libapp.a(main.c.obj)
 .debug_line    0x000000000000050a       0xa0 zephyr/libzephyr.a(isr_tables.c.obj)
 .debug_line    0x00000000000005aa      0x46b zephyr/libzephyr.a(fdtable.c.obj)
 .debug_line    0x0000000000000a15      0xd8b zephyr/libzephyr.a(mempool.c.obj)
 .debug_line    0x00000000000017a0      0x200 zephyr/libzephyr.a(thread_entry.c.obj)
 .debug_line    0x00000000000019a0      0x815 zephyr/libzephyr.a(printk.c.obj)
 .debug_line    0x00000000000021b5      0x12c zephyr/libzephyr.a(configs.c.obj)
 .debug_line    0x00000000000022e1      0x4db zephyr/libzephyr.a(soc.c.obj)
 .debug_line    0x00000000000027bc      0x2ee zephyr/libzephyr.a(uart_console.c.obj)
 .debug_line    0x0000000000002aaa      0x810 zephyr/libzephyr.a(exti_stm32.c.obj)
 .debug_line    0x00000000000032ba      0x770 zephyr/libzephyr.a(clock_stm32_ll_common.c.obj)
 .debug_line    0x0000000000003a2a      0x398 zephyr/libzephyr.a(clock_stm32f2_f4_f7.c.obj)
 .debug_line    0x0000000000003dc2      0x504 zephyr/libzephyr.a(pinmux_stm32.c.obj)
 .debug_line    0x00000000000042c6      0x21c zephyr/libzephyr.a(sys_clock_init.c.obj)
 .debug_line    0x00000000000044e2      0x78f zephyr/libzephyr.a(cortex_m_systick.c.obj)
 .debug_line    0x0000000000004c71      0x25c zephyr/libzephyr.a(system_stm32f7xx.c.obj)
 .debug_line    0x0000000000004ecd      0x910 zephyr/libzephyr.a(stm32f7xx_ll_utils.c.obj)
 .debug_line    0x00000000000057dd       0x74 zephyr/arch/arch/arm/core/libarch__arm__core.a(exc_exit.S.obj)
 .debug_line    0x0000000000005851      0x356 zephyr/arch/arch/arm/core/libarch__arm__core.a(irq_init.c.obj)
 .debug_line    0x0000000000005ba7      0x3ad zephyr/arch/arch/arm/core/libarch__arm__core.a(swap.c.obj)
 .debug_line    0x0000000000005f54       0xb6 zephyr/arch/arch/arm/core/libarch__arm__core.a(swap_helper.S.obj)
 .debug_line    0x000000000000600a      0x738 zephyr/arch/arch/arm/core/libarch__arm__core.a(fault.c.obj)
 .debug_line    0x0000000000006742      0x49f zephyr/arch/arch/arm/core/libarch__arm__core.a(irq_manage.c.obj)
 .debug_line    0x0000000000006be1      0x431 zephyr/arch/arch/arm/core/libarch__arm__core.a(thread.c.obj)
 .debug_line    0x0000000000007012       0x92 zephyr/arch/arch/arm/core/libarch__arm__core.a(cpu_idle.S.obj)
 .debug_line    0x00000000000070a4       0x72 zephyr/arch/arch/arm/core/libarch__arm__core.a(fault_s.S.obj)
 .debug_line    0x0000000000007116      0x4ac zephyr/arch/arch/arm/core/libarch__arm__core.a(fatal.c.obj)
 .debug_line    0x00000000000075c2      0x414 zephyr/arch/arch/arm/core/libarch__arm__core.a(sys_fatal_error_handler.c.obj)
 .debug_line    0x00000000000079d6      0x40f zephyr/arch/arch/arm/core/libarch__arm__core.a(thread_abort.c.obj)
 .debug_line    0x0000000000007de5       0x7c zephyr/arch/arch/arm/core/libarch__arm__core.a(isr_wrapper.S.obj)
 .debug_line    0x0000000000007e61       0x7a zephyr/arch/arch/arm/core/cortex_m/libarch__arm__core__cortex_m.a(reset.S.obj)
 .debug_line    0x0000000000007edb       0x71 zephyr/arch/arch/arm/core/cortex_m/libarch__arm__core__cortex_m.a(nmi_on_reset.S.obj)
 .debug_line    0x0000000000007f4c      0x395 zephyr/arch/arch/arm/core/cortex_m/libarch__arm__core__cortex_m.a(prep_c.c.obj)
 .debug_line    0x00000000000082e1      0x1f1 zephyr/arch/arch/arm/core/cortex_m/libarch__arm__core__cortex_m.a(nmi.c.obj)
 .debug_line    0x00000000000084d2      0x509 zephyr/lib/libc/minimal/liblib__libc__minimal.a(string.c.obj)
 .debug_line    0x00000000000089db      0x2d2 zephyr/lib/libc/minimal/liblib__libc__minimal.a(stdout_console.c.obj)
 .debug_line    0x0000000000008cad      0x22e zephyr/boards/arm/stm32f769i_disco/libboards__arm__stm32f769i_disco.a(pinmux.c.obj)
 .debug_line    0x0000000000008edb      0xe77 zephyr/drivers/gpio/libdrivers__gpio.a(gpio_stm32.c.obj)
 .debug_line    0x0000000000009d52      0xc2a zephyr/drivers/serial/libdrivers__serial.a(uart_stm32.c.obj)
 .debug_line    0x000000000000a97c      0x2bf zephyr/kernel/libkernel.a(device.c.obj)
 .debug_line    0x000000000000ac3b      0x335 zephyr/kernel/libkernel.a(errno.c.obj)
 .debug_line    0x000000000000af70      0x8ad zephyr/kernel/libkernel.a(init.c.obj)
 .debug_line    0x000000000000b81d     0x21b2 zephyr/kernel/libkernel.a(sched.c.obj)
 .debug_line    0x000000000000d9cf      0xb71 zephyr/kernel/libkernel.a(thread.c.obj)
 .debug_line    0x000000000000e540      0xce9 zephyr/kernel/libkernel.a(timeout.c.obj)
 .debug_line    0x000000000000f229      0x460 zephyr/kernel/libkernel.a(idle.c.obj)
 .debug_line    0x000000000000f689      0x6aa zephyr/kernel/libkernel.a(mempool.c.obj)
 .debug_line    0x000000000000fd33      0x387 zephyr/CMakeFiles/offsets.dir/arch/arm/core/offsets/offsets.c.obj
 .debug_line    0x00000000000100ba       0xb7 /opt/zephyr-sdk/arm-zephyr-eabi/bin/../lib/gcc/arm-zephyr-eabi/8.3.0/thumb/v7e-m/nofp/libgcc.a(_aeabi_uldivmod.o)
 .debug_line    0x0000000000010171      0x852 /opt/zephyr-sdk/arm-zephyr-eabi/bin/../lib/gcc/arm-zephyr-eabi/8.3.0/thumb/v7e-m/nofp/libgcc.a(_udivmoddi4.o)
 .debug_line    0x00000000000109c3       0xb7 /opt/zephyr-sdk/arm-zephyr-eabi/bin/../lib/gcc/arm-zephyr-eabi/8.3.0/thumb/v7e-m/nofp/libgcc.a(_dvmd_tls.o)

.debug_frame    0x0000000000000000     0x1b2c
 *(SORT_BY_ALIGNMENT(.debug_frame))
 .debug_frame   0x0000000000000000       0x50 app/libapp.a(main.c.obj)
 .debug_frame   0x0000000000000050       0xb4 zephyr/libzephyr.a(fdtable.c.obj)
 .debug_frame   0x0000000000000104      0x174 zephyr/libzephyr.a(mempool.c.obj)
 .debug_frame   0x0000000000000278       0x28 zephyr/libzephyr.a(thread_entry.c.obj)
 .debug_frame   0x00000000000002a0      0x19c zephyr/libzephyr.a(printk.c.obj)
 .debug_frame   0x000000000000043c       0x20 zephyr/libzephyr.a(configs.c.obj)
 .debug_frame   0x000000000000045c       0x30 zephyr/libzephyr.a(soc.c.obj)
 .debug_frame   0x000000000000048c       0x60 zephyr/libzephyr.a(uart_console.c.obj)
 .debug_frame   0x00000000000004ec      0x178 zephyr/libzephyr.a(exti_stm32.c.obj)
 .debug_frame   0x0000000000000664       0x6c zephyr/libzephyr.a(clock_stm32_ll_common.c.obj)
 .debug_frame   0x00000000000006d0       0x48 zephyr/libzephyr.a(clock_stm32f2_f4_f7.c.obj)
 .debug_frame   0x0000000000000718       0x50 zephyr/libzephyr.a(pinmux_stm32.c.obj)
 .debug_frame   0x0000000000000768       0x70 zephyr/libzephyr.a(sys_clock_init.c.obj)
 .debug_frame   0x00000000000007d8       0xc4 zephyr/libzephyr.a(cortex_m_systick.c.obj)
 .debug_frame   0x000000000000089c       0x38 zephyr/libzephyr.a(system_stm32f7xx.c.obj)
 .debug_frame   0x00000000000008d4       0xe0 zephyr/libzephyr.a(stm32f7xx_ll_utils.c.obj)
 .debug_frame   0x00000000000009b4       0x20 zephyr/arch/arch/arm/core/libarch__arm__core.a(irq_init.c.obj)
 .debug_frame   0x00000000000009d4       0x20 zephyr/arch/arch/arm/core/libarch__arm__core.a(swap.c.obj)
 .debug_frame   0x00000000000009f4       0x98 zephyr/arch/arch/arm/core/libarch__arm__core.a(fault.c.obj)
 .debug_frame   0x0000000000000a8c       0x70 zephyr/arch/arch/arm/core/libarch__arm__core.a(irq_manage.c.obj)
 .debug_frame   0x0000000000000afc       0x2c zephyr/arch/arch/arm/core/libarch__arm__core.a(thread.c.obj)
 .debug_frame   0x0000000000000b28       0x60 zephyr/arch/arch/arm/core/libarch__arm__core.a(fatal.c.obj)
 .debug_frame   0x0000000000000b88       0x2c zephyr/arch/arch/arm/core/libarch__arm__core.a(sys_fatal_error_handler.c.obj)
 .debug_frame   0x0000000000000bb4       0x34 zephyr/arch/arch/arm/core/libarch__arm__core.a(thread_abort.c.obj)
 .debug_frame   0x0000000000000be8       0x28 zephyr/arch/arch/arm/core/cortex_m/libarch__arm__core__cortex_m.a(prep_c.c.obj)
 .debug_frame   0x0000000000000c10       0x2c zephyr/arch/arch/arm/core/cortex_m/libarch__arm__core__cortex_m.a(nmi.c.obj)
 .debug_frame   0x0000000000000c3c      0x158 zephyr/lib/libc/minimal/liblib__libc__minimal.a(string.c.obj)
 .debug_frame   0x0000000000000d94       0xb8 zephyr/lib/libc/minimal/liblib__libc__minimal.a(stdout_console.c.obj)
 .debug_frame   0x0000000000000e4c       0x28 zephyr/boards/arm/stm32f769i_disco/libboards__arm__stm32f769i_disco.a(pinmux.c.obj)
 .debug_frame   0x0000000000000e74      0x12c zephyr/drivers/gpio/libdrivers__gpio.a(gpio_stm32.c.obj)
 .debug_frame   0x0000000000000fa0       0xb0 zephyr/drivers/serial/libdrivers__serial.a(uart_stm32.c.obj)
 .debug_frame   0x0000000000001050       0x68 zephyr/kernel/libkernel.a(device.c.obj)
 .debug_frame   0x00000000000010b8       0x20 zephyr/kernel/libkernel.a(errno.c.obj)
 .debug_frame   0x00000000000010d8       0xb0 zephyr/kernel/libkernel.a(init.c.obj)
 .debug_frame   0x0000000000001188      0x4b0 zephyr/kernel/libkernel.a(sched.c.obj)
 .debug_frame   0x0000000000001638      0x208 zephyr/kernel/libkernel.a(thread.c.obj)
 .debug_frame   0x0000000000001840      0x15c zephyr/kernel/libkernel.a(timeout.c.obj)
 .debug_frame   0x000000000000199c       0x38 zephyr/kernel/libkernel.a(idle.c.obj)
 .debug_frame   0x00000000000019d4       0xd4 zephyr/kernel/libkernel.a(mempool.c.obj)
 .debug_frame   0x0000000000001aa8       0x20 zephyr/CMakeFiles/offsets.dir/arch/arm/core/offsets/offsets.c.obj
 .debug_frame   0x0000000000001ac8       0x2c /opt/zephyr-sdk/arm-zephyr-eabi/bin/../lib/gcc/arm-zephyr-eabi/8.3.0/thumb/v7e-m/nofp/libgcc.a(_aeabi_uldivmod.o)
 .debug_frame   0x0000000000001af4       0x38 /opt/zephyr-sdk/arm-zephyr-eabi/bin/../lib/gcc/arm-zephyr-eabi/8.3.0/thumb/v7e-m/nofp/libgcc.a(_udivmoddi4.o)

.debug_str      0x0000000000000000     0x7562
 *(SORT_BY_ALIGNMENT(.debug_str))
 .debug_str     0x0000000000000000      0x1d7 zephyr/CMakeFiles/zephyr_final.dir/isr_tables.c.obj
                                        0x20b (size before relaxing)
 .debug_str     0x00000000000001d7      0x547 app/libapp.a(main.c.obj)
                                        0x89d (size before relaxing)
 .debug_str     0x000000000000071e       0x58 zephyr/libzephyr.a(isr_tables.c.obj)
                                        0x256 (size before relaxing)
 .debug_str     0x0000000000000776      0x172 zephyr/libzephyr.a(fdtable.c.obj)
                                        0x76a (size before relaxing)
 .debug_str     0x00000000000008e8      0x3b4 zephyr/libzephyr.a(mempool.c.obj)
                                        0x94a (size before relaxing)
 .debug_str     0x0000000000000c9c       0x84 zephyr/libzephyr.a(thread_entry.c.obj)
                                        0x541 (size before relaxing)
 .debug_str     0x0000000000000d20      0x246 zephyr/libzephyr.a(printk.c.obj)
                                        0x888 (size before relaxing)
 .debug_str     0x0000000000000f66       0x2f zephyr/libzephyr.a(configs.c.obj)
                                        0x16b (size before relaxing)
 .debug_str     0x0000000000000f95      0x21e zephyr/libzephyr.a(soc.c.obj)
                                        0x810 (size before relaxing)
 .debug_str     0x00000000000011b3      0x127 zephyr/libzephyr.a(uart_console.c.obj)
                                        0x7c0 (size before relaxing)
 .debug_str     0x00000000000012da      0xbe9 zephyr/libzephyr.a(exti_stm32.c.obj)
                                       0x11da (size before relaxing)
 .debug_str     0x0000000000001ec3      0x632 zephyr/libzephyr.a(clock_stm32_ll_common.c.obj)
                                        0xd9c (size before relaxing)
 .debug_str     0x00000000000024f5       0x4f zephyr/libzephyr.a(clock_stm32f2_f4_f7.c.obj)
                                        0x77e (size before relaxing)
 .debug_str     0x0000000000002544       0xd4 zephyr/libzephyr.a(pinmux_stm32.c.obj)
                                        0x879 (size before relaxing)
 .debug_str     0x0000000000002618      0x10e zephyr/libzephyr.a(sys_clock_init.c.obj)
                                        0x715 (size before relaxing)
 .debug_str     0x0000000000002726      0x142 zephyr/libzephyr.a(cortex_m_systick.c.obj)
                                        0xf74 (size before relaxing)
 .debug_str     0x0000000000002868       0x8d zephyr/libzephyr.a(system_stm32f7xx.c.obj)
                                        0x556 (size before relaxing)
 .debug_str     0x00000000000028f5      0x364 zephyr/libzephyr.a(stm32f7xx_ll_utils.c.obj)
                                        0x864 (size before relaxing)
 .debug_str     0x0000000000002c59       0x40 zephyr/arch/arch/arm/core/libarch__arm__core.a(exc_exit.S.obj)
                                         0x76 (size before relaxing)
 .debug_str     0x0000000000002c99       0x41 zephyr/arch/arch/arm/core/libarch__arm__core.a(irq_init.c.obj)
                                        0xdc1 (size before relaxing)
 .debug_str     0x0000000000002cda       0x45 zephyr/arch/arch/arm/core/libarch__arm__core.a(swap.c.obj)
                                        0x7cd (size before relaxing)
 .debug_str     0x0000000000002d1f       0x37 zephyr/arch/arch/arm/core/libarch__arm__core.a(swap_helper.S.obj)
                                         0x79 (size before relaxing)
 .debug_str     0x0000000000002d56      0x2de zephyr/arch/arch/arm/core/libarch__arm__core.a(fault.c.obj)
                                        0xb15 (size before relaxing)
 .debug_str     0x0000000000003034       0xb5 zephyr/arch/arch/arm/core/libarch__arm__core.a(irq_manage.c.obj)
                                        0xf0d (size before relaxing)
 .debug_str     0x00000000000030e9       0xf4 zephyr/arch/arch/arm/core/libarch__arm__core.a(thread.c.obj)
                                        0x75f (size before relaxing)
 .debug_str     0x00000000000031dd       0x34 zephyr/arch/arch/arm/core/libarch__arm__core.a(cpu_idle.S.obj)
                                         0x76 (size before relaxing)
 .debug_str     0x0000000000003211       0x33 zephyr/arch/arch/arm/core/libarch__arm__core.a(fault_s.S.obj)
                                         0x75 (size before relaxing)
 .debug_str     0x0000000000003244       0xa1 zephyr/arch/arch/arm/core/libarch__arm__core.a(fatal.c.obj)
                                        0x9b6 (size before relaxing)
 .debug_str     0x00000000000032e5       0x7c zephyr/arch/arch/arm/core/libarch__arm__core.a(sys_fatal_error_handler.c.obj)
                                        0x71f (size before relaxing)
 .debug_str     0x0000000000003361       0x72 zephyr/arch/arch/arm/core/libarch__arm__core.a(thread_abort.c.obj)
                                        0x81d (size before relaxing)
 .debug_str     0x00000000000033d3       0x37 zephyr/arch/arch/arm/core/libarch__arm__core.a(isr_wrapper.S.obj)
                                         0x79 (size before relaxing)
 .debug_str     0x000000000000340a       0x3a zephyr/arch/arch/arm/core/cortex_m/libarch__arm__core__cortex_m.a(reset.S.obj)
                                         0x7c (size before relaxing)
 .debug_str     0x0000000000003444       0x41 zephyr/arch/arch/arm/core/cortex_m/libarch__arm__core__cortex_m.a(nmi_on_reset.S.obj)
                                         0x83 (size before relaxing)
 .debug_str     0x0000000000003485      0x28b zephyr/arch/arch/arm/core/cortex_m/libarch__arm__core__cortex_m.a(prep_c.c.obj)
                                        0x989 (size before relaxing)
 .debug_str     0x0000000000003710       0x4e zephyr/arch/arch/arm/core/cortex_m/libarch__arm__core__cortex_m.a(nmi.c.obj)
                                        0x4f2 (size before relaxing)
 .debug_str     0x000000000000375e       0xe8 zephyr/lib/libc/minimal/liblib__libc__minimal.a(string.c.obj)
                                        0x2cf (size before relaxing)
 .debug_str     0x0000000000003846       0xaf zephyr/lib/libc/minimal/liblib__libc__minimal.a(stdout_console.c.obj)
                                        0x2db (size before relaxing)
 .debug_str     0x00000000000038f5       0x9c zephyr/boards/arm/stm32f769i_disco/libboards__arm__stm32f769i_disco.a(pinmux.c.obj)
                                        0x6c6 (size before relaxing)
 .debug_str     0x0000000000003991      0x78f zephyr/drivers/gpio/libdrivers__gpio.a(gpio_stm32.c.obj)
                                       0x1136 (size before relaxing)
 .debug_str     0x0000000000004120      0x8de zephyr/drivers/serial/libdrivers__serial.a(uart_stm32.c.obj)
                                       0x1141 (size before relaxing)
 .debug_str     0x00000000000049fe      0x136 zephyr/kernel/libkernel.a(device.c.obj)
                                        0x645 (size before relaxing)
 .debug_str     0x0000000000004b34       0x2a zephyr/kernel/libkernel.a(errno.c.obj)
                                        0x66e (size before relaxing)
 .debug_str     0x0000000000004b5e      0x30f zephyr/kernel/libkernel.a(init.c.obj)
                                       0x1763 (size before relaxing)
 .debug_str     0x0000000000004e6d      0x778 zephyr/kernel/libkernel.a(sched.c.obj)
                                       0x1125 (size before relaxing)
 .debug_str     0x00000000000055e5      0x2f9 zephyr/kernel/libkernel.a(thread.c.obj)
                                        0xe4e (size before relaxing)
 .debug_str     0x00000000000058de       0xf9 zephyr/kernel/libkernel.a(timeout.c.obj)
                                        0x905 (size before relaxing)
 .debug_str     0x00000000000059d7       0x76 zephyr/kernel/libkernel.a(idle.c.obj)
                                        0x71c (size before relaxing)
 .debug_str     0x0000000000005a4d      0x184 zephyr/kernel/libkernel.a(mempool.c.obj)
                                        0x952 (size before relaxing)
 .debug_str     0x0000000000005bd1       0x4a zephyr/CMakeFiles/offsets.dir/arch/arm/core/offsets/offsets.c.obj
                                        0x671 (size before relaxing)
 .debug_str     0x0000000000005c1b      0x125 /opt/zephyr-sdk/arm-zephyr-eabi/bin/../lib/gcc/arm-zephyr-eabi/8.3.0/thumb/v7e-m/nofp/libgcc.a(_aeabi_uldivmod.o)
                                        0x131 (size before relaxing)
 .debug_str     0x0000000000005d40     0x179b /opt/zephyr-sdk/arm-zephyr-eabi/bin/../lib/gcc/arm-zephyr-eabi/8.3.0/thumb/v7e-m/nofp/libgcc.a(_udivmoddi4.o)
                                       0x1947 (size before relaxing)
 .debug_str     0x00000000000074db       0x87 /opt/zephyr-sdk/arm-zephyr-eabi/bin/../lib/gcc/arm-zephyr-eabi/8.3.0/thumb/v7e-m/nofp/libgcc.a(_dvmd_tls.o)
                                        0x135 (size before relaxing)

.debug_loc      0x0000000000000000     0xd6e2
 *(SORT_BY_ALIGNMENT(.debug_loc))